This is LuaHBTeX, Version 1.24.0 (MiKTeX 26.1) (format=lualatex 2026.2.19)  20 FEB 2026 10:24
 system commands enabled.
 file:line:error style messages enabled.
**c:/Users/leoth/cloud.flcorp.fr/ProjetsGithub/FLCorpTeX3RClasseStyle/test
(c:/Users/leoth/cloud.flcorp.fr/ProjetsGithub/FLCorpTeX3RClasseStyle/test.tex
LaTeX2e <2025-11-01>
L3 programming layer <2026-01-19>
Lua module: luaotfload 2024-12-03 v3.29 Lua based OpenType font support
Lua module: lualibs 2023-07-13 v2.76 ConTeXt Lua standard libraries.
Lua module: lualibs-extended 2023-07-13 v2.76 ConTeXt Lua libraries -- extended 
collection.
luaotfload | conf : Root cache directory is "C:/Users/leoth/AppData/Local/MiKTeX
/luatex-cache/generic/names".
luaotfload | init : Loading fontloader "fontloader-2023-12-28.lua" from kpse-res
olved path "C:/Users/leoth/AppData/Local/Programs/MiKTeX/tex/luatex/luaotfload/f
ontloader-2023-12-28.lua".
Lua-only attribute luaotfload@noligature = 1
luaotfload | init : Context OpenType loader version 3.134
Inserting `luaotfload.node_processor' in `pre_linebreak_filter'.
Inserting `luaotfload.node_processor' in `hpack_filter'.
Inserting `luaotfload.glyph_stream' in `glyph_stream_provider'.
Inserting `luaotfload.define_font' in `define_font'.
Lua-only attribute luaotfload_color_attribute = 2
luaotfload | conf : Root cache directory is "C:/Users/leoth/AppData/Local/MiKTeX
/luatex-cache/generic/names".
Inserting `luaotfload.harf.strip_prefix' in `find_opentype_file'.
Inserting `luaotfload.harf.strip_prefix' in `find_truetype_file'.
Removing  `luaotfload.glyph_stream' from `glyph_stream_provider'.
Inserting `luaotfload.harf.glyphstream' in `glyph_stream_provider'.
Inserting `luaotfload.harf.finalize_vlist' in `post_linebreak_filter'.
Inserting `luaotfload.harf.finalize_hlist' in `hpack_filter'.
Inserting `luaotfload.cleanup_files' in `wrapup_run'.
Inserting `luaotfload.harf.finalize_unicode' in `finish_pdffile'.
Inserting `luaotfload.glyphinfo' in `glyph_info'.
Lua-only attribute luaotfload.letterspace_done = 3
Inserting `luaotfload.aux.set_sscale_dimens' in `luaotfload.patch_font'.
Inserting `luaotfload.aux.set_font_index' in `luaotfload.patch_font'.
Inserting `luaotfload.aux.patch_cambria_domh' in `luaotfload.patch_font'.
Inserting `luaotfload.aux.fixup_fontdata' in `luaotfload.patch_font_unsafe'.
Inserting `luaotfload.aux.set_capheight' in `luaotfload.patch_font'.
Inserting `luaotfload.aux.set_xheight' in `luaotfload.patch_font'.
Inserting `luaotfload.rewrite_fontname' in `luaotfload.patch_font'.
Inserting `tracingstacklevels' in `input_level_string'.
(C:/Users/leoth/cloud.flcorp.fr/ProjetsGithub/FLCorpTeX3RClasseStyle/tex/lualat
ex/tex3R/classe-tex3R.cls
Document Class: classe-tex3R 12/02/2024 - Version 3.3.0 de la classe-tex3R

(C:/Users/leoth/AppData/Local/Programs/MiKTeX/tex/latex/koma-script/scrartcl.cl
s
Document Class: scrartcl 2026/02/02 v3.49.2 KOMA-Script document class (article
)

(C:/Users/leoth/AppData/Local/Programs/MiKTeX/tex/latex/koma-script/scrkbase.st
y
Package: scrkbase 2026/02/02 v3.49.2 KOMA-Script package (KOMA-Script-dependent
 basics and keyval usage)

(C:/Users/leoth/AppData/Local/Programs/MiKTeX/tex/latex/koma-script/scrbase.sty
Package: scrbase 2026/02/02 v3.49.2 KOMA-Script package (KOMA-Script-independen
t basics and keyval usage)

(C:/Users/leoth/AppData/Local/Programs/MiKTeX/tex/latex/koma-script/scrlfile.st
y
Package: scrlfile 2026/02/02 v3.49.2 KOMA-Script package (file load hooks)

(C:/Users/leoth/AppData/Local/Programs/MiKTeX/tex/latex/koma-script/scrlfile-ho
ok.sty
Package: scrlfile-hook 2026/02/02 v3.49.2 KOMA-Script package (using LaTeX hook
s)

(C:/Users/leoth/AppData/Local/Programs/MiKTeX/tex/latex/koma-script/scrlogo.sty
Package: scrlogo 2026/02/02 v3.49.2 KOMA-Script package (logo)
))) (C:/Users/leoth/AppData/Local/Programs/MiKTeX/tex/latex/graphics/keyval.sty
Package: keyval 2022/05/29 v1.15 key=value parser (DPC)
\KV@toks@=\toks17
)
Applying: [2021/05/01] Usage of raw or classic option list on input line 254.
Already applied: [0000/00/00] Usage of raw or classic option list on input line
 370.
))
(C:/Users/leoth/AppData/Local/Programs/MiKTeX/tex/latex/koma-script/tocbasic.st
y
Package: tocbasic 2026/02/02 v3.49.2 KOMA-Script package (handling toc-files)
\scr@dte@tocline@numberwidth=\skip49
\scr@dte@tocline@numbox=\box53
)
Package tocbasic Info: omitting babel extension for `toc'
(tocbasic)             because of feature `nobabel' available
(tocbasic)             for `toc' on input line 141.
Class scrartcl Info: File `scrsize11pt.clo' used instead of
(scrartcl)           file `scrsize11.clo' to setup font sizes on input line 248
9.

(C:/Users/leoth/AppData/Local/Programs/MiKTeX/tex/latex/koma-script/scrsize11pt
.clo
File: scrsize11pt.clo 2026/02/02 v3.49.2 KOMA-Script font size class option (11
pt)
luaotfload | db : Font names database loaded from C:/Users/leoth/AppData/Local/M
iKTeX/luatex-cache/generic/names/luaotfload-names.luc.gz)
(C:/Users/leoth/AppData/Local/Programs/MiKTeX/tex/latex/koma-script/typearea.st
y
Package: typearea 2026/02/02 v3.49.2 KOMA-Script package (type area)
\ta@bcor=\skip50
\ta@div=\count273
\ta@hblk=\skip51
\ta@vblk=\skip52
\ta@temp=\skip53
\footheight=\skip54
Package typearea Info: These are the values describing the layout:
(typearea)             DIV  = 10
(typearea)             BCOR = 0.0pt
(typearea)             \paperwidth      = 597.50793pt
(typearea)              \textwidth      = 418.25555pt
(typearea)              DIV departure   = -6%
(typearea)              \evensidemargin = 17.3562pt
(typearea)              \oddsidemargin  = 17.3562pt
(typearea)             \paperheight     = 845.04694pt
(typearea)              \textheight     = 595.80026pt
(typearea)              \topmargin      = -25.16531pt
(typearea)              \headheight     = 17.0pt
(typearea)              \headsep        = 20.40001pt
(typearea)              \topskip        = 11.0pt
(typearea)              \footskip       = 47.6pt
(typearea)              \baselineskip   = 13.6pt
(typearea)              on input line 1810.
)
\c_scrartcl_cmdhook_cctab=\catcodetable14
\c@part=\count274
\c@section=\count275
\c@subsection=\count276
\c@subsubsection=\count277
\c@paragraph=\count278
\c@subparagraph=\count279
\scr@dte@section@maxnumwidth=\skip55
Class scrartcl Info: using compatibility default `runin=bysign'
(scrartcl)           for `\section on input line 5015.
Class scrartcl Info: using compatibility default `afterindent=bysign'
(scrartcl)           for `\section on input line 5015.
\scr@dte@part@maxnumwidth=\skip56
Class scrartcl Info: using compatibility default `afterindent=false'
(scrartcl)           for `\part on input line 5023.
\scr@dte@subsection@maxnumwidth=\skip57
Class scrartcl Info: using compatibility default `runin=bysign'
(scrartcl)           for `\subsection on input line 5033.
Class scrartcl Info: using compatibility default `afterindent=bysign'
(scrartcl)           for `\subsection on input line 5033.
\scr@dte@subsubsection@maxnumwidth=\skip58
Class scrartcl Info: using compatibility default `runin=bysign'
(scrartcl)           for `\subsubsection on input line 5043.
Class scrartcl Info: using compatibility default `afterindent=bysign'
(scrartcl)           for `\subsubsection on input line 5043.
\scr@dte@paragraph@maxnumwidth=\skip59
Class scrartcl Info: using compatibility default `runin=bysign'
(scrartcl)           for `\paragraph on input line 5054.
Class scrartcl Info: using compatibility default `afterindent=bysign'
(scrartcl)           for `\paragraph on input line 5054.
\scr@dte@subparagraph@maxnumwidth=\skip60
Class scrartcl Info: using compatibility default `runin=bysign'
(scrartcl)           for `\subparagraph on input line 5064.
Class scrartcl Info: using compatibility default `afterindent=bysign'
(scrartcl)           for `\subparagraph on input line 5064.
\abovecaptionskip=\skip61
\belowcaptionskip=\skip62
\c@pti@nb@sid@b@x=\box54
Package tocbasic Info: omitting babel extension for `lof'
(tocbasic)             because of feature `nobabel' available
(tocbasic)             for `lof' on input line 6287.
\scr@dte@figure@maxnumwidth=\skip63
\c@figure=\count280
Package tocbasic Info: omitting babel extension for `lot'
(tocbasic)             because of feature `nobabel' available
(tocbasic)             for `lot' on input line 6299.
\scr@dte@table@maxnumwidth=\skip64
\c@table=\count281
Class scrartcl Info: Redefining `\numberline' on input line 6469.
\bibindent=\dimen147
) (C:/Users/leoth/AppData/Local/Programs/MiKTeX/tex/generic/iftex/iftex.sty
Package: iftex 2024/12/12 v1.0g TeX engine tests
)
(C:/Users/leoth/AppData/Local/Programs/MiKTeX/tex/lualatex/luacode/luacode.sty
Package: luacode 2012/01/23 v1.2a lua-in-tex helpers (mpg)

(C:/Users/leoth/AppData/Local/Programs/MiKTeX/tex/generic/iftex/ifluatex.sty
Package: ifluatex 2019/10/25 v1.5 ifluatex legacy package. Use iftex instead.
)
(C:/Users/leoth/AppData/Local/Programs/MiKTeX/tex/luatex/luatexbase/luatexbase.
sty
Package: luatexbase 2015/10/04 v1.3 luatexbase interface to LuaTeX 

(C:/Users/leoth/AppData/Local/Programs/MiKTeX/tex/luatex/ctablestack/ctablestac
k.sty
Package: ctablestack 2015/10/01 v1.0 Catcode table stable support
\@catcodetablestackcnt=\count282
)
\CatcodeTableOther=\catcodetable15
\CatcodeTableExpl=\catcodetable16
)
\luacode@lines=\toks18
\luacode@table@soft=\catcodetable17
)
(C:/Users/leoth/AppData/Local/Programs/MiKTeX/tex/latex/geometry/geometry.sty
Package: geometry 2020/01/02 v5.9 Page Geometry

(C:/Users/leoth/AppData/Local/Programs/MiKTeX/tex/generic/iftex/ifvtex.sty
Package: ifvtex 2019/10/25 v1.7 ifvtex legacy package. Use iftex instead.
)
\Gm@cnth=\count283
\Gm@cntv=\count284
\c@Gm@tempcnt=\count285
\Gm@bindingoffset=\dimen148
\Gm@wd@mp=\dimen149
\Gm@odd@mp=\dimen150
\Gm@even@mp=\dimen151
\Gm@layoutwidth=\dimen152
\Gm@layoutheight=\dimen153
\Gm@layouthoffset=\dimen154
\Gm@layoutvoffset=\dimen155
\Gm@dimlist=\toks19

(C:/Users/leoth/AppData/Local/Programs/MiKTeX/tex/latex/geometry/geometry.cfg)) (C:/Users/leoth/AppData/Local/Programs/MiKTeX/tex/latex/silence/silence.sty
Package: silence 2012/07/02 v1.5b Selective filtering of warnings and error mes
sages
\sl@Save=\count286
\sl@StateNumber=\count287
\sl@MessageCount=\count288
\sl@Casualties=\count289
\sl@Filter=\toks20
\sl@Message=\toks21
\sl@UnexpandedMessage=\toks22
\sl@Mess@ge=\toks23
\sl@WarningCount=\count290
\sl@WarningNumber=\count291
\sl@WarningCasualties=\count292
\sl@TempBOW=\toks24
\sl@BankOfWarnings=\toks25
LaTeX Info: Redefining \GenericWarning on input line 433.
\sl@ErrorCount=\count293
\sl@ErrorNumber=\count294
\sl@ErrorCasualties=\count295
\sl@TempBOE=\toks26
\sl@BankOfErrors=\toks27
LaTeX Info: Redefining \GenericError on input line 601.
)
(C:/Users/leoth/AppData/Local/Programs/MiKTeX/tex/latex/numprint/numprint.sty
Package: numprint 2012/08/20 v1.39 Print numbers (HH)

(C:/Users/leoth/AppData/Local/Programs/MiKTeX/tex/latex/tools/array.sty
Package: array 2025/09/25 v2.6n Tabular extension package (FMi)
\col@sep=\dimen156
\ar@mcellbox=\box55
\extrarowheight=\dimen157
\NC@list=\toks28
\extratabsurround=\skip65
\backup@length=\skip66
\ar@cellbox=\box56
)
\c@nprt@mantissa@digitsbefore=\count296
\c@nprt@mantissa@digitsafter=\count297
\c@nprt@exponent@digitsbefore=\count298
\c@nprt@exponent@digitsafter=\count299
\nprt@digitwidth=\skip67
\nprt@sepwidth=\skip68
\nprt@decimalwidth=\skip69
\nprt@blockwidth=\skip70
\nprt@digittoks=\toks29
\nprt@pretoks=\toks30
\nprt@posttoks=\toks31
\nprt@thisdigit=\count300
\nprt@curpos=\count301
\nprt@rndpos=\count302
\c@nprt@digitsfirstblock=\count303
\c@nprt@blockcnt=\count304
\c@nprt@cntprint=\count305

No configuration file `numprint.cfg' found.)
(C:/Users/leoth/AppData/Local/Programs/MiKTeX/tex/latex/pstricks/pstricks.sty
Package: pstricks 2024/02/02 v0.75 LaTeX wrapper for `PSTricks' (RN,HV)

(C:/Users/leoth/AppData/Local/Programs/MiKTeX/tex/latex/xcolor/xcolor.sty
Package: xcolor 2024/09/29 v3.02 LaTeX color extensions (UK)

(C:/Users/leoth/AppData/Local/Programs/MiKTeX/tex/latex/graphics-cfg/color.cfg
File: color.cfg 2016/01/02 v1.6 sample color configuration
)
Package xcolor Info: Driver file: luatex.def on input line 274.

(C:/Users/leoth/AppData/Local/Programs/MiKTeX/tex/latex/graphics-def/luatex.def
File: luatex.def 2025/09/29 v1.2f Graphics/color driver for luatex
)
(C:/Users/leoth/AppData/Local/Programs/MiKTeX/tex/latex/graphics/mathcolor.ltx)
Package xcolor Info: Model `cmy' substituted by `cmy0' on input line 1349.
Package xcolor Info: Model `hsb' substituted by `rgb' on input line 1353.
Package xcolor Info: Model `RGB' extended on input line 1365.
Package xcolor Info: Model `HTML' substituted by `rgb' on input line 1367.
Package xcolor Info: Model `Hsb' substituted by `hsb' on input line 1368.
Package xcolor Info: Model `tHsb' substituted by `hsb' on input line 1369.
Package xcolor Info: Model `HSB' substituted by `hsb' on input line 1370.
Package xcolor Info: Model `Gray' substituted by `gray' on input line 1371.
Package xcolor Info: Model `wave' substituted by `hsb' on input line 1372.
) (C:/Users/leoth/AppData/Local/Programs/MiKTeX/tex/latex/colortbl/colortbl.sty
Package: colortbl 2024/10/29 v1.0k Color table columns (DPC)
\everycr=\toks32
\minrowclearance=\skip71
\rownum=\count306
) (C:/Users/leoth/AppData/Local/Programs/MiKTeX/tex/latex/xcolor/svgnam.def
File: svgnam.def 2024/09/29 v3.02 Predefined colors according to SVG 1.1 (UK)
)
(C:/Users/leoth/AppData/Local/Programs/MiKTeX/tex/generic/xkeyval/pst-xkey.tex
File: pst-xkey.tex 2005/11/25 v1.6 PSTricks specialization of xkeyval (HA)

(C:/Users/leoth/AppData/Local/Programs/MiKTeX/tex/latex/xkeyval/xkeyval.sty
Package: xkeyval 2022/06/16 v2.9 package option processing (HA)

(C:/Users/leoth/AppData/Local/Programs/MiKTeX/tex/generic/xkeyval/xkeyval.tex
(C:/Users/leoth/AppData/Local/Programs/MiKTeX/tex/generic/xkeyval/xkvutils.tex
\XKV@toks=\toks33
\XKV@tempa@toks=\toks34
)
\XKV@depth=\count307
File: xkeyval.tex 2014/12/03 v2.7a key=value parser (HA)
)))
(C:/Users/leoth/AppData/Local/Programs/MiKTeX/tex/generic/pstricks/pstricks.tex
(C:/Users/leoth/AppData/Local/Programs/MiKTeX/tex/generic/pstricks/pst-fp.tex
`pst-fp' v0.06, 2020/11/20 (hv)
\pstFP@xs=\count308
\pstFP@xia=\count309
\pstFP@xib=\count310
\pstFP@xfa=\count311
\pstFP@xfb=\count312
\pstFP@rega=\count313
\pstFP@regb=\count314
\pstFP@regs=\count315
\pstFP@times=\count316
)
(C:/Users/leoth/AppData/Local/Programs/MiKTeX/tex/latex/pgf/utilities/pgffor.st
y
(C:/Users/leoth/AppData/Local/Programs/MiKTeX/tex/latex/pgf/utilities/pgfrcs.st
y
(C:/Users/leoth/AppData/Local/Programs/MiKTeX/tex/generic/pgf/utilities/pgfutil
-common.tex
\pgfutil@everybye=\toks35
\pgfutil@tempdima=\dimen158
\pgfutil@tempdimb=\dimen159
)
(C:/Users/leoth/AppData/Local/Programs/MiKTeX/tex/generic/pgf/utilities/pgfutil
-latex.def
\pgfutil@abb=\box57
)
(C:/Users/leoth/AppData/Local/Programs/MiKTeX/tex/generic/pgf/utilities/pgfrcs.
code.tex
(C:/Users/leoth/AppData/Local/Programs/MiKTeX/tex/generic/pgf/pgf.revision.tex)
Package: pgfrcs 2025-08-29 v3.1.11a (3.1.11a)
))
(C:/Users/leoth/AppData/Local/Programs/MiKTeX/tex/latex/pgf/utilities/pgfkeys.s
ty
(C:/Users/leoth/AppData/Local/Programs/MiKTeX/tex/generic/pgf/utilities/pgfkeys
.code.tex
\pgfkeys@pathtoks=\toks36
\pgfkeys@temptoks=\toks37

(C:/Users/leoth/AppData/Local/Programs/MiKTeX/tex/generic/pgf/utilities/pgfkeys
libraryfiltered.code.tex
\pgfkeys@tmptoks=\toks38
)))
(C:/Users/leoth/AppData/Local/Programs/MiKTeX/tex/latex/pgf/math/pgfmath.sty
(C:/Users/leoth/AppData/Local/Programs/MiKTeX/tex/generic/pgf/math/pgfmath.code
.tex
(C:/Users/leoth/AppData/Local/Programs/MiKTeX/tex/generic/pgf/math/pgfmathutil.
code.tex
\pgf@x=\dimen160
\pgf@xa=\dimen161
\pgf@xb=\dimen162
\pgf@xc=\dimen163
\pgf@y=\dimen164
\pgf@ya=\dimen165
\pgf@yb=\dimen166
\pgf@yc=\dimen167
\c@pgf@counta=\count317
\c@pgf@countb=\count318
\c@pgf@countc=\count319
\c@pgf@countd=\count320
)
(C:/Users/leoth/AppData/Local/Programs/MiKTeX/tex/generic/pgf/math/pgfmathparse
r.code.tex
\pgfmath@dimen=\dimen168
\pgfmath@count=\count321
\pgfmath@box=\box58
\pgfmath@toks=\toks39
\pgfmath@stack@operand=\toks40
\pgfmath@stack@operation=\toks41
)
(C:/Users/leoth/AppData/Local/Programs/MiKTeX/tex/generic/pgf/math/pgfmathfunct
ions.code.tex)
(C:/Users/leoth/AppData/Local/Programs/MiKTeX/tex/generic/pgf/math/pgfmathfunct
ions.basic.code.tex)
(C:/Users/leoth/AppData/Local/Programs/MiKTeX/tex/generic/pgf/math/pgfmathfunct
ions.trigonometric.code.tex)
(C:/Users/leoth/AppData/Local/Programs/MiKTeX/tex/generic/pgf/math/pgfmathfunct
ions.random.code.tex)
(C:/Users/leoth/AppData/Local/Programs/MiKTeX/tex/generic/pgf/math/pgfmathfunct
ions.comparison.code.tex)
(C:/Users/leoth/AppData/Local/Programs/MiKTeX/tex/generic/pgf/math/pgfmathfunct
ions.base.code.tex)
(C:/Users/leoth/AppData/Local/Programs/MiKTeX/tex/generic/pgf/math/pgfmathfunct
ions.round.code.tex)
(C:/Users/leoth/AppData/Local/Programs/MiKTeX/tex/generic/pgf/math/pgfmathfunct
ions.misc.code.tex)
(C:/Users/leoth/AppData/Local/Programs/MiKTeX/tex/generic/pgf/math/pgfmathfunct
ions.integerarithmetics.code.tex)
(C:/Users/leoth/AppData/Local/Programs/MiKTeX/tex/generic/pgf/math/pgfmathcalc.
code.tex)
(C:/Users/leoth/AppData/Local/Programs/MiKTeX/tex/generic/pgf/math/pgfmathfloat
.code.tex
\c@pgfmathroundto@lastzeros=\count322
)))
(C:/Users/leoth/AppData/Local/Programs/MiKTeX/tex/generic/pgf/utilities/pgffor.
code.tex
Package: pgffor 2025-08-29 v3.1.11a (3.1.11a)
\pgffor@iter=\dimen169
\pgffor@skip=\dimen170
\pgffor@stack=\toks42
\pgffor@toks=\toks43
))
\psLoopIndex=\count323

`PSTricks' v3.22A  <2025/12/13> (tvz,hv)
\pst@dima=\dimen171
\pst@dimb=\dimen172
\pst@dimc=\dimen173
\pst@dimd=\dimen174
\pst@dimg=\dimen175
\pst@dimh=\dimen176
\pst@dimm=\dimen177
\pst@dimn=\dimen178
\pst@dimo=\dimen179
\pst@dimp=\dimen180
\pst@hbox=\box59
\pst@ibox=\box60
\pst@boxg=\box61
\pst@cnta=\count324
\pst@cntb=\count325
\pst@cntc=\count326
\pst@cntd=\count327
\pst@cntg=\count328
\pst@cnth=\count329
\pst@cntm=\count330
\pst@cntn=\count331
\pst@cnto=\count332
\pst@cntp=\count333
\@zero=\count334
\pst@toks=\toks44
--- We are running lualatex with luapstricks ---
Lua module: luapstricks 2026-01-10 v0.11 PSTricks backend for LuaLaTeX
Lua function luaPST = 31
Lua function luaPSTcolor = 32
Lua function luaPSTbox = 33
(C:/Users/leoth/AppData/Local/Programs/MiKTeX/tex/generic/pstricks/pstricks-col
or.tex)
\psunit=\dimen181
\psxunit=\dimen182
\psyunit=\dimen183
\pst@C@@rType=\count335
\pslinewidth=\dimen184
\psk@startLW=\dimen185
\psk@endLW=\dimen186

(C:/Users/leoth/AppData/Local/Programs/MiKTeX/tex/generic/pstricks/pstricks-arr
ows.tex
\pshooklength=\dimen187
\pshookwidth=\dimen188
)
\pst@customdefs=\toks45

(C:/Users/leoth/AppData/Local/Programs/MiKTeX/tex/generic/pstricks/pstricks-dot
s.tex)
\pslinearc=\dimen189
\pst@symbolStep=\dimen190
\pst@symbolWidth=\dimen191
\pst@symbolLinewidth=\dimen192

(C:/Users/leoth/AppData/Local/Programs/MiKTeX/tex/generic/pstricks/pst-code-gri
d.tex)
(C:/Users/leoth/AppData/Local/Programs/MiKTeX/tex/generic/pstricks/pst-code-box
.tex
\everypsbox=\toks46
\psframesep=\dimen193
)
(C:/Users/leoth/AppData/Local/Programs/MiKTeX/tex/generic/pstricks/pst-code-arc
.tex)
(C:/Users/leoth/AppData/Local/Programs/MiKTeX/tex/generic/pstricks/pst-code-cir
cle_ellipse.tex)
(C:/Users/leoth/AppData/Local/Programs/MiKTeX/tex/generic/pstricks/pst-code-ref
_rot.tex)
(C:/Users/leoth/AppData/Local/Programs/MiKTeX/tex/generic/pstricks/pst-code-put
.tex
\pslabelsep=\dimen194
)
(C:/Users/leoth/AppData/Local/Programs/MiKTeX/tex/generic/pstricks/pst-code-psp
icture.tex
\sh@wgridXunit=\dimen195
\sh@wgridYunit=\dimen196
\pst@shift=\dimen197
\ps@imagectr=\count336
))
File: pstricks.tex 2025/12/13 v3.22A `PSTricks' (tvz,hv)

(C:/Users/leoth/AppData/Local/Programs/MiKTeX/tex/generic/pstricks/pst-fp.tex
`pst-fp' v0.06, 2020/11/20 (hv))
File: pst-fp.tex 2020/11/20 v0.06 `PST-fp' (hv)
)
(C:/Users/leoth/AppData/Local/Programs/MiKTeX/tex/latex/pst-plot/pst-plot.sty
Package: pst-plot 2011/06/05 v1.00 LaTeX wrapper for `pst-plot' (HV)

(C:/Users/leoth/AppData/Local/Programs/MiKTeX/tex/latex/xkeyval/pst-xkey.sty
Package: pst-xkey 2005/11/25 v1.6 package wrapper for pst-xkey.tex (HA)
)
(C:/Users/leoth/AppData/Local/Programs/MiKTeX/tex/latex/multido/multido.sty
Package: multido 2004/05/17 package wrapper for PSTricks `multido.tex', (HV/RN)


(C:/Users/leoth/AppData/Local/Programs/MiKTeX/tex/generic/multido/multido.tex
 v1.42, 2010/05/14 <tvz>
\multido@count=\count337
\multidocount=\count338
\multido@stuff=\toks47
)
File: multido.tex 2010/05/14 v1.42 `multido' (tvz,hv)
)
Package: pst-plot 2021/09/23 package wrapper for pst-plot.tex (hv)

(C:/Users/leoth/AppData/Local/Programs/MiKTeX/tex/generic/pst-plot/pst-plot.tex

(C:/Users/leoth/AppData/Local/Programs/MiKTeX/tex/generic/pst-tools/pst-tools.t
ex `PST-tools' v0.12, 2021/09/23 (hv)
\randomi=\count339
\ranval=\count340
)
(C:/Users/leoth/AppData/Local/Programs/MiKTeX/tex/generic/pstricks-add/pstricks
-add.tex
(C:/Users/leoth/AppData/Local/Programs/MiKTeX/tex/generic/pst-node/pst-node.tex
 v1.44, 2024/07/04
\psrow=\count341
\pscol=\count342
\psmatrixcnt=\count343
\psrowsep=\skip72
\pscolsep=\skip73
\pst@args=\count344
\num@pts=\count345
\pst@argcnt=\count346
)
(C:/Users/leoth/AppData/Local/Programs/MiKTeX/tex/generic/pst-arrow/pst-arrow.t
ex `pst-arrow' v0.05, 2021/11/16 (dr,hv))
(C:/Users/leoth/AppData/Local/Programs/MiKTeX/tex/generic/pst-3d/pst-3d.tex
`PST-3d' v1.11, 2010/02/14 (tvz))
(C:/Users/leoth/AppData/Local/Programs/MiKTeX/tex/generic/pst-math/pst-math.tex
`pst-math' v0.67 , (CJ,hv)) `pstricks-add' v3.94, 2023/04/17 (dr,hv)
\psparallelogramsep=\dimen198
\pst@cntC=\count347
\pst@stepcount=\count348
\chart@ColorIndex=\dimen199
\chart@ColorStep=\dimen256
\pst@chartHeight=\dimen257
\pst@chartStackDepth=\dimen258
\pst@chartStackWidth=\dimen259
\chart@Toggle=\count349
\psVectorCtr=\count350
)
 v1.94, 2022/11/21 (tvz,hv)
\pstRadUnit=\dimen260
\pstRadUnitInv=\dimen261
\pst@linecnt=\count351
\RCD@file=\read2
\psxlabelsep=\dimen262
\psylabelsep=\dimen263
\psk@subticksize=\dimen264
\pst@xticksizeA=\dimen265
\pst@xticksizeB=\dimen266
\pst@xticksizeC=\dimen267
\pst@yticksizeA=\dimen268
\pst@yticksizeB=\dimen269
\pst@yticksizeC=\dimen270
\@digitcounter=\count352
\psk@llx=\dimen271
\psk@lly=\dimen272
\psk@urx=\dimen273
\psk@ury=\dimen274
\pst@xunit=\dimen275
\pst@yunit=\dimen276
)
File: pst-plot.tex 2022/11/21 1.94 `pst-plot' (tvz,hv)
)
(C:/Users/leoth/AppData/Local/Programs/MiKTeX/tex/latex/pst-eucl/pst-eucl.sty
(C:/Users/leoth/AppData/Local/Programs/MiKTeX/tex/latex/pst-node/pst-node.sty
Package: pst-node 2012/09/18 v1.01 LaTeX wrapper for `pst-node' (HV)
Package: pst-node 2010/04/22 package wrapper for pst-node.tex

(C:/Users/leoth/AppData/Local/Programs/MiKTeX/tex/generic/pst-node/pst-node.tex
)
File: pst-node.tex 2022/11/21 1.94 `pst-node' (tvz,hv)
)
(C:/Users/leoth/AppData/Local/Programs/MiKTeX/tex/latex/pst-tools/pst-tools.sty
Package: pst-tools 2012/01/01 package wrapper for pst-tools.tex (hv)

(C:/Users/leoth/AppData/Local/Programs/MiKTeX/tex/generic/pst-tools/pst-tools.t
ex)
File: pst-tools.tex 2022/11/21 v1.94 `PST-tools' (hv)
)
(C:/Users/leoth/AppData/Local/Programs/MiKTeX/tex/latex/pst-calculate/pst-calcu
late.sty
Package: pst-calculate 2019/01/24 v. 0.02(Herbert Voss) Support for caculations
 with floating point numbers.

(C:/Users/leoth/AppData/Local/Programs/MiKTeX/tex/latex/l3packages/xparse/xpars
e.sty
(C:/Users/leoth/AppData/Local/Programs/MiKTeX/tex/latex/l3kernel/expl3.sty
Package: expl3 2026-01-19 L3 programming layer (loader) 

(C:/Users/leoth/AppData/Local/Programs/MiKTeX/tex/latex/l3backend/l3backend-lua
tex.def
File: l3backend-luatex.def 2025-10-09 L3 backend support: PDF output (LuaTeX)
\l__color_backend_stack_int=\count353
Inserting `l3color' in `luaotfload.parse_color'.))
Package: xparse 2025-10-09 L3 Experimental document command parser
)
(C:/Users/leoth/AppData/Local/Programs/MiKTeX/tex/latex/siunitx/siunitx.sty
Package: siunitx 2025-07-09 v3.4.14 A comprehensive (SI) units package
\l__siunitx_number_uncert_offset_int=\count354
\l__siunitx_number_exponent_fixed_int=\count355
\l__siunitx_number_min_decimal_int=\count356
\l__siunitx_number_min_integer_int=\count357
\l__siunitx_number_round_precision_int=\count358
\l__siunitx_number_lower_threshold_int=\count359
\l__siunitx_number_upper_threshold_int=\count360
\l__siunitx_number_group_first_int=\count361
\l__siunitx_number_group_size_int=\count362
\l__siunitx_number_group_minimum_int=\count363
\l__siunitx_angle_tmp_dim=\dimen277
\l__siunitx_angle_marker_box=\box62
\l__siunitx_angle_unit_box=\box63
\l__siunitx_compound_count_int=\count364

(C:/Users/leoth/AppData/Local/Programs/MiKTeX/tex/latex/translations/translatio
ns.sty
Package: translations 2022/02/05 v1.12 internationalization of LaTeX2e packages
 (CN)

(C:/Users/leoth/AppData/Local/Programs/MiKTeX/tex/latex/etoolbox/etoolbox.sty
Package: etoolbox 2025/10/02 v2.5m e-TeX tools for LaTeX (JAW)
\etb@tempcnta=\count365
)
(C:/Users/leoth/AppData/Local/Programs/MiKTeX/tex/generic/pdftexcmds/pdftexcmds
.sty
Package: pdftexcmds 2020-06-27 v0.33 Utility functions of pdfTeX for LuaTeX (HO
)

(C:/Users/leoth/AppData/Local/Programs/MiKTeX/tex/generic/infwarerr/infwarerr.s
ty
Package: infwarerr 2019/12/03 v1.5 Providing info/warning/error messages (HO)
)
(C:/Users/leoth/AppData/Local/Programs/MiKTeX/tex/generic/ltxcmds/ltxcmds.sty
Package: ltxcmds 2023-12-04 v1.26 LaTeX kernel commands for general use (HO)
)
Package pdftexcmds Info: \pdf@primitive is available.
Package pdftexcmds Info: \pdf@ifprimitive is available.
Package pdftexcmds Info: \pdfdraftmode found.
\pdftexcmds@toks=\toks48
)) (C:/Users/leoth/AppData/Local/Programs/MiKTeX/tex/latex/amsmath/amstext.sty
Package: amstext 2024/11/17 v2.01 AMS text

(C:/Users/leoth/AppData/Local/Programs/MiKTeX/tex/latex/amsmath/amsgen.sty
File: amsgen.sty 1999/11/30 v2.0 generic functions
\@emptytoks=\toks49
\ex@=\dimen278
))
\l__siunitx_table_tmp_box=\box64
\l__siunitx_table_tmp_dim=\dimen279
\l__siunitx_table_column_width_dim=\dimen280
\l__siunitx_table_integer_box=\box65
\l__siunitx_table_decimal_box=\box66
\l__siunitx_table_uncert_box=\box67
\l__siunitx_table_before_box=\box68
\l__siunitx_table_after_box=\box69
\l__siunitx_table_before_dim=\dimen281
\l__siunitx_table_carry_dim=\dimen282
\l__siunitx_unit_tmp_int=\count366
\l__siunitx_unit_position_int=\count367
\l__siunitx_unit_total_int=\count368
))
Package: pst-eucl 2020/09/29 package wrapper for PSTricks pst-eucl.tex

(C:/Users/leoth/AppData/Local/Programs/MiKTeX/tex/generic/pst-eucl/pst-eucl.tex

(C:/Users/leoth/AppData/Local/Programs/MiKTeX/tex/generic/pst-arrow/pst-arrow.t
ex) `PST-Euclide v1.77, 2023/04/15 (dr,hv)
\psMarkHashLength=\dimen283
\psMarkHashSep=\dimen284
)
File: pst-eucl.tex 2023/04/15 v1.77 `PST-eucl' (dr,hv)
)
(C:/Users/leoth/AppData/Local/Programs/MiKTeX/tex/latex/adjustbox/adjustbox.sty
Package: adjustbox 2025/02/26 v1.3c Adjusting TeX boxes (trim, clip, ...)
(C:/Users/leoth/AppData/Local/Programs/MiKTeX/tex/latex/adjustbox/adjcalc.sty
Package: adjcalc 2012/05/16 v1.1 Provides advanced setlength with multiple back
-ends (calc, etex, pgfmath)
)
(C:/Users/leoth/AppData/Local/Programs/MiKTeX/tex/latex/adjustbox/trimclip.sty
Package: trimclip 2025/02/21 v1.2a Trim and clip general TeX material

(C:/Users/leoth/AppData/Local/Programs/MiKTeX/tex/latex/graphics/graphicx.sty
Package: graphicx 2024/12/31 v1.2e Enhanced LaTeX Graphics (DPC,SPQR)

(C:/Users/leoth/AppData/Local/Programs/MiKTeX/tex/latex/graphics/graphics.sty
Package: graphics 2024/08/06 v1.4g Standard LaTeX Graphics (DPC,SPQR)

(C:/Users/leoth/AppData/Local/Programs/MiKTeX/tex/latex/graphics/trig.sty
Package: trig 2023/12/02 v1.11 sin cos tan (DPC)
)
(C:/Users/leoth/AppData/Local/Programs/MiKTeX/tex/latex/graphics-cfg/graphics.c
fg
File: graphics.cfg 2016/06/04 v1.11 sample graphics configuration
)
Package graphics Info: Driver file: luatex.def on input line 106.
)
\Gin@req@height=\dimen285
\Gin@req@width=\dimen286
)
(C:/Users/leoth/AppData/Local/Programs/MiKTeX/tex/latex/collectbox/collectbox.s
ty
Package: collectbox 2022/10/17 v0.4c Collect macro arguments as boxes
\collectedbox=\box70
)
\tc@llx=\dimen287
\tc@lly=\dimen288
\tc@urx=\dimen289
\tc@ury=\dimen290
Package trimclip Info: Using driver 'tc-luatex.def'.

(C:/Users/leoth/AppData/Local/Programs/MiKTeX/tex/latex/adjustbox/tc-luatex.def
File: tc-luatex.def 2025/02/26 v1.1 Clipping driver for luatex

(C:/Users/leoth/AppData/Local/Programs/MiKTeX/tex/latex/adjustbox/tc-pdftex.def
File: tc-pdftex.def 2025/02/26 v2.3 Clipping driver for pdftex
)))
\adjbox@Width=\dimen291
\adjbox@Height=\dimen292
\adjbox@Depth=\dimen293
\adjbox@Totalheight=\dimen294
\adjbox@pwidth=\dimen295
\adjbox@pheight=\dimen296
\adjbox@pdepth=\dimen297
\adjbox@ptotalheight=\dimen298

(C:/Users/leoth/AppData/Local/Programs/MiKTeX/tex/latex/ifoddpage/ifoddpage.sty
Package: ifoddpage 2022/10/18 v1.2 Conditionals for odd/even page detection
\c@checkoddpage=\count369
) (C:/Users/leoth/AppData/Local/Programs/MiKTeX/tex/latex/varwidth/varwidth.sty
Package: varwidth 2009/03/30 ver 0.92;  Variable-width minipages
\@vwid@box=\box71
\sift@deathcycles=\count370
\@vwid@loff=\dimen299
\@vwid@roff=\dimen300
)
==> First Aid for varwidth.sty applied!
) (C:/Users/leoth/AppData/Local/Programs/MiKTeX/tex/latex/fontspec/fontspec.sty
Package: fontspec 2025/09/29 v2.9g Font selection for XeLaTeX and LuaLaTeX
Lua module: fontspec 2025/09/29 v2.9g Font selection for XeLaTeX and LuaLaTeX
(C:/Users/leoth/AppData/Local/Programs/MiKTeX/tex/latex/fontspec/fontspec-luate
x.sty
Package: fontspec-luatex 2025/09/29 v2.9g Font selection for XeLaTeX and LuaLaT
eX
\l__fontspec_script_int=\count371
\l__fontspec_language_int=\count372
\l__fontspec_strnum_int=\count373
\l__fontspec_tmp_int=\count374
\l__fontspec_tmpa_int=\count375
\l__fontspec_tmpb_int=\count376
\l__fontspec_tmpc_int=\count377
\l__fontspec_em_int=\count378
\l__fontspec_emdef_int=\count379
\l__fontspec_strong_int=\count380
\l__fontspec_strongdef_int=\count381
\l__fontspec_tmpa_dim=\dimen301
\l__fontspec_tmpb_dim=\dimen302
\l__fontspec_tmpc_dim=\dimen303
 (C:/Users/leoth/AppData/Local/Programs/MiKTeX/tex/latex/base/fontenc.sty
Package: fontenc 2025/07/18 v2.1d Standard LaTeX package
) (C:/Users/leoth/AppData/Local/Programs/MiKTeX/tex/latex/fontspec/fontspec.cfg
)))
(C:/Users/leoth/AppData/Local/Programs/MiKTeX/tex/latex/anyfontsize/anyfontsize
.sty
Package: anyfontsize 2007/11/22 anyfontsize.sty by pts
) (C:/Users/leoth/AppData/Local/Programs/MiKTeX/tex/generic/babel/babel.sty
Package: babel 2026/01/26 v26.2 The multilingual framework for LuaLaTeX, pdfLaT
eX and XeLaTeX
(C:/Users/leoth/AppData/Local/Programs/MiKTeX/tex/generic/babel/luababel.def
\bbl@readstream=\read3
\l@afrikaans=\language2
Package babel Info: Non-standard hyphenation setup on input line 118.
\l@ancientgreek=\language3
\l@armenian=\language4
\l@assamese=\language5
\l@basque=\language6
\l@belarusian=\language7
\l@bengali=\language8
\l@bokmal=\language9
\l@bulgarian=\language10
\l@catalan=\language11
\l@churchslavonic=\language12
\l@classiclatin=\language13
\l@coptic=\language14
\l@croatian=\language15
\l@czech=\language16
\l@danish=\language17
\l@dutch=\language18
\l@esperanto=\language19
\l@estonian=\language20
\l@ethiopic=\language21
\l@finnish=\language22
\l@french=\language23
\l@friulan=\language24
\l@galician=\language25
\l@georgian=\language26
\l@german=\language27
\l@greek=\language28
\l@gujarati=\language29
\l@hindi=\language30
\l@hungarian=\language31
\l@icelandic=\language32
\l@indonesian=\language33
\l@interlingua=\language34
\l@irish=\language35
\l@italian=\language36
\l@kannada=\language37
\l@kurmanji=\language38
\l@latin=\language39
\l@latvian=\language40
\l@lithuanian=\language41
\l@liturgicallatin=\language42
\l@macedonian=\language43
\l@malayalam=\language44
\l@marathi=\language45
\l@mongolian=\language46
\l@mongolianlmc=\language47
\l@monogreek=\language48
\l@ngerman=\language49
\l@nynorsk=\language50
\l@occitan=\language51
\l@oriya=\language52
\l@pali=\language53
\l@panjabi=\language54
\l@piedmontese=\language55
\l@polish=\language56
\l@portuguese=\language57
\l@romanian=\language58
\l@romansh=\language59
\l@russian=\language60
\l@sanskrit=\language61
\l@serbian=\language62
\l@serbianc=\language63
\l@slovak=\language64
\l@slovenian=\language65
\l@spanish=\language66
\l@swedish=\language67
\l@swissgerman=\language68
\l@tamil=\language69
\l@telugu=\language70
\l@thai=\language71
\l@turkish=\language72
\l@turkmen=\language73
\l@ukenglish=\language74
\l@ukrainian=\language75
\l@uppersorbian=\language76
\l@usenglishmax=\language77
\l@welsh=\language78
\babelcatcodetablenum=\catcodetable18
\bbl@pattcodes=\catcodetable19
)
\babel@savecnt=\count382
LaTeX Encoding Info:    Redeclaring text command \ij (encoding OT1) on input li
ne 2078.
LaTeX Encoding Info:    Redeclaring text command \IJ (encoding OT1) on input li
ne 2080.
LaTeX Encoding Info:    Redeclaring text command \ij (encoding T1) on input lin
e 2082.
LaTeX Encoding Info:    Redeclaring text command \IJ (encoding T1) on input lin
e 2083.
LaTeX Encoding Info:    Ignoring declaration for text command \ij (encoding ?) 
on input line 2084.
LaTeX Encoding Info:    Ignoring declaration for text command \IJ (encoding ?) 
on input line 2086.
LaTeX Encoding Info:    Ignoring declaration for text command \SS (encoding ?) 
on input line 2111.
\U@D=\dimen304
\l@unhyphenated=\language79

(C:/Users/leoth/AppData/Local/Programs/MiKTeX/tex/generic/babel/luababel.def
\bbl@attr@locale=\attribute4
)
Package babel Info: Configuration files are deprecated, as
(babel)             they can break document portability.
(babel)             Reported on input line 4206.

*************************************
* Local config file bblopts.cfg used
*
(C:/Users/leoth/AppData/Local/Programs/MiKTeX/tex/latex/arabi/bblopts.cfg
File: bblopts.cfg 2005/09/08 v0.1 add Arabic and Farsi to "declared" options of
 babel
)
(C:/Users/leoth/AppData/Local/Programs/MiKTeX/tex/generic/babel/locale/fr/babel
-french.tex)
Package babel Info: Importing font and identification data for french
(babel)             from babel-fr.ini. Reported on input line 4330.

(C:/Users/leoth/AppData/Local/Programs/MiKTeX/tex/generic/babel-french/french.l
df
Language: french 2025-08-15 v4.0e French support from the babel system
\FB@spacing=\attribute5
\FB@addDPspace=\attribute6
\FB@ucsNBSP=\attribute7
\FBguill@level=\count383
\FBold@everypar=\toks50
\FB@Mht=\dimen305
\mc@charclass=\count384
\mc@charfam=\count385
\mc@charslot=\count386
\std@mcc=\count387
\dec@mcc=\count388
Inserting `frenchb.french_punctuation' in `kerning'.
Inserting `frenchb.euphonic_t' in `pre_linebreak_filter'.
\FB@pardim=\dimen306
\listindentFB=\dimen307
\descindentFB=\dimen308
\labelindentFB=\dimen309
\labelwidthFB=\dimen310
\leftmarginFB=\dimen311
\parindentFFN=\dimen312
\FBfnindent=\dimen313

(C:/Users/leoth/AppData/Local/Programs/MiKTeX/tex/generic/hyph-utf8/loadhyph/lo
adhyph-fr.tex UTF-8 French hyphenation patterns
(C:/Users/leoth/AppData/Local/Programs/MiKTeX/tex/generic/hyph-utf8/patterns/te
x/hyph-fr.tex)
(C:/Users/leoth/AppData/Local/Programs/MiKTeX/tex/generic/hyph-utf8/patterns/qu
ote/hyph-quote-fr.tex))))
(C:/Users/leoth/AppData/Local/Programs/MiKTeX/tex/latex/carlisle/scalefnt.sty)
(C:/Users/leoth/AppData/Local/Programs/MiKTeX/tex/latex/enumitem/enumitem.sty
Package: enumitem 2025/02/06 v3.11 Customized lists
\labelindent=\skip74
\enit@outerparindent=\dimen314
\enit@toks=\toks51
\enit@inbox=\box72
\enit@count@id=\count389
\enitdp@description=\count390
)
(C:/Users/leoth/AppData/Local/Programs/MiKTeX/tex/latex/tasks/tasks.sty
(C:/Users/leoth/AppData/Local/Programs/MiKTeX/tex/latex/l3packages/xtemplate/xt
emplate.sty
Package: xtemplate 2025-10-09 L3 Experimental prototype document functions
)
Package: tasks 2022/01/08 v1.4a lists with columns filled horizontally
\g__tasks_total_items_int=\count391
\l__tasks_columns_int=\count392
\g__tasks_rows_int=\count393
\g__tasks_current_col_num_int=\count394
\g__tasks_current_row_num_int=\count395
\l__tasks_item_columns_int=\count396
\g__tasks_env_int=\count397
\l__tasks_start_int=\count398
\l__tasks_item_indent_dim=\dimen315
\l__tasks_item_default_indent_dim=\dimen316
\l__tasks_item_width_dim=\dimen317
\l__tasks_label_width_dim=\dimen318
\l__tasks_label_default_width_dim=\dimen319
\l__tasks_label_offset_dim=\dimen320
\l__tasks_label_default_offset_dim=\dimen321
\l__tasks_column_sep_dim=\dimen322
\l__tasks_correction_dim=\dimen323
\l__tasks_full_width_dim=\dimen324
\l__tasks_after_item_skip=\skip75
\l__tasks_custom_after_item_skip=\skip76
\l__tasks_before_list_skip=\skip77
\l__tasks_after_list_skip=\skip78
\l__tasks_item_coffin=\box73
\l__tasks_label_coffin=\box74
\c@task=\count399
\l__tasks_tmpa_int=\count400
\l__tasks_tmpb_int=\count401
\l__tasks_tmpa_coffin=\box75
\l__tasks_tmpa_box=\box76

LaTeX template Info: Declaring template type 'tasks' taking 3 argument(s) on
(template)           line 450.


(C:/Users/leoth/AppData/Local/Programs/MiKTeX/tex/latex/tasks/tasks.cfg))
(C:/Users/leoth/AppData/Local/Programs/MiKTeX/tex/latex/fontawesome5/fontawesom
e5.sty
Package: fontawesome5 2022/05/02 v5.15.4 Font Awesome 5

(C:/Users/leoth/AppData/Local/Programs/MiKTeX/tex/latex/l3packages/l3keys2e/l3k
eys2e.sty
Package: l3keys2e 2025-10-09 LaTeX2e option processing using LaTeX3 keys
)
(C:/Users/leoth/AppData/Local/Programs/MiKTeX/tex/latex/fontawesome5/fontawesom
e5-utex-helper.sty
Package: fontawesome5-utex-helper 2022/05/02 v5.15.4 uTeX helper for fontawesom
e5
LaTeX Font Info:    Trying to load font information for TU+fontawesomefree on i
nput line 69.

(C:/Users/leoth/AppData/Local/Programs/MiKTeX/tex/latex/fontawesome5/tufontawes
omefree.fd)
LaTeX Font Info:    Trying to load font information for TU+fontawesomebrands on
 input line 70.

(C:/Users/leoth/AppData/Local/Programs/MiKTeX/tex/latex/fontawesome5/tufontawes
omebrands.fd)))
(C:/Users/leoth/AppData/Local/Programs/MiKTeX/tex/lualatex/lua-ul/lua-ul.sty
Package: lua-ul 2024-02-26 v0.2.1 Underlining and related functionality for Lua
TeX
Lua function luaul.restore_everyhbox = 34
Lua function luaul.new_underline_type = 35
Lua function luaul.set_underline_func = 36
Lua function luaul.reset_underline_func = 37
Module luatexbase Info: Uninstalling kernel luatexbase code on input line 36
Inserting `add underlines to list' in `pre_append_to_vlist_filter'.
Inserting `add underlines to list' in `hpack_filter'.
Inserting `add underlines to list' in `vpack_filter'.
Lua function sw@slant = 38)
(C:/Users/leoth/AppData/Local/Programs/MiKTeX/tex/generic/soul/soul.sty
Package: soul 2023-06-14 v3.1 Permit use of UTF-8 characters in soul (HO)

(C:/Users/leoth/AppData/Local/Programs/MiKTeX/tex/generic/soul/soul-ori.sty
Package: soul-ori 2023-06-14 v3.1 letterspacing/underlining (mf)
\SOUL@word=\toks52
\SOUL@lasttoken=\toks53
\SOUL@syllable=\toks54
\SOUL@cmds=\toks55
\SOUL@buffer=\toks56
\SOUL@token=\toks57
\SOUL@syllgoal=\dimen325
\SOUL@syllwidth=\dimen326
\SOUL@charkern=\dimen327
\SOUL@hyphkern=\dimen328
\SOUL@dimen=\dimen329
\SOUL@dimeni=\dimen330
\SOUL@minus=\count402
\SOUL@comma=\count403
\SOUL@apo=\count404
\SOUL@grave=\count405
\SOUL@spaceskip=\skip79
\SOUL@ttwidth=\dimen331
\SOUL@uldp=\dimen332
\SOUL@ulht=\dimen333
)
(C:/Users/leoth/AppData/Local/Programs/MiKTeX/tex/generic/etexcmds/etexcmds.sty
Package: etexcmds 2019/12/15 v1.7 Avoid name clashes with e-TeX commands (HO)
)) (C:/Users/leoth/AppData/Local/Programs/MiKTeX/tex/latex/environ/environ.sty
Package: environ 2014/05/04 v0.3 A new way to define environments

(C:/Users/leoth/AppData/Local/Programs/MiKTeX/tex/latex/trimspaces/trimspaces.s
ty
Package: trimspaces 2009/09/17 v1.1 Trim spaces around a token list
)
\@envbody=\toks58
)
(C:/Users/leoth/AppData/Local/Programs/MiKTeX/tex/latex/koma-script/scrlayer-sc
rpage.sty
Package: scrlayer-scrpage 2026/02/02 v3.49.2 KOMA-Script package (end user inte
rface for scrlayer)

(C:/Users/leoth/AppData/Local/Programs/MiKTeX/tex/latex/koma-script/scrlayer.st
y
Package: scrlayer 2026/02/02 v3.49.2 KOMA-Script package (defining layers and p
age styles)
Package scrlayer Info: patching LaTeX kernel macro \pagestyle on input line 217
9.
)
Package scrlayer-scrpage Info: Makeing stand-alone element `pagehead' from
(scrlayer-scrpage)             alias to `pageheadfoot' on input line 1106.
)
(C:/Users/leoth/AppData/Local/Programs/MiKTeX/tex/latex/bookmark/bookmark.sty
Package: bookmark 2023-12-10 v1.31 PDF bookmarks (HO)

(C:/Users/leoth/AppData/Local/Programs/MiKTeX/tex/latex/hyperref/hyperref.sty
Package: hyperref 2026-01-29 v7.01p Hypertext links for LaTeX

(C:/Users/leoth/AppData/Local/Programs/MiKTeX/tex/latex/kvsetkeys/kvsetkeys.sty
Package: kvsetkeys 2022-10-05 v1.19 Key value parser (HO)
)
(C:/Users/leoth/AppData/Local/Programs/MiKTeX/tex/generic/kvdefinekeys/kvdefine
keys.sty
Package: kvdefinekeys 2019-12-19 v1.6 Define keys (HO)
)
(C:/Users/leoth/AppData/Local/Programs/MiKTeX/tex/generic/pdfescape/pdfescape.s
ty
Package: pdfescape 2019/12/09 v1.15 Implements pdfTeX's escape features (HO)
) (C:/Users/leoth/AppData/Local/Programs/MiKTeX/tex/latex/hycolor/hycolor.sty
Package: hycolor 2020-01-27 v1.10 Color options for hyperref/bookmark (HO)
) (C:/Users/leoth/AppData/Local/Programs/MiKTeX/tex/latex/hyperref/nameref.sty
Package: nameref 2026-01-29 v2.58 Cross-referencing by name of section

(C:/Users/leoth/AppData/Local/Programs/MiKTeX/tex/latex/refcount/refcount.sty
Package: refcount 2019/12/15 v3.6 Data extraction from label references (HO)
)
(C:/Users/leoth/AppData/Local/Programs/MiKTeX/tex/generic/gettitlestring/gettit
lestring.sty
Package: gettitlestring 2019/12/15 v1.6 Cleanup title references (HO)

(C:/Users/leoth/AppData/Local/Programs/MiKTeX/tex/latex/kvoptions/kvoptions.sty
Package: kvoptions 2022-06-15 v3.15 Key value format for package options (HO)
))
\c@section@level=\count406
)
(C:/Users/leoth/AppData/Local/Programs/MiKTeX/tex/generic/stringenc/stringenc.s
ty
Package: stringenc 2019/11/29 v1.12 Convert strings between diff. encodings (HO
)
)
\@linkdim=\dimen334
\Hy@linkcounter=\count407
\Hy@pagecounter=\count408
 (C:/Users/leoth/AppData/Local/Programs/MiKTeX/tex/latex/hyperref/pd1enc.def
File: pd1enc.def 2026-01-29 v7.01p Hyperref: PDFDocEncoding definition (HO)
) (C:/Users/leoth/AppData/Local/Programs/MiKTeX/tex/generic/intcalc/intcalc.sty
Package: intcalc 2019/12/15 v1.3 Expandable calculations with integers (HO)
)
\Hy@SavedSpaceFactor=\count409
 (C:/Users/leoth/AppData/Local/Programs/MiKTeX/tex/latex/hyperref/puenc.def
File: puenc.def 2026-01-29 v7.01p Hyperref: PDF Unicode definition (HO)
)
Package hyperref Info: Hyper figures OFF on input line 4201.
Package hyperref Info: Link nesting OFF on input line 4206.
Package hyperref Info: Hyper index ON on input line 4209.
Package hyperref Info: Plain pages OFF on input line 4216.
Package hyperref Info: Backreferencing OFF on input line 4221.
Package hyperref Info: Implicit mode ON; LaTeX internals redefined.
Package hyperref Info: Bookmarks ON on input line 4468.
\c@Hy@tempcnt=\count410

(C:/Users/leoth/AppData/Local/Programs/MiKTeX/tex/latex/url/url.sty
\Urlmuskip=\muskip17
Package: url 2013/09/16  ver 3.4  Verb mode for urls, etc.
)
LaTeX Info: Redefining \url on input line 4807.
\XeTeXLinkMargin=\dimen335

(C:/Users/leoth/AppData/Local/Programs/MiKTeX/tex/generic/bitset/bitset.sty
Package: bitset 2019/12/09 v1.3 Handle bit-vector datatype (HO)

(C:/Users/leoth/AppData/Local/Programs/MiKTeX/tex/generic/bigintcalc/bigintcalc
.sty
Package: bigintcalc 2019/12/15 v1.5 Expandable calculations on big integers (HO
)
))
\Fld@menulength=\count411
\Field@Width=\dimen336
\Fld@charsize=\dimen337
Package hyperref Info: Hyper figures OFF on input line 6084.
Package hyperref Info: Link nesting OFF on input line 6089.
Package hyperref Info: Hyper index ON on input line 6092.
Package hyperref Info: backreferencing OFF on input line 6099.
Package hyperref Info: Link coloring OFF on input line 6104.
Package hyperref Info: Link coloring with OCG OFF on input line 6109.
Package hyperref Info: PDF/A mode OFF on input line 6114.
\Hy@abspage=\count412
\c@Item=\count413
\c@Hfootnote=\count414
)
Package hyperref Info: Driver (autodetected): hluatex.

(C:/Users/leoth/AppData/Local/Programs/MiKTeX/tex/latex/hyperref/hluatex.def
File: hluatex.def 2026-01-29 v7.01p Hyperref driver for luaTeX
\Fld@listcount=\count415
\c@bookmark@seq@number=\count416

(C:/Users/leoth/AppData/Local/Programs/MiKTeX/tex/latex/rerunfilecheck/rerunfil
echeck.sty
Package: rerunfilecheck 2025-06-21 v1.11 Rerun checks for auxiliary files (HO)

(C:/Users/leoth/AppData/Local/Programs/MiKTeX/tex/generic/uniquecounter/uniquec
ounter.sty
Package: uniquecounter 2019/12/15 v1.4 Provide unlimited unique counter (HO)
)
Package uniquecounter Info: New unique counter `rerunfilecheck' on input line 2
84.
)
\Hy@SectionHShift=\skip80
)
(C:/Users/leoth/AppData/Local/Programs/MiKTeX/tex/latex/bookmark/bkm-pdftex.def
File: bkm-pdftex.def 2023-12-10 v1.31 bookmark driver for pdfTeX and luaTeX (HO
)
\BKM@id=\count417
))
(C:/Users/leoth/AppData/Local/Programs/MiKTeX/tex/latex/pgf/frontendlayer/tikz.
sty
(C:/Users/leoth/AppData/Local/Programs/MiKTeX/tex/latex/pgf/basiclayer/pgf.sty
Package: pgf 2025-08-29 v3.1.11a (3.1.11a)

(C:/Users/leoth/AppData/Local/Programs/MiKTeX/tex/latex/pgf/basiclayer/pgfcore.
sty
(C:/Users/leoth/AppData/Local/Programs/MiKTeX/tex/latex/pgf/systemlayer/pgfsys.
sty
(C:/Users/leoth/AppData/Local/Programs/MiKTeX/tex/generic/pgf/systemlayer/pgfsy
s.code.tex
Package: pgfsys 2025-08-29 v3.1.11a (3.1.11a)
\pgf@x=\dimen338
\pgf@y=\dimen339
\pgf@xa=\dimen340
\pgf@ya=\dimen341
\pgf@xb=\dimen342
\pgf@yb=\dimen343
\pgf@xc=\dimen344
\pgf@yc=\dimen345
\pgf@xd=\dimen346
\pgf@yd=\dimen347
\w@pgf@writea=\write3
\r@pgf@reada=\read4
\c@pgf@counta=\count418
\c@pgf@countb=\count419
\c@pgf@countc=\count420
\c@pgf@countd=\count421
\t@pgf@toka=\toks59
\t@pgf@tokb=\toks60
\t@pgf@tokc=\toks61
\pgf@sys@id@count=\count422

(C:/Users/leoth/AppData/Local/Programs/MiKTeX/tex/generic/pgf/systemlayer/pgf.c
fg
File: pgf.cfg 2025-08-29 v3.1.11a (3.1.11a)
)
Driver file for pgf: pgfsys-luatex.def

(C:/Users/leoth/AppData/Local/Programs/MiKTeX/tex/generic/pgf/systemlayer/pgfsy
s-luatex.def
File: pgfsys-luatex.def 2025-08-29 v3.1.11a (3.1.11a)

(C:/Users/leoth/AppData/Local/Programs/MiKTeX/tex/generic/pgf/systemlayer/pgfsy
s-common-pdf.def
File: pgfsys-common-pdf.def 2025-08-29 v3.1.11a (3.1.11a)
)))
(C:/Users/leoth/AppData/Local/Programs/MiKTeX/tex/generic/pgf/systemlayer/pgfsy
ssoftpath.code.tex
File: pgfsyssoftpath.code.tex 2025-08-29 v3.1.11a (3.1.11a)
\pgfsyssoftpath@smallbuffer@items=\count423
\pgfsyssoftpath@bigbuffer@items=\count424
)
(C:/Users/leoth/AppData/Local/Programs/MiKTeX/tex/generic/pgf/systemlayer/pgfsy
sprotocol.code.tex
File: pgfsysprotocol.code.tex 2025-08-29 v3.1.11a (3.1.11a)
))
(C:/Users/leoth/AppData/Local/Programs/MiKTeX/tex/generic/pgf/basiclayer/pgfcor
e.code.tex
Package: pgfcore 2025-08-29 v3.1.11a (3.1.11a)

(C:/Users/leoth/AppData/Local/Programs/MiKTeX/tex/generic/pgf/math/pgfint.code.
tex)
(C:/Users/leoth/AppData/Local/Programs/MiKTeX/tex/generic/pgf/basiclayer/pgfcor
epoints.code.tex
File: pgfcorepoints.code.tex 2025-08-29 v3.1.11a (3.1.11a)
\pgf@picminx=\dimen348
\pgf@picmaxx=\dimen349
\pgf@picminy=\dimen350
\pgf@picmaxy=\dimen351
\pgf@pathminx=\dimen352
\pgf@pathmaxx=\dimen353
\pgf@pathminy=\dimen354
\pgf@pathmaxy=\dimen355
\pgf@xx=\dimen356
\pgf@xy=\dimen357
\pgf@yx=\dimen358
\pgf@yy=\dimen359
\pgf@zx=\dimen360
\pgf@zy=\dimen361
)
(C:/Users/leoth/AppData/Local/Programs/MiKTeX/tex/generic/pgf/basiclayer/pgfcor
epathconstruct.code.tex
File: pgfcorepathconstruct.code.tex 2025-08-29 v3.1.11a (3.1.11a)
\pgf@path@lastx=\dimen362
\pgf@path@lasty=\dimen363
)
(C:/Users/leoth/AppData/Local/Programs/MiKTeX/tex/generic/pgf/basiclayer/pgfcor
epathusage.code.tex
File: pgfcorepathusage.code.tex 2025-08-29 v3.1.11a (3.1.11a)
\pgf@shorten@end@additional=\dimen364
\pgf@shorten@start@additional=\dimen365
)
(C:/Users/leoth/AppData/Local/Programs/MiKTeX/tex/generic/pgf/basiclayer/pgfcor
escopes.code.tex
File: pgfcorescopes.code.tex 2025-08-29 v3.1.11a (3.1.11a)
\pgfpic=\box77
\pgf@hbox=\box78
\pgf@layerbox@main=\box79
\pgf@picture@serial@count=\count425
)
(C:/Users/leoth/AppData/Local/Programs/MiKTeX/tex/generic/pgf/basiclayer/pgfcor
egraphicstate.code.tex
File: pgfcoregraphicstate.code.tex 2025-08-29 v3.1.11a (3.1.11a)
\pgflinewidth=\dimen366
)
(C:/Users/leoth/AppData/Local/Programs/MiKTeX/tex/generic/pgf/basiclayer/pgfcor
etransformations.code.tex
File: pgfcoretransformations.code.tex 2025-08-29 v3.1.11a (3.1.11a)
\pgf@pt@x=\dimen367
\pgf@pt@y=\dimen368
\pgf@pt@temp=\dimen369
)
(C:/Users/leoth/AppData/Local/Programs/MiKTeX/tex/generic/pgf/basiclayer/pgfcor
equick.code.tex
File: pgfcorequick.code.tex 2025-08-29 v3.1.11a (3.1.11a)
)
(C:/Users/leoth/AppData/Local/Programs/MiKTeX/tex/generic/pgf/basiclayer/pgfcor
eobjects.code.tex
File: pgfcoreobjects.code.tex 2025-08-29 v3.1.11a (3.1.11a)
)
(C:/Users/leoth/AppData/Local/Programs/MiKTeX/tex/generic/pgf/basiclayer/pgfcor
epathprocessing.code.tex
File: pgfcorepathprocessing.code.tex 2025-08-29 v3.1.11a (3.1.11a)
)
(C:/Users/leoth/AppData/Local/Programs/MiKTeX/tex/generic/pgf/basiclayer/pgfcor
earrows.code.tex
File: pgfcorearrows.code.tex 2025-08-29 v3.1.11a (3.1.11a)
\pgfarrowsep=\dimen370
)
(C:/Users/leoth/AppData/Local/Programs/MiKTeX/tex/generic/pgf/basiclayer/pgfcor
eshade.code.tex
File: pgfcoreshade.code.tex 2025-08-29 v3.1.11a (3.1.11a)
\pgf@max=\dimen371
\pgf@sys@shading@range@num=\count426
\pgf@shadingcount=\count427
)
(C:/Users/leoth/AppData/Local/Programs/MiKTeX/tex/generic/pgf/basiclayer/pgfcor
eimage.code.tex
File: pgfcoreimage.code.tex 2025-08-29 v3.1.11a (3.1.11a)
)
(C:/Users/leoth/AppData/Local/Programs/MiKTeX/tex/generic/pgf/basiclayer/pgfcor
eexternal.code.tex
File: pgfcoreexternal.code.tex 2025-08-29 v3.1.11a (3.1.11a)
\pgfexternal@startupbox=\box80
)
(C:/Users/leoth/AppData/Local/Programs/MiKTeX/tex/generic/pgf/basiclayer/pgfcor
elayers.code.tex
File: pgfcorelayers.code.tex 2025-08-29 v3.1.11a (3.1.11a)
)
(C:/Users/leoth/AppData/Local/Programs/MiKTeX/tex/generic/pgf/basiclayer/pgfcor
etransparency.code.tex
File: pgfcoretransparency.code.tex 2025-08-29 v3.1.11a (3.1.11a)
)
(C:/Users/leoth/AppData/Local/Programs/MiKTeX/tex/generic/pgf/basiclayer/pgfcor
epatterns.code.tex
File: pgfcorepatterns.code.tex 2025-08-29 v3.1.11a (3.1.11a)
)
(C:/Users/leoth/AppData/Local/Programs/MiKTeX/tex/generic/pgf/basiclayer/pgfcor
erdf.code.tex
File: pgfcorerdf.code.tex 2025-08-29 v3.1.11a (3.1.11a)
)))
(C:/Users/leoth/AppData/Local/Programs/MiKTeX/tex/generic/pgf/modules/pgfmodule
shapes.code.tex
File: pgfmoduleshapes.code.tex 2025-08-29 v3.1.11a (3.1.11a)
\pgfnodeparttextbox=\box81
)
(C:/Users/leoth/AppData/Local/Programs/MiKTeX/tex/generic/pgf/modules/pgfmodule
plot.code.tex
File: pgfmoduleplot.code.tex 2025-08-29 v3.1.11a (3.1.11a)
)
(C:/Users/leoth/AppData/Local/Programs/MiKTeX/tex/latex/pgf/compatibility/pgfco
mp-version-0-65.sty
Package: pgfcomp-version-0-65 2025-08-29 v3.1.11a (3.1.11a)
\pgf@nodesepstart=\dimen372
\pgf@nodesepend=\dimen373
)
(C:/Users/leoth/AppData/Local/Programs/MiKTeX/tex/latex/pgf/compatibility/pgfco
mp-version-1-18.sty
Package: pgfcomp-version-1-18 2025-08-29 v3.1.11a (3.1.11a)
))
(C:/Users/leoth/AppData/Local/Programs/MiKTeX/tex/generic/pgf/frontendlayer/tik
z/tikz.code.tex
Package: tikz 2025-08-29 v3.1.11a (3.1.11a)

(C:/Users/leoth/AppData/Local/Programs/MiKTeX/tex/generic/pgf/libraries/pgflibr
aryplothandlers.code.tex
File: pgflibraryplothandlers.code.tex 2025-08-29 v3.1.11a (3.1.11a)
\pgf@plot@mark@count=\count428
\pgfplotmarksize=\dimen374
)
\tikz@lastx=\dimen375
\tikz@lasty=\dimen376
\tikz@lastxsaved=\dimen377
\tikz@lastysaved=\dimen378
\tikz@lastmovetox=\dimen379
\tikz@lastmovetoy=\dimen380
\tikzleveldistance=\dimen381
\tikzsiblingdistance=\dimen382
\tikz@figbox=\box82
\tikz@figbox@bg=\box83
\tikz@tempbox=\box84
\tikz@tempbox@bg=\box85
\tikztreelevel=\count429
\tikznumberofchildren=\count430
\tikznumberofcurrentchild=\count431
\tikz@fig@count=\count432

(C:/Users/leoth/AppData/Local/Programs/MiKTeX/tex/generic/pgf/modules/pgfmodule
matrix.code.tex
File: pgfmodulematrix.code.tex 2025-08-29 v3.1.11a (3.1.11a)
\pgfmatrixcurrentrow=\count433
\pgfmatrixcurrentcolumn=\count434
\pgf@matrix@numberofcolumns=\count435
)
\tikz@expandcount=\count436

(C:/Users/leoth/AppData/Local/Programs/MiKTeX/tex/generic/pgf/frontendlayer/tik
z/libraries/tikzlibrarytopaths.code.tex
File: tikzlibrarytopaths.code.tex 2025-08-29 v3.1.11a (3.1.11a)
)))
(C:/Users/leoth/AppData/Local/Programs/MiKTeX/tex/generic/pgf/frontendlayer/tik
z/libraries/tikzlibrarycalc.code.tex
File: tikzlibrarycalc.code.tex 2025-08-29 v3.1.11a (3.1.11a)
)
(C:/Users/leoth/AppData/Local/Programs/MiKTeX/tex/latex/subfiles/subfiles.sty
Package: subfiles 2020/11/14 v2.2 Multi-file projects (package)

(C:/Users/leoth/AppData/Local/Programs/MiKTeX/tex/latex/import/import.sty
Package: import 2020/04/01  v 6.2
))
(C:/Users/leoth/AppData/Local/Programs/MiKTeX/tex/latex/profcollege/ProfCollege
.sty
Package: ProfCollege 2025/12/12 v0.99-A-o Aide pour utiliser LaTeX au college
 (C:/Users/leoth/AppData/Local/Programs/MiKTeX/tex/latex/tools/verbatim.sty
Package: verbatim 2024-01-22 v1.5x LaTeX2e package for verbatim enhancements
\every@verbatim=\toks62
\verbatim@line=\toks63
\verbatim@in@stream=\read5
)
(C:/Users/leoth/AppData/Local/Programs/MiKTeX/tex/latex/mathtools/mathtools.sty
Package: mathtools 2024/10/04 v1.31 mathematical typesetting tools
(C:/Users/leoth/AppData/Local/Programs/MiKTeX/tex/latex/tools/calc.sty
Package: calc 2025/03/01 v4.3b Infix arithmetic (KKT,FJ)
\calc@Acount=\count437
\calc@Bcount=\count438
\calc@Adimen=\dimen383
\calc@Bdimen=\dimen384
\calc@Askip=\skip81
\calc@Bskip=\skip82
LaTeX Info: Redefining \setlength on input line 86.
LaTeX Info: Redefining \addtolength on input line 87.
\calc@Ccount=\count439
\calc@Cskip=\skip83
)
(C:/Users/leoth/AppData/Local/Programs/MiKTeX/tex/latex/mathtools/mhsetup.sty
Package: mhsetup 2021/03/18 v1.4 programming setup (MH)
)
(C:/Users/leoth/AppData/Local/Programs/MiKTeX/tex/latex/amsmath/amsmath.sty
Package: amsmath 2025/07/09 v2.17z AMS math features
\@mathmargin=\skip84

For additional information on amsmath, use the `?' option.
(C:/Users/leoth/AppData/Local/Programs/MiKTeX/tex/latex/amsmath/amsbsy.sty
Package: amsbsy 1999/11/29 v1.2d Bold Symbols
\pmbraise@=\dimen385
)
(C:/Users/leoth/AppData/Local/Programs/MiKTeX/tex/latex/amsmath/amsopn.sty
Package: amsopn 2022/04/08 v2.04 operator names
)
\inf@bad=\count440
LaTeX Info: Redefining \frac on input line 235.
\uproot@=\count441
\leftroot@=\count442
LaTeX Info: Redefining \overline on input line 398.
LaTeX Info: Redefining \colon on input line 409.
\classnum@=\count443
\DOTSCASE@=\count444
LaTeX Info: Redefining \ldots on input line 495.
LaTeX Info: Redefining \dots on input line 498.
LaTeX Info: Redefining \cdots on input line 619.
\Mathstrutbox@=\box86
\strutbox@=\box87
LaTeX Info: Redefining \big on input line 721.
LaTeX Info: Redefining \Big on input line 722.
LaTeX Info: Redefining \bigg on input line 723.
LaTeX Info: Redefining \Bigg on input line 724.
\big@size=\dimen386
LaTeX Font Info:    Redeclaring font encoding OML on input line 742.
LaTeX Font Info:    Redeclaring font encoding OMS on input line 743.
\macc@depth=\count445
LaTeX Info: Redefining \bmod on input line 904.
LaTeX Info: Redefining \pmod on input line 909.
LaTeX Info: Redefining \smash on input line 939.
LaTeX Info: Redefining \relbar on input line 969.
LaTeX Info: Redefining \Relbar on input line 970.
\c@MaxMatrixCols=\count446
\dotsspace@=\muskip18
\c@parentequation=\count447
\dspbrk@lvl=\count448
\tag@help=\toks64
\row@=\count449
\column@=\count450
\maxfields@=\count451
\andhelp@=\toks65
\eqnshift@=\dimen387
\alignsep@=\dimen388
\tagshift@=\dimen389
\tagwidth@=\dimen390
\totwidth@=\dimen391
\lineht@=\dimen392
\@envbody=\toks66
\multlinegap=\skip85
\multlinetaggap=\skip86
\mathdisplay@stack=\toks67
LaTeX Info: Redefining \[ on input line 2950.
LaTeX Info: Redefining \] on input line 2951.
)
\g_MT_multlinerow_int=\count452
\l_MT_multwidth_dim=\dimen393
\origjot=\skip87
\l_MT_shortvdotswithinadjustabove_dim=\dimen394
\l_MT_shortvdotswithinadjustbelow_dim=\dimen395
\l_MT_above_intertext_sep=\dimen396
\l_MT_below_intertext_sep=\dimen397
\l_MT_above_shortintertext_sep=\dimen398
\l_MT_below_shortintertext_sep=\dimen399
\xmathstrut@box=\box88
\xmathstrut@dim=\dimen400
)
(C:/Users/leoth/AppData/Local/Programs/MiKTeX/tex/latex/amsfonts/amssymb.sty
Package: amssymb 2013/01/14 v3.01 AMS font symbols

(C:/Users/leoth/AppData/Local/Programs/MiKTeX/tex/latex/amsfonts/amsfonts.sty
Package: amsfonts 2013/01/14 v3.01 Basic AMSFonts support
\symAMSa=\mathgroup4
\symAMSb=\mathgroup5
LaTeX Font Info:    Redeclaring math symbol \hbar on input line 98.
LaTeX Font Info:    Overwriting math alphabet `\mathfrak' in version `bold'
(Font)                  U/euf/m/n --> U/euf/b/n on input line 106.
)) (C:/Users/leoth/AppData/Local/Programs/MiKTeX/tex/latex/xstring/xstring.sty
(C:/Users/leoth/AppData/Local/Programs/MiKTeX/tex/generic/xstring/xstring.tex
\xs_counta=\count453
\xs_countb=\count454
)
Package: xstring 2023/08/22 v1.86 String manipulations (CT)
) (C:/Users/leoth/AppData/Local/Programs/MiKTeX/tex/latex/simplekv/simplekv.sty

(C:/Users/leoth/AppData/Local/Programs/MiKTeX/tex/generic/simplekv/simplekv.tex
)
Package: simplekv 2025/06/15 v0.32 Simple keyval package (CT)
) (C:/Users/leoth/AppData/Local/Programs/MiKTeX/tex/latex/base/ifthen.sty
Package: ifthen 2024/03/16 v1.1e Standard LaTeX ifthen package (DPC)
)
(C:/Users/leoth/AppData/Local/Programs/MiKTeX/tex/latex/modulus/modulus.sty
Package: modulus 2018/05/07 v1.0 Modulus/modulo operator in plain TeX
\remainder=\count455
\intquotient=\count456
)
(C:/Users/leoth/AppData/Local/Programs/MiKTeX/tex/generic/xint/xinttools.sty
(C:/Users/leoth/AppData/Local/Programs/MiKTeX/tex/generic/xint/xintkernel.sty
Package: xintkernel 2025/09/06 v1.4o Paraphernalia for the xint packages (JFB)
\xint_c_x^v=\count457
\xint_c_x^viii=\count458
\xint_c_x^ix=\count459
\xint_c_x^viii_mone=\count460
\xint_c_nine_x^viii=\count461
\xint_c_xi_e_viii_mone=\count462
\xint_c_xii_e_viii=\count463
\xint_c_ii^xv=\count464
\xint_c_ii^xvi=\count465
\xint_c_ii^xxi=\count466
)
Package: xinttools 2025/09/06 v1.4o Expandable and non-expandable utilities (JF
B)
\XINT_toks=\toks68
) (C:/Users/leoth/AppData/Local/Programs/MiKTeX/tex/lualatex/luacas/luacas.sty
Package: luacas 2023/05/26 v1.0.2 CAS written in Lua for LaTeX
)
(C:/Users/leoth/AppData/Local/Programs/MiKTeX/tex/luatex/luamplib/luamplib.sty
Package: luamplib 2026/02/09 v2.39.0 mplib package for LuaTeX
Lua module: luamplib 2026/02/09 v2.39.0 Lua package to typeset Metapost with Lua
TeX's MPLib.
\luamplibcctabexplat=\catcodetable20
\mplibtmptoks=\toks69
\mplibscratchbox=\box89
) (C:/Users/leoth/AppData/Local/Programs/MiKTeX/tex/generic/xint/xintexpr.sty
(C:/Users/leoth/AppData/Local/Programs/MiKTeX/tex/generic/xint/xintfrac.sty
(C:/Users/leoth/AppData/Local/Programs/MiKTeX/tex/generic/xint/xint.sty
(C:/Users/leoth/AppData/Local/Programs/MiKTeX/tex/generic/xint/xintcore.sty
Package: xintcore 2025/09/06 v1.4o Expandable arithmetic on big integers (JFB)
)
Package: xint 2025/09/06 v1.4o Expandable operations on big integers (JFB)
)
Package: xintfrac 2025/09/06 v1.4o Expandable operations on fractions (JFB)
)
(C:/Users/leoth/AppData/Local/Programs/MiKTeX/tex/generic/xint/xintbinhex.sty
Package: xintbinhex 2025/09/06 v1.4o Expandable radix conversions (2, 8, 10, an
d 16) (JFB)
)
Package: xintexpr 2025/09/06 v1.4o Expandable expression parser (JFB)

(C:/Users/leoth/AppData/Local/Programs/MiKTeX/tex/generic/xint/xinttrig.sty
Package: xinttrig 2025/09/06 v1.4o Trigonometrical functions for xintexpr (JFB)

)
(C:/Users/leoth/AppData/Local/Programs/MiKTeX/tex/generic/xint/xintlog.sty
Package: xintlog 2025/09/06 v1.4o Logarithms and exponentials for xintexpr (JFB
)

(C:/Users/leoth/AppData/Local/Programs/MiKTeX/tex/latex/poormanlog/poormanlog.s
ty
Package: poormanlog 2022/05/25 v0.07 base 10 log and pow with 9 digits (JFB)

(C:/Users/leoth/AppData/Local/Programs/MiKTeX/tex/generic/poormanlog/poormanlog
.tex))))
(C:/Users/leoth/AppData/Local/Programs/MiKTeX/tex/latex/listofitems/listofitems
.sty
(C:/Users/leoth/AppData/Local/Programs/MiKTeX/tex/generic/listofitems/listofite
ms.tex
\loi_cnt_foreach_nest=\count467
\loi_nestcnt=\count468
)
Package: listofitems 2024/03/09 v1.65 Grab items in lists using user-specified 
sep char (CT)
)
(C:/Users/leoth/AppData/Local/Programs/MiKTeX/tex/latex/datatool/datatool.sty
Package: datatool 2025/12/04 v3.4.3 (NLCT)

(C:/Users/leoth/AppData/Local/Programs/MiKTeX/tex/latex/xfor/xfor.sty
Package: xfor 2009/02/05 v1.05 (NLCT)
)
(C:/Users/leoth/AppData/Local/Programs/MiKTeX/tex/latex/tracklang/tracklang.sty
Package: tracklang 2025/03/11 v1.6.6 (NLCT) Track Languages

(C:/Users/leoth/AppData/Local/Programs/MiKTeX/tex/generic/tracklang/tracklang.t
ex)
Package tracklang Info: Tracking dialect `french' (language `french') on input 
line 264.
Package tracklang Info: Tracking dialect `french' (language `french') on input 
line 264.
)
(C:/Users/leoth/AppData/Local/Programs/MiKTeX/tex/latex/datatool/datatool-base.
sty
Package: datatool-base 2025/12/04 v3.4.3 (NLCT)
\l__datatool_tmpa_int=\count469
\l__datatool_tmpb_int=\count470
\l__datatool_tmpc_int=\count471
\l__datatool_tmpd_int=\count472
\l__datatool_count_int=\count473
\l__datatool_tmp_datatype_int=\count474
\l__datatool_tmpa_dim=\dimen401
\l__datatool_tmpb_dim=\dimen402

(C:/Users/leoth/AppData/Local/Programs/MiKTeX/tex/latex/datatool/datatool-lua.d
ef
File: datatool-lua.def 2025/12/04 v3.4.3 (NLCT)
)
\@dtl@toks=\toks70
\@dtl@tmpcount=\count475
\dtl@tmplength=\skip88
\l__datatool_measure_box=\box90
\dtl@sortresult=\count476

(C:/Users/leoth/AppData/Local/Programs/MiKTeX/tex/latex/datatool/datatool-utf8.
ldf
File: datatool-utf8.ldf 2025/12/04 v3.4.3 (NLCT)
)
\@dtl@datatype=\count477
\c_datatool_unknown_int=\count478
\l__datatool_year_int=\count479
\l__datatool_month_int=\count480
\l__datatool_day_int=\count481
\l__datatool_hour_int=\count482
\l__datatool_minute_int=\count483
\l__datatool_second_int=\count484
\l__datatool_tzhour_int=\count485
\l__datatool_tzminute_int=\count486
\l__datatool_julian_int=\count487
\l__datatool_local_julian_int=\count488
\l__datatool_prefix_int=\count489
\l__datatool_suffix_int=\count490
\@dtl@foreach@level=\count491


Package tracklang Warning: No `datatool' support for dialect `french'  on input
 line 9924.

\dtl@codeA=\count492
\dtl@codeB=\count493
)
\l__datatool_max_cols_int=\count494
\l__datatool_col_idx_int=\count495
\l__datatool_row_idx_int=\count496
\l__datatool_item_type_int=\count497
\l__datatool_action_column_int=\count498
\l__datatool_action_column_ii_int=\count499
\l__datatool_action_row_int=\count500
\l__datatool_action_row_ii_int=\count501
\l__datatool_action_type_int=\count502
\l__datatool_action_datum_round_int=\count503
\dtlcolumnnum=\count504
\dtlrownum=\count505
\@dtl@before=\toks71
\@dtl@after=\toks72
\@dtl@colhead=\toks73
\dtlcurrentrow=\toks74
\dtlbeforerow=\toks75
\dtlafterrow=\toks76
\l__datatool_map_data_max_cols_int=\count506
\l__datatool_map_data_edit_column_int=\count507
\dtlforeachlevel=\count508
\c@DTLrow=\count509
\c@DTLrowi=\count510
\c@DTLrowii=\count511
\c@DTLrowiii=\count512
\dtl@rowi=\count513
\dtl@rowii=\count514
\dtl@rowiii=\count515
\g__filtered_row_i_int=\count516
\g__filtered_row_ii_int=\count517
\g__filtered_row_iii_int=\count518
\@dtl@curi=\toks77
\@dtl@previ=\toks78
\@dtl@nexti=\toks79
\@dtl@curii=\toks80
\@dtl@previi=\toks81
\@dtl@nextii=\toks82
\@dtl@curiii=\toks83
\@dtl@previii=\toks84
\@dtl@nextiii=\toks85
\l_datatool_display_per_row_int=\count519
\l_datatool_display_tab_rows_int=\count520
\@dtl@toksA=\toks86
\@dtl@toksB=\toks87
\@dtl@elements=\count521
\__datatool_sort_data_sortcol_int=\count522
\__datatool_sort_data_grpcol_int=\count523
\dtl@omitlines=\count524
\l__datatool_line_int=\count525
) (C:/Users/leoth/AppData/Local/Programs/MiKTeX/tex/latex/xlop/xlop.sty
Package: xlop 2020/04/26 package wrapper for xlop.tex

(C:/Users/leoth/AppData/Local/Programs/MiKTeX/tex/generic/xlop/xlop.tex
\op@count@z=\count526
\op@count@i=\count527
\op@count@ii=\count528
\op@count@iii=\count529
\op@count@iv=\count530
\op@count@v=\count531
\op@count@vi=\count532
\op@nbop=\count533
\op@currentstyle=\toks88

`xlop' v0.28  <2020/11/11> (jcc)
\opcolumnwidth=\dimen403
\oplineheight=\dimen404
\op@strutbox=\box91
\op@decimalsepwidth=\dimen405
\op@decimalsepoffset=\dimen406
\op@hrulewidth=\dimen407
\op@vrulewidth=\dimen408
\op@parenthesis=\count534
\op@token=\count535
\op@stack=\count536
\op@stackb=\count537
))
(C:/Users/leoth/AppData/Local/Programs/MiKTeX/tex/latex/tcolorbox/tcolorbox.sty
Package: tcolorbox 2025/11/28 version 6.9.0 text color boxes
\tcb@titlebox=\box92
\tcb@upperbox=\box93
\tcb@lowerbox=\box94
\tcb@phantombox=\box95
\c@tcbbreakpart=\count538
\c@tcblayer=\count539
\c@tcolorbox@number=\count540
\l__tcobox_tmpa_box=\box96
\l__tcobox_tmpa_dim=\dimen409
\tcb@temp=\box97
\tcb@temp=\box98
\tcb@temp=\box99
\tcb@temp=\box100
)
(C:/Users/leoth/AppData/Local/Programs/MiKTeX/tex/latex/tcolorbox/tcbbreakable.
code.tex
Library (tcolorbox): 'tcbbreakable.code.tex' version '6.9.0'
(C:/Users/leoth/AppData/Local/Programs/MiKTeX/tex/latex/pdfcol/pdfcol.sty
Package: pdfcol 2022-09-21 v1.7 Handle new color stacks for pdfTeX (HO)
)
Package pdfcol Info: New color stack `tcb@breakable' = 1 on input line 23.
\tcb@testbox=\box101
\tcb@totalupperbox=\box102
\tcb@totallowerbox=\box103
)
(C:/Users/leoth/AppData/Local/Programs/MiKTeX/tex/latex/tcolorbox/tcbexternal.c
ode.tex
Library (tcolorbox): 'tcbexternal.code.tex' version '6.9.0'

(C:/Users/leoth/AppData/Local/Programs/MiKTeX/tex/latex/tcolorbox/tcbprocessing
.code.tex
Library (tcolorbox): 'tcbprocessing.code.tex' version '6.9.0'
))
(C:/Users/leoth/AppData/Local/Programs/MiKTeX/tex/latex/tcolorbox/tcbfitting.co
de.tex
Library (tcolorbox): 'tcbfitting.code.tex' version '6.9.0'
\tcbfitdim=\dimen410
\tcb@lowerfitdim=\dimen411
\tcb@upperfitdim=\dimen412
\tcb@cur@hbadness=\count541
)
(C:/Users/leoth/AppData/Local/Programs/MiKTeX/tex/latex/tcolorbox/tcbhooks.code
.tex
Library (tcolorbox): 'tcbhooks.code.tex' version '6.9.0'
)
(C:/Users/leoth/AppData/Local/Programs/MiKTeX/tex/latex/tcolorbox/tcbmagazine.c
ode.tex
Library (tcolorbox): 'tcbmagazine.code.tex' version '6.9.0'
)
(C:/Users/leoth/AppData/Local/Programs/MiKTeX/tex/latex/tcolorbox/tcbposter.cod
e.tex
Library (tcolorbox): 'tcbposter.code.tex' version '6.9.0'

(C:/Users/leoth/AppData/Local/Programs/MiKTeX/tex/latex/tcolorbox/tcbskins.code
.tex
Library (tcolorbox): 'tcbskins.code.tex' version '6.9.0'

(C:/Users/leoth/AppData/Local/Programs/MiKTeX/tex/latex/tikzfill/tikzfill.image
.sty
Package: tikzfill.image 2023/08/08 v1.0.1 Image filling library for TikZ

(C:/Users/leoth/AppData/Local/Programs/MiKTeX/tex/latex/tikzfill/tikzfill-commo
n.sty
Package: tikzfill-common 2023/08/08 v1.0.1 Auxiliary code for tikzfill
)
(C:/Users/leoth/AppData/Local/Programs/MiKTeX/tex/latex/tikzfill/tikzlibraryfil
l.image.code.tex
File: tikzlibraryfill.image.code.tex 2023/08/08 v1.0.1 Image filling library
\l__tikzfill_img_box=\box104
))
(C:/Users/leoth/AppData/Local/Programs/MiKTeX/tex/latex/tcolorbox/tcbskinsjigsa
w.code.tex
Library (tcolorbox): 'tcbskinsjigsaw.code.tex' version '6.9.0'
)))
(C:/Users/leoth/AppData/Local/Programs/MiKTeX/tex/latex/tcolorbox/tcbraster.cod
e.tex
Library (tcolorbox): 'tcbraster.code.tex' version '6.9.0'
\c@tcbrastercolumn=\count542
\c@tcbrasterrow=\count543
\c@tcbrasternum=\count544
\c@tcbraster=\count545
)
(C:/Users/leoth/AppData/Local/Programs/MiKTeX/tex/latex/tcolorbox/tcbtheorems.c
ode.tex
Library (tcolorbox): 'tcbtheorems.code.tex' version '6.9.0'
)
(C:/Users/leoth/AppData/Local/Programs/MiKTeX/tex/latex/tcolorbox/tcblistings.c
ode.tex
Library (tcolorbox): 'tcblistings.code.tex' version '6.9.0'
(C:/Users/leoth/AppData/Local/Programs/MiKTeX/tex/latex/listings/listings.sty
\lst@mode=\count546
\lst@gtempboxa=\box105
\lst@token=\toks89
\lst@length=\count547
\lst@currlwidth=\dimen413
\lst@column=\count548
\lst@pos=\count549
\lst@lostspace=\dimen414
\lst@width=\dimen415
\lst@newlines=\count550
\lst@lineno=\count551
\lst@maxwidth=\dimen416

(C:/Users/leoth/AppData/Local/Programs/MiKTeX/tex/latex/listings/lstpatch.sty
File: lstpatch.sty 2025/11/14 1.11b (Carsten Heinz)
)
(C:/Users/leoth/AppData/Local/Programs/MiKTeX/tex/latex/listings/lstmisc.sty
File: lstmisc.sty 2025/11/14 1.11b (Carsten Heinz)
\c@lstnumber=\count552
\lst@skipnumbers=\count553
\lst@framebox=\box106
)
(C:/Users/leoth/AppData/Local/Programs/MiKTeX/tex/latex/listings/listings.cfg
File: listings.cfg 2025/11/14 1.11b listings configuration
))
Package: listings 2025/11/14 1.11b (Carsten Heinz)
==> First Aid for listings.sty no longer applied!
    Expected:
        2024/09/23 1.10c (Carsten Heinz)
    but found:
        2025/11/14 1.11b (Carsten Heinz)
    so I'm assuming it got fixed.

(C:/Users/leoth/AppData/Local/Programs/MiKTeX/tex/latex/tcolorbox/tcblistingsco
re.code.tex
Library (tcolorbox): 'tcblistingscore.code.tex' version '6.9.0'
\c@tcblisting=\count554
))
(C:/Users/leoth/AppData/Local/Programs/MiKTeX/tex/latex/tcolorbox/tcblistingsut
f8.code.tex
Library (tcolorbox): 'tcblistingsutf8.code.tex' version '6.9.0'
Package tcolorbox Info: Library `listingsutf8' is compatible with pdftex only. 
Library `listings` is loaded instead. on input line 29.
)
(C:/Users/leoth/AppData/Local/Programs/MiKTeX/tex/generic/pgf/frontendlayer/tik
z/libraries/tikzlibraryshapes.code.tex
File: tikzlibraryshapes.code.tex 2025-08-29 v3.1.11a (3.1.11a)

(C:/Users/leoth/AppData/Local/Programs/MiKTeX/tex/generic/pgf/frontendlayer/tik
z/libraries/tikzlibraryshapes.geometric.code.tex
File: tikzlibraryshapes.geometric.code.tex 2025-08-29 v3.1.11a (3.1.11a)

(C:/Users/leoth/AppData/Local/Programs/MiKTeX/tex/generic/pgf/libraries/shapes/
pgflibraryshapes.geometric.code.tex
File: pgflibraryshapes.geometric.code.tex 2025-08-29 v3.1.11a (3.1.11a)
))
(C:/Users/leoth/AppData/Local/Programs/MiKTeX/tex/generic/pgf/frontendlayer/tik
z/libraries/tikzlibraryshapes.misc.code.tex
File: tikzlibraryshapes.misc.code.tex 2025-08-29 v3.1.11a (3.1.11a)

(C:/Users/leoth/AppData/Local/Programs/MiKTeX/tex/generic/pgf/libraries/shapes/
pgflibraryshapes.misc.code.tex
File: pgflibraryshapes.misc.code.tex 2025-08-29 v3.1.11a (3.1.11a)
))
(C:/Users/leoth/AppData/Local/Programs/MiKTeX/tex/generic/pgf/frontendlayer/tik
z/libraries/tikzlibraryshapes.symbols.code.tex
File: tikzlibraryshapes.symbols.code.tex 2025-08-29 v3.1.11a (3.1.11a)

(C:/Users/leoth/AppData/Local/Programs/MiKTeX/tex/generic/pgf/libraries/shapes/
pgflibraryshapes.symbols.code.tex
File: pgflibraryshapes.symbols.code.tex 2025-08-29 v3.1.11a (3.1.11a)
))
(C:/Users/leoth/AppData/Local/Programs/MiKTeX/tex/generic/pgf/frontendlayer/tik
z/libraries/tikzlibraryshapes.arrows.code.tex
File: tikzlibraryshapes.arrows.code.tex 2025-08-29 v3.1.11a (3.1.11a)

(C:/Users/leoth/AppData/Local/Programs/MiKTeX/tex/generic/pgf/libraries/shapes/
pgflibraryshapes.arrows.code.tex
File: pgflibraryshapes.arrows.code.tex 2025-08-29 v3.1.11a (3.1.11a)
))
(C:/Users/leoth/AppData/Local/Programs/MiKTeX/tex/generic/pgf/frontendlayer/tik
z/libraries/tikzlibraryshapes.callouts.code.tex
(C:/Users/leoth/AppData/Local/Programs/MiKTeX/tex/generic/pgf/libraries/shapes/
pgflibraryshapes.callouts.code.tex))
(C:/Users/leoth/AppData/Local/Programs/MiKTeX/tex/generic/pgf/frontendlayer/tik
z/libraries/tikzlibraryshapes.multipart.code.tex
File: tikzlibraryshapes.multipart.code.tex 2025-08-29 v3.1.11a (3.1.11a)

(C:/Users/leoth/AppData/Local/Programs/MiKTeX/tex/generic/pgf/libraries/shapes/
pgflibraryshapes.multipart.code.tex
File: pgflibraryshapes.multipart.code.tex 2025-08-29 v3.1.11a (3.1.11a)
\pgfnodepartlowerbox=\box107
\pgfnodeparttwobox=\box108
\pgfnodepartthreebox=\box109
\pgfnodepartfourbox=\box110
\pgfnodeparttwentybox=\box111
\pgfnodepartnineteenbox=\box112
\pgfnodeparteighteenbox=\box113
\pgfnodepartseventeenbox=\box114
\pgfnodepartsixteenbox=\box115
\pgfnodepartfifteenbox=\box116
\pgfnodepartfourteenbox=\box117
\pgfnodepartthirteenbox=\box118
\pgfnodeparttwelvebox=\box119
\pgfnodepartelevenbox=\box120
\pgfnodeparttenbox=\box121
\pgfnodepartninebox=\box122
\pgfnodeparteightbox=\box123
\pgfnodepartsevenbox=\box124
\pgfnodepartsixbox=\box125
\pgfnodepartfivebox=\box126
)))
(C:/Users/leoth/AppData/Local/Programs/MiKTeX/tex/generic/pgf/frontendlayer/tik
z/libraries/tikzlibraryarrows.code.tex
File: tikzlibraryarrows.code.tex 2025-08-29 v3.1.11a (3.1.11a)

(C:/Users/leoth/AppData/Local/Programs/MiKTeX/tex/generic/pgf/libraries/pgflibr
aryarrows.code.tex
File: pgflibraryarrows.code.tex 2025-08-29 v3.1.11a (3.1.11a)
\arrowsize=\dimen417
))
(C:/Users/leoth/AppData/Local/Programs/MiKTeX/tex/latex/tikzmark/tikzlibrarytik
zmark.code.tex
File: tikzlibrarytikzmark.code.tex 2022/08/24 v1.15 TikZ library for marking po
sitions in a document
\l__sn_x_dim=\dimen418
\l__sn_y_dim=\dimen419
\l__sn_xa_dim=\dimen420
\l__sn_ya_dim=\dimen421
)
(C:/Users/leoth/AppData/Local/Programs/MiKTeX/tex/generic/pgf/frontendlayer/tik
z/libraries/tikzlibrarychains.code.tex
File: tikzlibrarychains.code.tex 2025-08-29 v3.1.11a (3.1.11a)

(C:/Users/leoth/AppData/Local/Programs/MiKTeX/tex/generic/pgf/frontendlayer/tik
z/libraries/tikzlibrarypositioning.code.tex
File: tikzlibrarypositioning.code.tex 2025-08-29 v3.1.11a (3.1.11a)
))
(C:/Users/leoth/AppData/Local/Programs/MiKTeX/tex/generic/pgf/frontendlayer/tik
z/libraries/tikzlibrarybabel.code.tex
File: tikzlibrarybabel.code.tex 2025-08-29 v3.1.11a (3.1.11a)
)
(C:/Users/leoth/AppData/Local/Programs/MiKTeX/tex/generic/pgf/frontendlayer/tik
z/libraries/tikzlibraryfit.code.tex
File: tikzlibraryfit.code.tex 2025-08-29 v3.1.11a (3.1.11a)
)
(C:/Users/leoth/AppData/Local/Programs/MiKTeX/tex/generic/pgf/frontendlayer/tik
z/libraries/tikzlibrarybackgrounds.code.tex
File: tikzlibrarybackgrounds.code.tex 2025-08-29 v3.1.11a (3.1.11a)
\pgf@layerbox@background=\box127
\pgf@layerboxsaved@background=\box128
)
(C:/Users/leoth/AppData/Local/Programs/MiKTeX/tex/latex/tools/multicol.sty
Package: multicol 2025/10/21 v2.0b multicolumn formatting (FMi)
\c@tracingmulticols=\count555
\mult@box=\box129
\multicol@leftmargin=\dimen422
\c@unbalance=\count556
\c@collectmore=\count557
\doublecol@number=\count558
\multicoltolerance=\count559
\multicolpretolerance=\count560
\full@width=\dimen423
\page@free=\dimen424
\premulticols=\dimen425
\postmulticols=\dimen426
\multicolsep=\skip89
\multicolbaselineskip=\skip90
\partial@page=\box130
\last@line=\box131
\mc@boxedresult=\box132
\maxbalancingoverflow=\dimen427
\mult@rightbox=\box133
\mult@grightbox=\box134
\mult@firstbox=\box135
\mult@gfirstbox=\box136
\@tempa=\box137
\@tempa=\box138
\@tempa=\box139
\@tempa=\box140
\@tempa=\box141
\@tempa=\box142
\@tempa=\box143
\@tempa=\box144
\@tempa=\box145
\@tempa=\box146
\@tempa=\box147
\@tempa=\box148
\@tempa=\box149
\@tempa=\box150
\@tempa=\box151
\@tempa=\box152
\@tempa=\box153
\@tempa=\box154
\@tempa=\box155
\@tempa=\box156
\@tempa=\box157
\@tempa=\box158
\@tempa=\box159
\@tempa=\box160
\@tempa=\box161
\@tempa=\box162
\@tempa=\box163
\@tempa=\box164
\@tempa=\box165
\@tempa=\box166
\@tempa=\box167
\@tempa=\box168
\@tempa=\box169
\@tempa=\box170
\@tempa=\box171
\@tempa=\box172
\c@minrows=\count561
\c@columnbadness=\count562
\c@finalcolumnbadness=\count563
\last@try=\dimen428
\multicolovershoot=\dimen429
\multicolundershoot=\dimen430
\mult@nat@firstbox=\box173
\colbreak@box=\box174
\mc@col@check@num=\count564
\g__mc_curr_col_int=\count565
)
(C:/Users/leoth/AppData/Local/Programs/MiKTeX/tex/latex/tools/hhline.sty
Package: hhline 2020/01/04 v2.04 Table rule package (DPC)
)
(C:/Users/leoth/AppData/Local/Programs/MiKTeX/tex/latex/stackengine/stackengine
.sty
Package: stackengine 2021/07/22 v4.11\ Stacking text and objects in convenient 
ways
\c@@stackindex=\count566
\@boxshift=\skip91
\stack@tmplength=\skip92
\temp@stkl=\skip93
\@stackedboxwidth=\skip94
\@addedbox=\box175
\@anchorbox=\box176
\@insetbox=\box177
\se@backgroundbox=\box178
\stackedbox=\box179
\@centerbox=\box180
\c@ROWcellindex@=\count567
) (C:/Users/leoth/AppData/Local/Programs/MiKTeX/tex/latex/cancel/cancel.sty
Package: cancel 2013/04/12 v2.2 Cancel math terms
) (C:/Users/leoth/AppData/Local/Programs/MiKTeX/tex/latex/psnfss/pifont.sty
Package: pifont 2020/03/25 PSNFSS-v9.3 Pi font support (SPQR) 
LaTeX Font Info:    Trying to load font information for U+pzd on input line 63.


(C:/Users/leoth/AppData/Local/Programs/MiKTeX/tex/latex/psnfss/upzd.fd
File: upzd.fd 2001/06/04 font definitions for U/pzd.
)
LaTeX Font Info:    Trying to load font information for U+psy on input line 64.


(C:/Users/leoth/AppData/Local/Programs/MiKTeX/tex/latex/psnfss/upsy.fd
File: upsy.fd 2001/06/04 font definitions for U/psy.
))
(C:/Users/leoth/AppData/Local/Programs/MiKTeX/tex/latex/nicematrix/nicematrix.s
ty
Package: nicematrix 2026/02/01 v7.6 Enhanced arrays with the help of PGF/TikZ
\l__nicematrix_tmpc_dim=\dimen431
\l__nicematrix_tmpd_dim=\dimen432
\l__nicematrix_tmpc_int=\count568
\g__nicematrix_env_int=\count569
\l__nicematrix_the_array_box=\box181
\g__nicematrix_NiceMatrixBlock_int=\count570
\g__nicematrix_notes_caption_int=\count571
\l__nicematrix_columns_width_dim=\dimen433
\l__nicematrix_col_width_dim=\dimen434
\g__nicematrix_row_total_int=\count572
\g__nicematrix_col_total_int=\count573
\g__nicematrix_last_row_node_int=\count574
\l__nicematrix_key_nb_rows_int=\count575
\g__nicematrix_blocks_wd_dim=\dimen435
\g__nicematrix_blocks_ht_dim=\dimen436
\g__nicematrix_blocks_dp_dim=\dimen437
\l__nicematrix_width_dim=\dimen438
\l__nicematrix_tabular_width_dim=\dimen439
\l__nicematrix_rule_width_dim=\dimen440
\l__nicematrix_old_iRow_int=\count576
\l__nicematrix_old_jCol_int=\count577
\l__nicematrix_X_columns_dim=\dimen441
\l__nicematrix_brace_shift_dim=\dimen442
\l__nicematrix_x_initial_dim=\dimen443
\l__nicematrix_y_initial_dim=\dimen444
\l__nicematrix_x_final_dim=\dimen445
\l__nicematrix_y_final_dim=\dimen446
\g__nicematrix_dp_row_zero_dim=\dimen447
\g__nicematrix_ht_row_zero_dim=\dimen448
\g__nicematrix_ht_row_one_dim=\dimen449
\g__nicematrix_dp_ante_last_row_dim=\dimen450
\g__nicematrix_ht_last_row_dim=\dimen451
\g__nicematrix_dp_last_row_dim=\dimen452
\g__nicematrix_width_last_col_dim=\dimen453
\g__nicematrix_width_first_col_dim=\dimen454
\g__nicematrix_ddots_int=\count578
\g__nicematrix_iddots_int=\count579
\g__nicematrix_delta_x_one_dim=\dimen455
\g__nicematrix_delta_y_one_dim=\dimen456
\g__nicematrix_delta_x_two_dim=\dimen457
\g__nicematrix_delta_y_two_dim=\dimen458
\l__nicematrix_row_min_int=\count580
\l__nicematrix_row_max_int=\count581
\l__nicematrix_col_min_int=\count582
\l__nicematrix_col_max_int=\count583
\l__nicematrix_initial_i_int=\count584
\l__nicematrix_initial_j_int=\count585
\l__nicematrix_final_i_int=\count586
\l__nicematrix_final_j_int=\count587
\l__nicematrix_start_int=\count588
\l__nicematrix_end_int=\count589
\l__nicematrix_local_start_int=\count590
\l__nicematrix_local_end_int=\count591
\g__nicematrix_static_num_of_col_int=\count592
\l__nicematrix_rounded_corners_dim=\dimen459
\l__nicematrix_tab_rounded_corners_dim=\dimen460
\l__nicematrix_offset_dim=\dimen461
\l__nicematrix_line_width_dim=\dimen462
\g__nicematrix_block_box_int=\count593
\l__nicematrix_submatrix_extra_height_dim=\dimen463
\l__nicematrix_submatrix_left_xshift_dim=\dimen464
\l__nicematrix_submatrix_right_xshift_dim=\dimen465
\l__nicematrix_first_row_int=\count594
\l__nicematrix_first_col_int=\count595
\l__nicematrix_last_row_int=\count596
\l__nicematrix_last_col_int=\count597
\c@tabularnote=\count598
\g__nicematrix_tabularnote_int=\count599
\c@nicematrix_draft=\count600
\l__nicematrix_cell_space_top_limit_dim=\dimen466
\l__nicematrix_cell_space_bottom_limit_dim=\dimen467
\l__nicematrix_xdots_inter_dim=\dimen468
\l__nicematrix_xdots_shorten_start_dim=\dimen469
\l__nicematrix_xdots_shorten_end_dim=\dimen470
\l__nicematrix_xdots_radius_dim=\dimen471
\l__nicematrix_left_margin_dim=\dimen472
\l__nicematrix_right_margin_dim=\dimen473
\l__nicematrix_extra_left_margin_dim=\dimen474
\l__nicematrix_extra_right_margin_dim=\dimen475
\c__nicematrix_max_l_dim=\dimen476
\l__nicematrix_position_int=\count601
\l__nicematrix_multiplicity_int=\count602
\l__nicematrix_brace_yshift_dim=\dimen477
) (C:/Users/leoth/AppData/Local/Programs/MiKTeX/tex/latex/tools/longtable.sty
Package: longtable 2025-10-13 v4.24 Multi-page Table package (DPC)
\LTleft=\skip95
\LTright=\skip96
\LTpre=\skip97
\LTpost=\skip98
\LTchunksize=\count603
\LTcapwidth=\dimen478
\LT@head=\box182
\LT@firsthead=\box183
\LT@foot=\box184
\LT@lastfoot=\box185
\LT@gbox=\box186
\LT@cols=\count604
\LT@rows=\count605
\c@LT@tables=\count606
\c@LT@chunks=\count607
\LT@p@ftn=\toks90
)
Class scrartcl Info: longtable captions redefined on input line 174.
 (C:/Users/leoth/AppData/Local/Programs/MiKTeX/tex/latex/fmtcount/fmtcount.sty
Package: fmtcount 2025/12/02 v3.12 Displaying the values of LaTeX counters (NT,
VB,NE)
(C:/Users/leoth/AppData/Local/Programs/MiKTeX/tex/latex/fmtcount/fcprefix.sty
Package: fcprefix 2012/09/28

(C:/Users/leoth/AppData/Local/Programs/MiKTeX/tex/latex/fmtcount/fcnumparser.st
y
Package: fcnumparser 2017/06/15
\fc@digit@counter=\count608
))
\c@padzeroesN=\count609
\fc@tmpcatcode=\count610

(C:/Users/leoth/AppData/Local/Programs/MiKTeX/tex/latex/fmtcount/fc-french.def
File: fc-french.def 2017/06/15
)
\@DT@modctr=\count611
\@ordinalctr=\count612
\@orgargctr=\count613
\@strctr=\count614
\@tmpstrctr=\count615
\@DT@loopN=\count616
\@DT@X=\count617
)
(C:/Users/leoth/AppData/Local/Programs/MiKTeX/tex/latex/stringstrings/stringstr
ings.sty
Package: stringstrings 2020/12/08 v1.24 Extensive array of string manipulation 
routines for cosmetic and programming application
\c@@letterindex=\count618
\c@@@letterindex=\count619
\c@@@@letterindex=\count620
\c@@wordindex=\count621
\c@@iargc=\count622
\c@@gobblesize=\count623
\c@@maxrotation=\count624
\c@@stringsize=\count625
\c@@@stringsize=\count626
\c@@@@stringsize=\count627
\c@@revisedstringsize=\count628
\c@@gobbleindex=\count629
\c@@charsfound=\count630
\c@@alph=\count631
\c@@alphaindex=\count632
\c@@capstrigger=\count633
\c@@fromindex=\count634
\c@@toindex=\count635
\c@@previousindex=\count636
\c@@flag=\count637
\c@@matchloc=\count638
\c@@matchend=\count639
\c@@matchsize=\count640
\c@@matchmax=\count641
\c@@skipped=\count642
\c@@lcwords=\count643
\c@@@matchloc=\count644
)
\c@Marque=\count645
\LongBoitePoint=\skip99
\PfCLongueurBarreHor=\skip100
\PfCrappeljour=\count646

(C:/Users/leoth/AppData/Local/Programs/MiKTeX/tex/latex/profcollege/PfCBoiteADi
x.tex -- 2025/08/24 v0.1)
(C:/Users/leoth/AppData/Local/Programs/MiKTeX/tex/latex/profcollege/PfCMonnaieE
uro.tex -- 2025/08/13 v0.1)
(C:/Users/leoth/AppData/Local/Programs/MiKTeX/tex/latex/profcollege/PfCMulEthio
pie.tex -- 2025/08/01 v0.1)
(C:/Users/leoth/AppData/Local/Programs/MiKTeX/tex/latex/profcollege/PfCIteratio
n.tex -- 2025/07/30 v0.1a)
(C:/Users/leoth/AppData/Local/Programs/MiKTeX/tex/latex/profcollege/PfCSystemeI
mage.tex -- 2025/07/27 v0.1)
(C:/Users/leoth/AppData/Local/Programs/MiKTeX/tex/latex/profcollege/PfCPanneaux
Routiers.tex -- 2025/05/19 v0.1b)
(C:/Users/leoth/AppData/Local/Programs/MiKTeX/tex/latex/profcollege/PfCAireSimp
le.tex -- 2025/05/28 v0.1a)
(C:/Users/leoth/AppData/Local/Programs/MiKTeX/tex/latex/profcollege/PfCDecompFr
ac.tex -- 2025/05/28 v0.1b)
(C:/Users/leoth/AppData/Local/Programs/MiKTeX/tex/latex/profcollege/PfCScrabble
.tex -- 2025/03/19 v0.1
\tokPfMUpdateRedefCM=\toks91
)
(C:/Users/leoth/AppData/Local/Programs/MiKTeX/tex/latex/profcollege/PfCLignesBr
isees.tex -- 2025/03/07 v0.1
\toklistechemin=\toks92
)
(C:/Users/leoth/AppData/Local/Programs/MiKTeX/tex/latex/profcollege/PfCPatternJ
eton.tex -- 2025/05/28 v0.1a
\tokassonom=\toks93
\tokassocol=\toks94
\tokassodes=\toks95
\tokassocomp=\toks96
)
(C:/Users/leoth/AppData/Local/Programs/MiKTeX/tex/latex/profcollege/PfCPointsBl
ancs.tex -- 2025/05/26 v0.1a
\toklistepblancsa=\toks97
)
(C:/Users/leoth/AppData/Local/Programs/MiKTeX/tex/latex/profcollege/PfCDeAJouer
.tex -- 2024/11/21 v0.1
\toknombrede=\toks98
)
(C:/Users/leoth/AppData/Local/Programs/MiKTeX/tex/latex/profcollege/PfCBandeNum
erique.tex -- 2025/05/26 v0.1d)
(C:/Users/leoth/AppData/Local/Programs/MiKTeX/tex/latex/profcollege/PfCBalance.
tex -- 2025/05/28 v0.1c
\tokPlateauGauche=\toks99
\tokPlateauDroit=\toks100
)
(C:/Users/leoth/AppData/Local/Programs/MiKTeX/tex/latex/profcollege/PfCOpCroise
es.tex -- 2025/05/27 v0.1a
\c@PfCOCHor=\count647
\c@PfCOCVer=\count648
\PfCOpCroisees=\skip101
)
(C:/Users/leoth/AppData/Local/Programs/MiKTeX/tex/latex/profcollege/PfCRullo.te
x -- 2025/05/26 v0.1a)
(C:/Users/leoth/AppData/Local/Programs/MiKTeX/tex/latex/profcollege/PfCCheque.t
ex -- 2024/09/03 v0.1
\oldbaseline=\skip102
\PfCTailleCursive=\skip103
)
(C:/Users/leoth/AppData/Local/Programs/MiKTeX/tex/latex/profcollege/PfCCalculsD
etailles.tex -- 2024/08/24 v0.1
\c@PfCNbCalculs=\count649
\c@PfCNbSousCalculs=\count650
\c@PfCNbMarque=\count651
)
(C:/Users/leoth/AppData/Local/Programs/MiKTeX/tex/latex/profcollege/PfCTableauD
oubleEntree.tex -- 2024/08/15 v0.1a)
(C:/Users/leoth/AppData/Local/Programs/MiKTeX/tex/latex/profcollege/PfCUrneProb
a.tex -- 2025/05/26 v0.1a
\tokUrneListeCouleurs=\toks101
\tokUrneListeColonnes=\toks102
\tokUrneListeNombres=\toks103
)
(C:/Users/leoth/AppData/Local/Programs/MiKTeX/tex/latex/profcollege/PfCProbaFre
quence.tex -- 2025/05/28 v0.1a
\tokPfMListeObjets=\toks104
\tokPfMListeLegendes=\toks105
)
(C:/Users/leoth/AppData/Local/Programs/MiKTeX/tex/latex/profcollege/PfCVisualis
ationMulDeci.tex -- 2024/08/04 v0.1
\toksvismuldec=\toks106
)
(C:/Users/leoth/AppData/Local/Programs/MiKTeX/tex/latex/profcollege/PfCArbreChi
ffre.tex -- 2025/05/27 v0.1a
\toklistepermute=\toks107
)
(C:/Users/leoth/AppData/Local/Programs/MiKTeX/tex/latex/profcollege/PfCAssembla
gesSolides.tex -- 2024/08/04 v0.1)
(C:/Users/leoth/AppData/Local/Programs/MiKTeX/tex/latex/profcollege/PfCTicketCa
isse.tex -- 2025/09/13 v0.1a
\c@PfCNbInsulte=\count652
\c@PfCChoixService=\count653
\PfCTicketLarg=\skip104
)
(C:/Users/leoth/AppData/Local/Programs/MiKTeX/tex/latex/profcollege/PfCRecyclag
e.tex -- 2025/05/27 v0.1a)
(C:/Users/leoth/AppData/Local/Programs/MiKTeX/tex/latex/profcollege/PfCDontCoun
tDots.tex -- 2025/05/28 v0.1a
\tokcentre=\toks108
)
(C:/Users/leoth/AppData/Local/Programs/MiKTeX/tex/latex/profcollege/PfCConversi
on.tex -- 2025/05/27 v0.1a
\PfCConversionLongueur=\skip105
)
(C:/Users/leoth/AppData/Local/Programs/MiKTeX/tex/latex/profcollege/PfCCritere.
tex -- 2025/07/13 v0.1a)
(C:/Users/leoth/AppData/Local/Programs/MiKTeX/tex/latex/profcollege/PfCLego.tex
-- 2025/05/27 v0.1b)
(C:/Users/leoth/AppData/Local/Programs/MiKTeX/tex/latex/profcollege/PfCJeton.te
x -- 2025/08/14 v0.1a)
(C:/Users/leoth/AppData/Local/Programs/MiKTeX/tex/latex/profcollege/PfCDessinAl
go.tex -- 2025/05/26 v0.1
\tokDessinAlgo=\toks109
)
(C:/Users/leoth/AppData/Local/Programs/MiKTeX/tex/latex/profcollege/PfCBonbon.t
ex -- 2025/05/27 v0.1a)
(C:/Users/leoth/AppData/Local/Programs/MiKTeX/tex/latex/profcollege/PfCPattern.
tex -- 2025/06/30 v0.1a)
(C:/Users/leoth/AppData/Local/Programs/MiKTeX/tex/latex/profcollege/PfCNumerati
onsAnciennes.tex -- 2024/10/14 v0.1a)
(C:/Users/leoth/AppData/Local/Programs/MiKTeX/tex/latex/profcollege/PfCSerpent.
tex -- 2025/05/28 v0.1a
\tokListeSerpentPerso=\toks110
)
(C:/Users/leoth/AppData/Local/Programs/MiKTeX/tex/latex/profcollege/PfCFraction
Nombre.tex -- 2025/05/28 v0.1a
\tokFractionNombrePerso=\toks111
)
(C:/Users/leoth/AppData/Local/Programs/MiKTeX/tex/latex/profcollege/PfCAllumett
es.tex -- 2024/08/04 v0.1)
(C:/Users/leoth/AppData/Local/Programs/MiKTeX/tex/latex/profcollege/PfCFraction
AireCarre.tex -- 2025/05/27 v0.1a)
(C:/Users/leoth/AppData/Local/Programs/MiKTeX/tex/latex/profcollege/PfCMulJal.t
ex -- 2025/05/26 v0.1a)
(C:/Users/leoth/AppData/Local/Programs/MiKTeX/tex/latex/profcollege/PfCCibleQOp
.tex -- 2025/05/26 v0.1a
\anpcqo=\count654
\bnpcqo=\count655
\cnpcqo=\count656
\toklistecibleA=\toks112
\toklistecibleab=\toks113
\toklisteciblestyle=\toks114
)
(C:/Users/leoth/AppData/Local/Programs/MiKTeX/tex/latex/profcollege/PfCFubuki.t
ex -- 2025/05/27 v0.1a
\PfCFubuki=\skip106
)
(C:/Users/leoth/AppData/Local/Programs/MiKTeX/tex/latex/profcollege/PfCMulJap.t
ex -- 2025/09/02 v0.1b
\toksmuljap=\toks115
)
(C:/Users/leoth/AppData/Local/Programs/MiKTeX/tex/latex/profcollege/PfCCryptari
thme.tex -- 2024/08/04 v0.1)
(C:/Users/leoth/AppData/Local/Programs/MiKTeX/tex/latex/profcollege/PfCDefiCalc
.tex -- 2025/05/27 v0.1a
\toktexteecran=\toks116
\tokcibleecran=\toks117
\Adaptation=\skip107
\Adaptationbis=\skip108
)
(C:/Users/leoth/AppData/Local/Programs/MiKTeX/tex/latex/profcollege/PfCMulArt.t
ex -- 2025/05/28 v0.1a
\tokstabmul=\toks118
\tokstabmulpdts=\toks119
\tokstabmulnonpdts=\toks120
\tokstabmulpdtscible=\toks121
)
(C:/Users/leoth/AppData/Local/Programs/MiKTeX/tex/latex/profcollege/PfCGrimuku.
tex -- 2025/05/27 v0.1a
\toklistegrimukupdt=\toks122
\toklistegrimukunb=\toks123
)
(C:/Users/leoth/AppData/Local/Programs/MiKTeX/tex/latex/profcollege/PfCHorloge.
tex -- 2025/05/27 v0.1c)
(C:/Users/leoth/AppData/Local/Programs/MiKTeX/tex/latex/profcollege/PfCCible.te
x -- 2025/05/28 v0.1b
\toklisteciblea=\toks124
\toklistecibleb=\toks125
)
(C:/Users/leoth/AppData/Local/Programs/MiKTeX/tex/latex/profcollege/PfCMulPiece
sPuzzle.tex -- 2024/08/04 v0.1
\toklistepuzzlea=\toks126
)
(C:/Users/leoth/AppData/Local/Programs/MiKTeX/tex/latex/profcollege/PfCPyraVoca
.tex -- 2024/08/04 v0.1
\PfCPyraVocaHauteur=\skip109
)
(C:/Users/leoth/AppData/Local/Programs/MiKTeX/tex/latex/profcollege/PfCAutomati
smes.tex -- 2025/05/28 v0.1a
\c@PfCAutoNbcpt=\count657
)
(C:/Users/leoth/AppData/Local/Programs/MiKTeX/tex/latex/profcollege/PfCNumberHi
ve.tex -- 2025/05/27 v0.1a
\toklistenumberhive=\toks127
\toklistecasescoloreesNH=\toks128
)
(C:/Users/leoth/AppData/Local/Programs/MiKTeX/tex/latex/profcollege/PfCPatronPa
ves.tex -- 2025/05/26 v0.1a
\toklistepatron=\toks129
\toklistecouleur=\toks130
)
(C:/Users/leoth/AppData/Local/Programs/MiKTeX/tex/latex/profcollege/PfCEratosth
ene.tex -- 2024/08/04 v0.1
\PfCEraHauteur=\skip110
)
(C:/Users/leoth/AppData/Local/Programs/MiKTeX/tex/latex/profcollege/PfCDobble.t
ex -- 2024/08/04 v0.1)
(C:/Users/leoth/AppData/Local/Programs/MiKTeX/tex/latex/profcollege/PfCPavage.t
ex -- 2025/05/26 v0.1a)
(C:/Users/leoth/AppData/Local/Programs/MiKTeX/tex/latex/profcollege/PfCNonogram
me.tex -- 2024/08/04 v0.1
\toklistenonoa=\toks131
\toklistenonob=\toks132
)
(C:/Users/leoth/AppData/Local/Programs/MiKTeX/tex/latex/profcollege/PfCJeuRange
ment.tex -- 2025/05/26 v0.1a
\PfCJeuRgtH=\skip111
)
(C:/Users/leoth/AppData/Local/Programs/MiKTeX/tex/latex/profcollege/PfCTrio.tex
-- 2025/05/28 v0.1a
\PfCTrioHauteur=\skip112
\c@PfCTrioLettre=\count658
)
(C:/Users/leoth/AppData/Local/Programs/MiKTeX/tex/latex/profcollege/PfCCalculsF
ractions.tex -- 2025/08/23 v0.1b)
(C:/Users/leoth/AppData/Local/Programs/MiKTeX/tex/latex/profcollege/PfCDecDeci.
tex -- 2024/08/04 v0.1
\c@PfCNbDecDeci=\count659
)
(C:/Users/leoth/AppData/Local/Programs/MiKTeX/tex/latex/profcollege/PfCKakurasu
.tex -- 2025/05/26 v0.1a)
(C:/Users/leoth/AppData/Local/Programs/MiKTeX/tex/latex/profcollege/PfCMidpoint
.tex -- 2025/06/04 v0.1b)
(C:/Users/leoth/AppData/Local/Programs/MiKTeX/tex/latex/profcollege/PfCGrades.t
ex -- 2025/05/27 v0.1a)
(C:/Users/leoth/AppData/Local/Programs/MiKTeX/tex/latex/profcollege/PfCSquaro.t
ex -- 2025/06/12 v0.1b
\tokPfCSquaro=\toks133
)
(C:/Users/leoth/AppData/Local/Programs/MiKTeX/tex/latex/profcollege/PfCGaram.te
x -- 2025/05/28 v0.1
\PfCGaramHeight=\skip113
)
(C:/Users/leoth/AppData/Local/Programs/MiKTeX/tex/latex/profcollege/PfCFutoshik
i.tex -- 2024/08/04 v0.1
\PfCFutoHeight=\skip114
)
(C:/Users/leoth/AppData/Local/Programs/MiKTeX/tex/latex/profcollege/PfCRondeInf
ernale.tex -- 2025/05/26 v0.1a)
(C:/Users/leoth/AppData/Local/Programs/MiKTeX/tex/latex/profcollege/PfCHiddenMe
ssage.tex -- 2025/05/26 v0.1a
\PfCHiddenHeight=\skip115
\PfCHiddenWidth=\skip116
)
(C:/Users/leoth/AppData/Local/Programs/MiKTeX/tex/latex/profcollege/PfCPuzzleSo
mmePyramide.tex -- 2025/05/26 v0.1a
\c@PfCPuzzlePcpt=\count660
\c@PfCPuzzlePavcpt=\count661
\PfCPuzzleP=\skip117
)
(C:/Users/leoth/AppData/Local/Programs/MiKTeX/tex/latex/profcollege/PfCCalisson
.tex -- 2024/08/04 v0.1
\tokcalissonlistetracesg=\toks134
\tokcalissonlistetracesd=\toks135
)
(C:/Users/leoth/AppData/Local/Programs/MiKTeX/tex/latex/profcollege/PfCTectonic
.tex -- 2025/05/28 v0.1a
\PfCTectonic=\skip118
)
(C:/Users/leoth/AppData/Local/Programs/MiKTeX/tex/latex/profcollege/PfCEnigmeAi
re.tex -- 2025/05/27 v0.1a)
(C:/Users/leoth/AppData/Local/Programs/MiKTeX/tex/latex/profcollege/PfCBarresCa
lculs.tex -- 2024/08/04 v0.1)
(C:/Users/leoth/AppData/Local/Programs/MiKTeX/tex/latex/profcollege/PfCSolides.
tex -- 2025/05/27 v0.1b
\toksolidelistesommets=\toks136
\toksolidelistepointssections=\toks137
)
(C:/Users/leoth/AppData/Local/Programs/MiKTeX/tex/latex/profcollege/PfCVueCubes
.tex -- 2025/05/27 v0.1c
\toklisteVueCube=\toks138
)
(C:/Users/leoth/AppData/Local/Programs/MiKTeX/tex/latex/profcollege/PfCRLE.tex
-- 2024/08/04 v0.1
\toklisterle=\toks139
)
(C:/Users/leoth/AppData/Local/Programs/MiKTeX/tex/latex/profcollege/PfCEngrenag
esBase.tex -- 2025/05/27 v0.1a
\tokPfCEngrenages=\toks140
)
(C:/Users/leoth/AppData/Local/Programs/MiKTeX/tex/latex/profcollege/PfCTortueBa
se.tex -- 2025/05/28 v0.1a
\c@PfCTortue=\count662
)
(C:/Users/leoth/AppData/Local/Programs/MiKTeX/tex/latex/profcollege/PfCCompteBo
n.tex -- 2025/05/27 v0.1a
\tokPfCCBRappels=\toks141
)
(C:/Users/leoth/AppData/Local/Programs/MiKTeX/tex/latex/profcollege/PfCNombreAs
tral.tex -- 2025/05/27 v0.1a
\toklisteNANombres=\toks142
\toklisteNAMelange=\toks143
)
(C:/Users/leoth/AppData/Local/Programs/MiKTeX/tex/latex/profcollege/PfCMentalo.
tex -- 2024/08/04 v0.1)
(C:/Users/leoth/AppData/Local/Programs/MiKTeX/tex/latex/profcollege/PfCCalculsC
roises.tex -- 2024/08/04 v0.1
\PfCCalculsCroises=\skip119
\c@CCRetiensAide=\count663
)
(C:/Users/leoth/AppData/Local/Programs/MiKTeX/tex/latex/profcollege/PfCShikaku.
tex -- 2025/05/28 v0.1b
\PfCShikakuh=\skip120
\PfCShikakuv=\skip121
)
(C:/Users/leoth/AppData/Local/Programs/MiKTeX/tex/latex/profcollege/PfCKakuro.t
ex -- 2025/05/27 v0.1a
\PfCKakuro=\skip122
)
(C:/Users/leoth/AppData/Local/Programs/MiKTeX/tex/latex/profcollege/PfCKenKen.t
ex -- 2025/05/28 v0.1a
\PfCKenKen=\skip123
)
(C:/Users/leoth/AppData/Local/Programs/MiKTeX/tex/latex/profcollege/PfCPixelArt
.tex -- 2025/05/26 v0.1a
\toklistePANombre=\toks144
)
(C:/Users/leoth/AppData/Local/Programs/MiKTeX/tex/latex/profcollege/PfCYohaku.t
ex -- 2025/05/28 v0.1a
\PfCYohaku=\skip124
)
(C:/Users/leoth/AppData/Local/Programs/MiKTeX/tex/latex/profcollege/PfCRose.tex
-- 2025/05/27 v0.1)
(C:/Users/leoth/AppData/Local/Programs/MiKTeX/tex/latex/profcollege/PfCPuissanc
eQuatre.tex -- 2025/05/26 v0.1a
\toklistePQuatreh=\toks145
\toklistePQuatrev=\toks146
\toklistePQuatres=\toks147
)
(C:/Users/leoth/AppData/Local/Programs/MiKTeX/tex/latex/profcollege/PfCBillard.
tex -- 2024/08/28 v0.1a
\tokPfCMotBillard=\toks148
)
(C:/Users/leoth/AppData/Local/Programs/MiKTeX/tex/latex/profcollege/PfCRepresen
terEntier.tex -- 2024/08/04 v0.1)
(C:/Users/leoth/AppData/Local/Programs/MiKTeX/tex/latex/profcollege/PfCCAN.tex
-- 2024/08/04 v0.1
\c@CNNumQ=\count664
\RecupNbFichiers=\read6
\RecupSSDossiers=\read7
\zzz=\read8
\PfCLargeurQuestion=\skip125
\PfCLargeurReponse=\skip126
\PfCLargeurJury=\skip127
)
(C:/Users/leoth/AppData/Local/Programs/MiKTeX/tex/latex/profcollege/PfCFrise.te
x -- 2024/08/04 v0.1
\toklistefrise=\toks149
)
(C:/Users/leoth/AppData/Local/Programs/MiKTeX/tex/latex/profcollege/PfCGeometri
e.tex -- 2025/05/28 v0.1a)
(C:/Users/leoth/AppData/Local/Programs/MiKTeX/tex/latex/profcollege/PfCEnquete.
tex -- 2024/08/04 v0.1)
(C:/Users/leoth/AppData/Local/Programs/MiKTeX/tex/latex/profcollege/PfCModeleBa
rre.tex -- 2025/05/28 v0.1a
\toklistemodelbarresup=\toks150
\toklistemodelbarreinf=\toks151
\toklistemodelbarresep=\toks152
\toklistemodelbarreaccosup=\toks153
\toklistemodelbarreaccoinf=\toks154
)
(C:/Users/leoth/AppData/Local/Programs/MiKTeX/tex/latex/profcollege/PfCFicheMem
o.tex -- 2024/08/04 v0.1)
(C:/Users/leoth/AppData/Local/Programs/MiKTeX/tex/latex/profcollege/PfCOperatio
nsTrou.tex -- 2024/08/04 v0.1
\c@divxlop=\count665
\c@PfCcarry=\count666
\numint=\count667
\indint=\count668
\ind=\count669
\c@coulxlop=\count670
\c@coulxlopi=\count671
\c@coulxlopa=\count672
\c@coulxlopd=\count673
\c@coulxlopidiv=\count674
\c@coulxlopcoul=\count675
\c@PfCNumOp=\count676
\c@digits=\count677
\c@decrements=\count678
)
(C:/Users/leoth/AppData/Local/Programs/MiKTeX/tex/latex/profcollege/PfCCartogra
phie.tex -- 2025/12/11 v0.1b)
(C:/Users/leoth/AppData/Local/Programs/MiKTeX/tex/latex/profcollege/PfCReseauxS
ociaux.tex -- 2024/08/04 v0.1)
(C:/Users/leoth/AppData/Local/Programs/MiKTeX/tex/latex/profcollege/PfCBonSorti
e.tex -- 2024/08/04 v0.1)
(C:/Users/leoth/AppData/Local/Programs/MiKTeX/tex/latex/profcollege/PfCEcriture
Lettres.tex -- 2024/08/04 v0.1)
(C:/Users/leoth/AppData/Local/Programs/MiKTeX/tex/latex/profcollege/PfCDecompFr
acDeci.tex -- 2025/05/26 v0.1b
\PfCLongueurP=\skip128
)
(C:/Users/leoth/AppData/Local/Programs/MiKTeX/tex/latex/profcollege/PfCPyramide
Calculs.tex -- 2025/05/29 v0.2a
\toklistecaseP=\toks155
)
(C:/Users/leoth/AppData/Local/Programs/MiKTeX/tex/latex/profcollege/PfCTablesOp
erations.tex -- 2024/08/04 v0.1)
(C:/Users/leoth/AppData/Local/Programs/MiKTeX/tex/latex/profcollege/PfCDefiTabl
es.tex -- 2024/12/15 v0.1c
\c@PfCNbDefiTable=\count679
\c@PfCNbDefiTableRestore=\count680
\PfCDefiTableLargTab=\skip129
)
(C:/Users/leoth/AppData/Local/Programs/MiKTeX/tex/latex/profcollege/PfCRangemen
tNombres.tex -- 2024/08/04 v0.1
\dtldb@mtnumedb=\toks156
\dtlkeys@mtnumedb=\toks157
\dtlrows@mtnumedb=\count681
\dtlcols@mtnumedb=\count682
\dtldb@mtRGTdb=\toks158
\dtlkeys@mtRGTdb=\toks159
\dtlrows@mtRGTdb=\count683
\dtlcols@mtRGTdb=\count684
)
(C:/Users/leoth/AppData/Local/Programs/MiKTeX/tex/latex/profcollege/PfCMotsCode
s.tex -- 2024/08/04 v0.1)
(C:/Users/leoth/AppData/Local/Programs/MiKTeX/tex/latex/profcollege/PfCLabyrint
heJeu.tex -- 2024/08/04 v0.1
\LabyLongCM=\skip130
)
(C:/Users/leoth/AppData/Local/Programs/MiKTeX/tex/latex/profcollege/PfCTriomino
s.tex -- 2025/05/26 v0.1a
\toklisteTriomino=\toks160
)
(C:/Users/leoth/AppData/Local/Programs/MiKTeX/tex/latex/profcollege/PfCLabyrint
heNombre.tex -- 2025/05/28 v0.1a)
(C:/Users/leoth/AppData/Local/Programs/MiKTeX/tex/latex/profcollege/PfCMotsCroi
ses.tex -- 2024/08/04 v0.1
\c@PfCLettreHorizontal=\count685
)
(C:/Users/leoth/AppData/Local/Programs/MiKTeX/tex/latex/profcollege/PfCMotsEmpi
les.tex -- 2024/08/04 v0.1
\c@CompteurMotEmpile=\count686
)
(C:/Users/leoth/AppData/Local/Programs/MiKTeX/tex/latex/profcollege/PfCColorilu
de.tex -- 2025/11/27 v0.1a
\toklisteremplissage=\toks161
)
(C:/Users/leoth/AppData/Local/Programs/MiKTeX/tex/latex/profcollege/PfCMosaique
.tex -- 2024/08/04 v0.1
\toklistecaseM=\toks162
)
(C:/Users/leoth/AppData/Local/Programs/MiKTeX/tex/latex/profcollege/PfCQuiSuisJ
e.tex -- 2024/08/04 v0.1)
(C:/Users/leoth/AppData/Local/Programs/MiKTeX/tex/latex/profcollege/PfCDessinGr
adue.tex -- 2025/05/26 v0.1)
(C:/Users/leoth/AppData/Local/Programs/MiKTeX/tex/latex/profcollege/PfCAutonomi
e.tex -- 2024/08/04 v0.1)
(C:/Users/leoth/AppData/Local/Programs/MiKTeX/tex/latex/profcollege/PfCCalculat
rice.tex -- 2024/08/04 v0.1)
(C:/Users/leoth/AppData/Local/Programs/MiKTeX/tex/latex/profcollege/PfCQuestion
sFlash.tex -- 2024/08/04 v0.1
\HauteurFlash=\skip131
)
(C:/Users/leoth/AppData/Local/Programs/MiKTeX/tex/latex/profcollege/PfCRapido.t
ex -- 2025/05/26 v0.1a
\c@PfCnexo=\count687
\WidthRapido=\skip132
)
(C:/Users/leoth/AppData/Local/Programs/MiKTeX/tex/latex/profcollege/PfCRepresen
terFraction.tex -- 2025/07/16 v0.1c)
(C:/Users/leoth/AppData/Local/Programs/MiKTeX/tex/latex/profcollege/PfCQuestion
sRelier.tex -- 2025/08/26 v0.1b
\c@NbRelie=\count688
\c@NbRelieD=\count689
)
(C:/Users/leoth/AppData/Local/Programs/MiKTeX/tex/latex/profcollege/PfCEcrireun
QCM.tex -- 2025/09/24 v0.1e
\LargeurQCM=\skip133
\PfCLargeurQCM=\skip134
\c@QuestionQCM=\count690
\c@TitreQCM=\count691
\c@TotalQCMSeul=\count692
\c@TotalQCMSeulSol=\count693
)
(C:/Users/leoth/AppData/Local/Programs/MiKTeX/tex/latex/profcollege/PfCSommeAng
les.tex -- 2024/08/04 v0.1)
(C:/Users/leoth/AppData/Local/Programs/MiKTeX/tex/latex/profcollege/PfCPythagor
e.tex -- 2025/09/15 v0.1b)
(C:/Users/leoth/AppData/Local/Programs/MiKTeX/tex/latex/profcollege/PfCDistribu
tivite.tex -- 2025/05/28 v0.1a
\c@NbDistri=\count694
\c@NbCalculDistri=\count695
)
(C:/Users/leoth/AppData/Local/Programs/MiKTeX/tex/latex/profcollege/PfCFactoris
ation.tex -- 2025/05/27 v0.1a)
(C:/Users/leoth/AppData/Local/Programs/MiKTeX/tex/latex/profcollege/PfCDecompos
erNombrePremier.tex -- 2025/05/28 v0.1c
\tokNPElementsVisibles=\toks163
\premier=\count696
\premierun=\count697
\premierdeux=\count698
\anpT=\count699
\bnpT=\count700
\cnpT=\count701
\dnpT=\count702
)
(C:/Users/leoth/AppData/Local/Programs/MiKTeX/tex/latex/profcollege/PfCSimplifi
erFraction.tex -- 2025/05/26 v0.1b
\cnt@a=\count703
\cnt@b=\count704
\pgcd=\count705
\anpdc=\count706
\bnpdc=\count707
\cnpdc=\count708
\dnpdc=\count709
\PfCDivCom=\count710
\c@NbFrac=\count711
)
(C:/Users/leoth/AppData/Local/Programs/MiKTeX/tex/latex/profcollege/PfCThales.t
ex -- 2025/05/29 v0.1b
\ppcm=\count712
)
(C:/Users/leoth/AppData/Local/Programs/MiKTeX/tex/latex/profcollege/PfCTrigonom
etrie.tex -- 2024/08/04 v0.1)
(C:/Users/leoth/AppData/Local/Programs/MiKTeX/tex/latex/profcollege/PfCStatisti
ques.tex -- 2025/05/26 v0.1c
\tabtoksa=\toks164
\tabtoksb=\toks165
\tabtoksc=\toks166
\c@PfCCompteLignes=\count713
\CompteurECC=\count714
\CompteurECCTotal=\count715
\CompteurECCC=\count716
\CompteurECCCTotal=\count717
\dtldb@mtdb=\toks167
\dtlkeys@mtdb=\toks168
\dtlrows@mtdb=\count718
\dtlcols@mtdb=\count719
\nbdonnees=\count720
\dtldb@mtdbEE=\toks169
\dtlkeys@mtdbEE=\toks170
\dtlrows@mtdbEE=\count721
\dtlcols@mtdbEE=\count722
\dtldb@mtdbEEqual=\toks171
\dtlkeys@mtdbEEqual=\toks172
\dtlrows@mtdbEEqual=\count723
\dtlcols@mtdbEEqual=\count724
\TokzSMultiAbs=\toks173
\TokzSMultiOrd=\toks174
\TokzSMultiLegende=\toks175
)
(C:/Users/leoth/AppData/Local/Programs/MiKTeX/tex/latex/profcollege/PfCDiagramm
eRadar.tex -- 2024/02/02 v0.1a
\toklisteradarb=\toks176
)
(C:/Users/leoth/AppData/Local/Programs/MiKTeX/tex/latex/profcollege/PfCBarreNiv
eaux.tex -- 2024/08/04 v0.1
\barrewidth=\skip135
)
(C:/Users/leoth/AppData/Local/Programs/MiKTeX/tex/latex/profcollege/PfCResoudre
Equation.tex -- 2025/09/25 v0.1d
\c@Nbequa=\count725
\fdashwidth=\dimen479
\fdashlength=\dimen480
\fdashsep=\dimen481

(C:/Users/leoth/AppData/Local/Programs/MiKTeX/tex/latex/profcollege/PfCEquation
Soustraction2.tex)
(C:/Users/leoth/AppData/Local/Programs/MiKTeX/tex/latex/profcollege/PfCEquation
Terme1.tex)
(C:/Users/leoth/AppData/Local/Programs/MiKTeX/tex/latex/profcollege/PfCEquation
Composition2.tex)
(C:/Users/leoth/AppData/Local/Programs/MiKTeX/tex/latex/profcollege/PfCEquation
Pose1.tex)
(C:/Users/leoth/AppData/Local/Programs/MiKTeX/tex/latex/profcollege/PfCEquation
Symbole1.tex)
(C:/Users/leoth/AppData/Local/Programs/MiKTeX/tex/latex/profcollege/PfCEquation
Laurent1.tex)
(C:/Users/leoth/AppData/Local/Programs/MiKTeX/tex/latex/profcollege/PfCEquation
ModeleBarre.tex
\TestEquaMBarreH=\toks177
\TestEquaMBarreB=\toks178
)
(C:/Users/leoth/AppData/Local/Programs/MiKTeX/tex/latex/profcollege/PfCEquation
Balance.tex
\c@PfCEquaBalnumi=\count726
))
(C:/Users/leoth/AppData/Local/Programs/MiKTeX/tex/latex/profcollege/PfCPropor.t
ex -- 2024/09/04 v0.1a
\c@NbPropor=\count727
\c@NbProporG=\count728
\c@NbProporD=\count729
)
(C:/Users/leoth/AppData/Local/Programs/MiKTeX/tex/latex/profcollege/PfCPourcent
age.tex -- 2025/08/08 v0.1b)
(C:/Users/leoth/AppData/Local/Programs/MiKTeX/tex/latex/profcollege/PfCDessiner
Ratio.tex -- 2025/05/26 v0.1b
\toklisteratio=\toks179
)
(C:/Users/leoth/AppData/Local/Programs/MiKTeX/tex/latex/profcollege/PfCCartesMe
ntales.tex -- 2024/08/04 v0.1
\RoundedBoxWidth=\skip136
)
(C:/Users/leoth/AppData/Local/Programs/MiKTeX/tex/latex/profcollege/PfCPropriet
esDroites.tex -- 2024/08/04 v0.1)
(C:/Users/leoth/AppData/Local/Programs/MiKTeX/tex/latex/profcollege/PfCFonction
Affine.tex -- 2024/08/04 v0.1)
(C:/Users/leoth/AppData/Local/Programs/MiKTeX/tex/latex/profcollege/PfCNotionFo
nction.tex -- 2025/04/23 v0.1a
\toklistePtsFn=\toks180
\tokPfCListeDesFonctions=\toks181
\tokPfCListeDesNomsFonctions=\toks182
\tokPfCLabelX=\toks183
\tokPfCLabelY=\toks184
\myread=\read9
)
(C:/Users/leoth/AppData/Local/Programs/MiKTeX/tex/latex/profcollege/PfCRepresen
tationGraphique.tex -- 2025/05/27 v0.1a)
(C:/Users/leoth/AppData/Local/Programs/MiKTeX/tex/latex/profcollege/PfCRappelsF
ormules.tex -- 2024/08/04 v0.1)
(C:/Users/leoth/AppData/Local/Programs/MiKTeX/tex/latex/profcollege/PfCProbabil
ites.tex -- 2024/08/15 v0.1a
\toklistepointproba=\toks185
)
(C:/Users/leoth/AppData/Local/Programs/MiKTeX/tex/latex/profcollege/PfCReperage
.tex -- 2025/05/27 v0.1e
\toklistepointrepere=\toks186
\toklistepointdroite=\toks187
\toklistepointdemidroite=\toks188
\toklistenompointdemidroite=\toks189
\toklistepointespace=\toks190
)
(C:/Users/leoth/AppData/Local/Programs/MiKTeX/tex/latex/profcollege/PfCEcriture
Unites.tex -- 2025/07/17 v0.1b
\PfCLgUnites=\skip137
)
(C:/Users/leoth/AppData/Local/Programs/MiKTeX/tex/latex/profcollege/PfCTableaux
Unites.tex -- 2025/05/27 v0.1b `PfCTableauxUnites.tex' v0.1b (2025/05/27)
\PfCTableauNumLarg=\skip138
\PfCTableauPuissances=\skip139
\PfCCubeTabColSep=\skip140
)
(C:/Users/leoth/AppData/Local/Programs/MiKTeX/tex/latex/profcollege/PfCCartesJe
ux.tex -- 2024/08/04 v0.1
\largeurcards=\skip141
\hauteurcards=\skip142
\margecards=\skip143
\largeurcarte=\skip144
\hauteurcarte=\skip145
\hauteurtitre=\skip146
\largeurtitre=\skip147
\margeh=\skip148
\margev=\skip149
\PfCRayonArc=\skip150
\PfCCardsH=\skip151
\PfCCardsEcartH=\skip152
\PfCCardsV=\skip153
\PfCCardsEcartV=\skip154
\TokListeAjout=\toks191
)
(C:/Users/leoth/AppData/Local/Programs/MiKTeX/tex/latex/profcollege/PfCRepresen
terTableur.tex -- 2025/05/26 v0.1b
\cntlin=\count730
\cntcol=\count731
\Affichecntcol=\count732
\Affichecntlin=\count733
\t@b=\toks192
\t@bs=\toks193
\PfCLongInter=\skip155
\PfCTableurLargeurUn=\skip156
\PfCTableurLargeurDeux=\skip157
\PfCTableurLargeur=\skip158
\PfCTableurLargeurZero=\skip159
)
(C:/Users/leoth/AppData/Local/Programs/MiKTeX/tex/latex/profcollege/PfCDomino.t
ex -- 2024/08/04 v0.1)
(C:/Users/leoth/AppData/Local/Programs/MiKTeX/tex/latex/profcollege/PfCProgramm
eCalcul.tex -- 2024/08/04 v0.1
\c@NBprog=\count734
\PointillesClesProg=\skip160
)
(C:/Users/leoth/AppData/Local/Programs/MiKTeX/tex/latex/profcollege/PfCPapiers.
tex -- 2025/05/26 v0.1a
\PapierLeftCurrent=\skip161
)
(C:/Users/leoth/AppData/Local/Programs/MiKTeX/tex/latex/profcollege/PfCScratch.
tex -- 2025/02/17 v0.1b
\longbarreheight=\skip162
\longbarredepth=\skip163
)
(C:/Users/leoth/AppData/Local/Programs/MiKTeX/tex/latex/profcollege/PfCInfixRPN
.sty
`infix-RPN' v0.11 (Rev 1.7, 2004-07-06 23:41:52+02), J.-C.Charpentier/C.Jorssen
\@parenthesis=\count735
\token@cpt=\count736
)
(C:/Users/leoth/AppData/Local/Programs/MiKTeX/tex/latex/profcollege/PfCArbreCal
cul.tex -- 2025/05/26 v0.1a
\toklistearbre=\toks194
\toklistearbrefractions=\toks195
\toklistearbreexpressions=\toks196
)
\PfCScratchHeight=\skip164
\PfCScratchDepth=\skip165
)
(C:/Users/leoth/AppData/Local/Programs/MiKTeX/tex/latex/unicode-math/unicode-ma
th.sty
Package: unicode-math 2023/08/13 v0.8r Unicode maths in XeLaTeX and LuaLaTeX

(C:/Users/leoth/AppData/Local/Programs/MiKTeX/tex/latex/unicode-math/unicode-ma
th-luatex.sty
Package: unicode-math-luatex 2023/08/13 v0.8r Unicode maths in XeLaTeX and LuaL
aTeX

(C:/Users/leoth/AppData/Local/Programs/MiKTeX/tex/latex/base/fix-cm.sty
Package: fix-cm 2020/11/24 v1.1t fixes to LaTeX

(C:/Users/leoth/AppData/Local/Programs/MiKTeX/tex/latex/base/ts1enc.def
File: ts1enc.def 2001/06/05 v3.0e (jk/car/fm) Standard LaTeX file
LaTeX Font Info:    Redeclaring font encoding TS1 on input line 47.
LaTeX Encoding Info:    Redeclaring text command \capitalcedilla (encoding TS1)
 on input line 49.
LaTeX Encoding Info:    Redeclaring text command \capitalogonek (encoding TS1) 
on input line 52.
LaTeX Encoding Info:    Redeclaring text command \capitalgrave (encoding TS1) o
n input line 55.
LaTeX Encoding Info:    Redeclaring text command \capitalacute (encoding TS1) o
n input line 56.
LaTeX Encoding Info:    Redeclaring text command \capitalcircumflex (encoding T
S1) on input line 57.
LaTeX Encoding Info:    Redeclaring text command \capitaltilde (encoding TS1) o
n input line 58.
LaTeX Encoding Info:    Redeclaring text command \capitaldieresis (encoding TS1
) on input line 59.
LaTeX Encoding Info:    Redeclaring text command \capitalhungarumlaut (encoding
 TS1) on input line 60.
LaTeX Encoding Info:    Redeclaring text command \capitalring (encoding TS1) on
 input line 61.
LaTeX Encoding Info:    Redeclaring text command \capitalcaron (encoding TS1) o
n input line 62.
LaTeX Encoding Info:    Redeclaring text command \capitalbreve (encoding TS1) o
n input line 63.
LaTeX Encoding Info:    Redeclaring text command \capitalmacron (encoding TS1) 
on input line 64.
LaTeX Encoding Info:    Redeclaring text command \capitaldotaccent (encoding TS
1) on input line 65.
LaTeX Encoding Info:    Redeclaring text command \t (encoding TS1) on input lin
e 66.
LaTeX Encoding Info:    Redeclaring text command \capitaltie (encoding TS1) on 
input line 67.
LaTeX Encoding Info:    Redeclaring text command \newtie (encoding TS1) on inpu
t line 68.
LaTeX Encoding Info:    Redeclaring text command \capitalnewtie (encoding TS1) 
on input line 69.
LaTeX Encoding Info:    Redeclaring text symbol \textcapitalcompwordmark (encod
ing TS1) on input line 70.
LaTeX Encoding Info:    Redeclaring text symbol \textascendercompwordmark (enco
ding TS1) on input line 71.
LaTeX Encoding Info:    Redeclaring text symbol \textquotestraightbase (encodin
g TS1) on input line 72.
LaTeX Encoding Info:    Redeclaring text symbol \textquotestraightdblbase (enco
ding TS1) on input line 73.
LaTeX Encoding Info:    Redeclaring text symbol \texttwelveudash (encoding TS1)
 on input line 74.
LaTeX Encoding Info:    Redeclaring text symbol \textthreequartersemdash (encod
ing TS1) on input line 75.
LaTeX Encoding Info:    Redeclaring text symbol \textleftarrow (encoding TS1) o
n input line 76.
LaTeX Encoding Info:    Redeclaring text symbol \textrightarrow (encoding TS1) 
on input line 77.
LaTeX Encoding Info:    Redeclaring text symbol \textblank (encoding TS1) on in
put line 78.
LaTeX Encoding Info:    Redeclaring text symbol \textdollar (encoding TS1) on i
nput line 79.
LaTeX Encoding Info:    Redeclaring text symbol \textquotesingle (encoding TS1)
 on input line 80.
LaTeX Encoding Info:    Redeclaring text command \textasteriskcentered (encodin
g TS1) on input line 81.
LaTeX Encoding Info:    Redeclaring text symbol \textdblhyphen (encoding TS1) o
n input line 92.
LaTeX Encoding Info:    Redeclaring text symbol \textfractionsolidus (encoding 
TS1) on input line 93.
LaTeX Encoding Info:    Redeclaring text symbol \textzerooldstyle (encoding TS1
) on input line 94.
LaTeX Encoding Info:    Redeclaring text symbol \textoneoldstyle (encoding TS1)
 on input line 95.
LaTeX Encoding Info:    Redeclaring text symbol \texttwooldstyle (encoding TS1)
 on input line 96.
LaTeX Encoding Info:    Redeclaring text symbol \textthreeoldstyle (encoding TS
1) on input line 97.
LaTeX Encoding Info:    Redeclaring text symbol \textfouroldstyle (encoding TS1
) on input line 98.
LaTeX Encoding Info:    Redeclaring text symbol \textfiveoldstyle (encoding TS1
) on input line 99.
LaTeX Encoding Info:    Redeclaring text symbol \textsixoldstyle (encoding TS1)
 on input line 100.
LaTeX Encoding Info:    Redeclaring text symbol \textsevenoldstyle (encoding TS
1) on input line 101.
LaTeX Encoding Info:    Redeclaring text symbol \texteightoldstyle (encoding TS
1) on input line 102.
LaTeX Encoding Info:    Redeclaring text symbol \textnineoldstyle (encoding TS1
) on input line 103.
LaTeX Encoding Info:    Redeclaring text symbol \textlangle (encoding TS1) on i
nput line 104.
LaTeX Encoding Info:    Redeclaring text symbol \textminus (encoding TS1) on in
put line 105.
LaTeX Encoding Info:    Redeclaring text symbol \textrangle (encoding TS1) on i
nput line 106.
LaTeX Encoding Info:    Redeclaring text symbol \textmho (encoding TS1) on inpu
t line 107.
LaTeX Encoding Info:    Redeclaring text symbol \textbigcircle (encoding TS1) o
n input line 108.
LaTeX Encoding Info:    Redeclaring text command \textcircled (encoding TS1) on
 input line 109.
LaTeX Encoding Info:    Redeclaring text symbol \textohm (encoding TS1) on inpu
t line 115.
LaTeX Encoding Info:    Redeclaring text symbol \textlbrackdbl (encoding TS1) o
n input line 116.
LaTeX Encoding Info:    Redeclaring text symbol \textrbrackdbl (encoding TS1) o
n input line 117.
LaTeX Encoding Info:    Redeclaring text symbol \textuparrow (encoding TS1) on 
input line 118.
LaTeX Encoding Info:    Redeclaring text symbol \textdownarrow (encoding TS1) o
n input line 119.
LaTeX Encoding Info:    Redeclaring text symbol \textasciigrave (encoding TS1) 
on input line 120.
LaTeX Encoding Info:    Redeclaring text symbol \textborn (encoding TS1) on inp
ut line 121.
LaTeX Encoding Info:    Redeclaring text symbol \textdivorced (encoding TS1) on
 input line 122.
LaTeX Encoding Info:    Redeclaring text symbol \textdied (encoding TS1) on inp
ut line 123.
LaTeX Encoding Info:    Redeclaring text symbol \textleaf (encoding TS1) on inp
ut line 124.
LaTeX Encoding Info:    Redeclaring text symbol \textmarried (encoding TS1) on 
input line 125.
LaTeX Encoding Info:    Redeclaring text symbol \textmusicalnote (encoding TS1)
 on input line 126.
LaTeX Encoding Info:    Redeclaring text symbol \texttildelow (encoding TS1) on
 input line 127.
LaTeX Encoding Info:    Redeclaring text symbol \textdblhyphenchar (encoding TS
1) on input line 128.
LaTeX Encoding Info:    Redeclaring text symbol \textasciibreve (encoding TS1) 
on input line 129.
LaTeX Encoding Info:    Redeclaring text symbol \textasciicaron (encoding TS1) 
on input line 130.
LaTeX Encoding Info:    Redeclaring text symbol \textacutedbl (encoding TS1) on
 input line 131.
LaTeX Encoding Info:    Redeclaring text symbol \textgravedbl (encoding TS1) on
 input line 132.
LaTeX Encoding Info:    Redeclaring text symbol \textdagger (encoding TS1) on i
nput line 133.
LaTeX Encoding Info:    Redeclaring text symbol \textdaggerdbl (encoding TS1) o
n input line 134.
LaTeX Encoding Info:    Redeclaring text symbol \textbardbl (encoding TS1) on i
nput line 135.
LaTeX Encoding Info:    Redeclaring text symbol \textperthousand (encoding TS1)
 on input line 136.
LaTeX Encoding Info:    Redeclaring text symbol \textbullet (encoding TS1) on i
nput line 137.
LaTeX Encoding Info:    Redeclaring text symbol \textcelsius (encoding TS1) on 
input line 138.
LaTeX Encoding Info:    Redeclaring text symbol \textdollaroldstyle (encoding T
S1) on input line 139.
LaTeX Encoding Info:    Redeclaring text symbol \textcentoldstyle (encoding TS1
) on input line 140.
LaTeX Encoding Info:    Redeclaring text symbol \textflorin (encoding TS1) on i
nput line 141.
LaTeX Encoding Info:    Redeclaring text symbol \textcolonmonetary (encoding TS
1) on input line 142.
LaTeX Encoding Info:    Redeclaring text symbol \textwon (encoding TS1) on inpu
t line 143.
LaTeX Encoding Info:    Redeclaring text symbol \textnaira (encoding TS1) on in
put line 144.
LaTeX Encoding Info:    Redeclaring text symbol \textguarani (encoding TS1) on 
input line 145.
LaTeX Encoding Info:    Redeclaring text symbol \textpeso (encoding TS1) on inp
ut line 146.
LaTeX Encoding Info:    Redeclaring text symbol \textlira (encoding TS1) on inp
ut line 147.
LaTeX Encoding Info:    Redeclaring text symbol \textrecipe (encoding TS1) on i
nput line 148.
LaTeX Encoding Info:    Redeclaring text symbol \textinterrobang (encoding TS1)
 on input line 149.
LaTeX Encoding Info:    Redeclaring text symbol \textinterrobangdown (encoding 
TS1) on input line 150.
LaTeX Encoding Info:    Redeclaring text symbol \textdong (encoding TS1) on inp
ut line 151.
LaTeX Encoding Info:    Redeclaring text symbol \texttrademark (encoding TS1) o
n input line 152.
LaTeX Encoding Info:    Redeclaring text symbol \textpertenthousand (encoding T
S1) on input line 153.
LaTeX Encoding Info:    Redeclaring text symbol \textpilcrow (encoding TS1) on 
input line 154.
LaTeX Encoding Info:    Redeclaring text symbol \textbaht (encoding TS1) on inp
ut line 155.
LaTeX Encoding Info:    Redeclaring text symbol \textnumero (encoding TS1) on i
nput line 156.
LaTeX Encoding Info:    Redeclaring text symbol \textdiscount (encoding TS1) on
 input line 157.
LaTeX Encoding Info:    Redeclaring text symbol \textestimated (encoding TS1) o
n input line 158.
LaTeX Encoding Info:    Redeclaring text symbol \textopenbullet (encoding TS1) 
on input line 159.
LaTeX Encoding Info:    Redeclaring text symbol \textservicemark (encoding TS1)
 on input line 160.
LaTeX Encoding Info:    Redeclaring text symbol \textlquill (encoding TS1) on i
nput line 161.
LaTeX Encoding Info:    Redeclaring text symbol \textrquill (encoding TS1) on i
nput line 162.
LaTeX Encoding Info:    Redeclaring text symbol \textcent (encoding TS1) on inp
ut line 163.
LaTeX Encoding Info:    Redeclaring text symbol \textsterling (encoding TS1) on
 input line 164.
LaTeX Encoding Info:    Redeclaring text symbol \textcurrency (encoding TS1) on
 input line 165.
LaTeX Encoding Info:    Redeclaring text symbol \textyen (encoding TS1) on inpu
t line 166.
LaTeX Encoding Info:    Redeclaring text symbol \textbrokenbar (encoding TS1) o
n input line 167.
LaTeX Encoding Info:    Redeclaring text symbol \textsection (encoding TS1) on 
input line 168.
LaTeX Encoding Info:    Redeclaring text symbol \textasciidieresis (encoding TS
1) on input line 169.
LaTeX Encoding Info:    Redeclaring text symbol \textcopyright (encoding TS1) o
n input line 170.
LaTeX Encoding Info:    Redeclaring text symbol \textordfeminine (encoding TS1)
 on input line 171.
LaTeX Encoding Info:    Redeclaring text symbol \textcopyleft (encoding TS1) on
 input line 172.
LaTeX Encoding Info:    Redeclaring text symbol \textlnot (encoding TS1) on inp
ut line 173.
LaTeX Encoding Info:    Redeclaring text symbol \textcircledP (encoding TS1) on
 input line 174.
LaTeX Encoding Info:    Redeclaring text symbol \textregistered (encoding TS1) 
on input line 175.
LaTeX Encoding Info:    Redeclaring text symbol \textasciimacron (encoding TS1)
 on input line 176.
LaTeX Encoding Info:    Redeclaring text symbol \textdegree (encoding TS1) on i
nput line 177.
LaTeX Encoding Info:    Redeclaring text symbol \textpm (encoding TS1) on input
 line 178.
LaTeX Encoding Info:    Redeclaring text symbol \texttwosuperior (encoding TS1)
 on input line 179.
LaTeX Encoding Info:    Redeclaring text symbol \textthreesuperior (encoding TS
1) on input line 180.
LaTeX Encoding Info:    Redeclaring text symbol \textasciiacute (encoding TS1) 
on input line 181.
LaTeX Encoding Info:    Redeclaring text symbol \textmu (encoding TS1) on input
 line 182.
LaTeX Encoding Info:    Redeclaring text symbol \textparagraph (encoding TS1) o
n input line 183.
LaTeX Encoding Info:    Redeclaring text symbol \textperiodcentered (encoding T
S1) on input line 184.
LaTeX Encoding Info:    Redeclaring text symbol \textreferencemark (encoding TS
1) on input line 185.
LaTeX Encoding Info:    Redeclaring text symbol \textonesuperior (encoding TS1)
 on input line 186.
LaTeX Encoding Info:    Redeclaring text symbol \textordmasculine (encoding TS1
) on input line 187.
LaTeX Encoding Info:    Redeclaring text symbol \textsurd (encoding TS1) on inp
ut line 188.
LaTeX Encoding Info:    Redeclaring text symbol \textonequarter (encoding TS1) 
on input line 189.
LaTeX Encoding Info:    Redeclaring text symbol \textonehalf (encoding TS1) on 
input line 190.
LaTeX Encoding Info:    Redeclaring text symbol \textthreequarters (encoding TS
1) on input line 191.
LaTeX Encoding Info:    Redeclaring text symbol \texteuro (encoding TS1) on inp
ut line 192.
LaTeX Encoding Info:    Redeclaring text symbol \texttimes (encoding TS1) on in
put line 193.
LaTeX Encoding Info:    Redeclaring text symbol \textdiv (encoding TS1) on inpu
t line 194.
))
(C:/Users/leoth/AppData/Local/Programs/MiKTeX/tex/lualatex/lualatex-math/lualat
ex-math.sty
Package: lualatex-math 2022/01/01 v1.12 Patches for mathematics typesetting wit
h LuaLaTeX
Lua module: lualatex-math 2013/08/03 v1.3 Patches for mathematics typesetting wi
th LuaLaTeX)
\g__um_fam_int=\count737
\g__um_fonts_used_int=\count738
\l__um_primecount_int=\count739
\g__um_primekern_muskip=\muskip19

(C:/Users/leoth/AppData/Local/Programs/MiKTeX/tex/latex/unicode-math/unicode-ma
th-table.tex)))
(C:/Users/leoth/AppData/Local/Programs/MiKTeX/tex/latex/scratch3/scratch3.sty
Package: scratch3 2022/02/06 v0.19 Draw scratch3 instructions (CT)

(C:/Users/leoth/AppData/Local/Programs/MiKTeX/tex/generic/pgf/libraries/pgflibr
aryarrows.meta.code.tex
File: pgflibraryarrows.meta.code.tex 2025-08-29 v3.1.11a (3.1.11a)
\pgfarrowinset=\dimen482
\pgfarrowlength=\dimen483
\pgfarrowwidth=\dimen484
\pgfarrowlinewidth=\dimen485
)
\scr_loopnest=\count740
\scr_blocknum=\count741
\scr_box=\box187
\scr_yoffset=\dimen486
\scr_xoffset=\dimen487
)
(C:/Users/leoth/AppData/Local/Programs/MiKTeX/tex/latex/pgfplots/pgfplots.sty
(C:/Users/leoth/AppData/Local/Programs/MiKTeX/tex/generic/pgfplots/pgfplots.rev
ision.tex)
Package: pgfplots 2021/05/15 v1.18.1 Data Visualization (1.18.1)

(C:/Users/leoth/AppData/Local/Programs/MiKTeX/tex/generic/pgfplots/pgfplots.cod
e.tex
(C:/Users/leoth/AppData/Local/Programs/MiKTeX/tex/generic/pgfplots/pgfplotscore
.code.tex
Package pgfplots info on input line 124: Initializing with LUA version Lua 5.3
\pgfplots@luabackend@table=\catcodetable21
\t@pgfplots@toka=\toks197
\t@pgfplots@tokb=\toks198
\t@pgfplots@tokc=\toks199
\pgfplots@tmpa=\dimen488
\c@pgfplots@coordindex=\count742
\c@pgfplots@scanlineindex=\count743

(C:/Users/leoth/AppData/Local/Programs/MiKTeX/tex/generic/pgfplots/sys/pgfplots
sysgeneric.code.tex))
(C:/Users/leoth/AppData/Local/Programs/MiKTeX/tex/generic/pgfplots/libs/pgfplot
slibrary.code.tex)
(C:/Users/leoth/AppData/Local/Programs/MiKTeX/tex/generic/pgfplots/oldpgfcompat
ib/pgfplotsoldpgfsupp_loader.code.tex
(C:/Users/leoth/AppData/Local/Programs/MiKTeX/tex/generic/pgf/libraries/pgflibr
aryfpu.code.tex)
Package pgfplots: loading complementary utilities for your pgf version...
\t@pgf@toka=\toks200
\t@pgf@tokb=\toks201
\t@pgf@tokc=\toks202

(C:/Users/leoth/AppData/Local/Programs/MiKTeX/tex/generic/pgfplots/oldpgfcompat
ib/pgfplotsoldpgfsupp_pgfutil-common-lists.tex)
(C:/Users/leoth/AppData/Local/Programs/MiKTeX/tex/generic/pgf/libraries/luamath
/pgflibraryluamath.code.tex)
Package pgfplots info on input line 290: luamath library shipped with pgf 3.1.1
1a is up-to-date
)
(C:/Users/leoth/AppData/Local/Programs/MiKTeX/tex/generic/pgfplots/util/pgfplot
sutil.code.tex
Package pgfplots info on input line 82: Found new luatex: initializing lua comm
ands instead of write18 (shell-escape)

(C:/Users/leoth/AppData/Local/Programs/MiKTeX/tex/generic/pgfplots/liststructur
e/pgfplotsliststructure.code.tex)
(C:/Users/leoth/AppData/Local/Programs/MiKTeX/tex/generic/pgfplots/liststructur
e/pgfplotsliststructureext.code.tex)
(C:/Users/leoth/AppData/Local/Programs/MiKTeX/tex/generic/pgfplots/liststructur
e/pgfplotsarray.code.tex
\c@pgfplotsarray@tmp=\count744
)
(C:/Users/leoth/AppData/Local/Programs/MiKTeX/tex/generic/pgfplots/liststructur
e/pgfplotsmatrix.code.tex)
(C:/Users/leoth/AppData/Local/Programs/MiKTeX/tex/generic/pgfplots/numtable/pgf
plotstableshared.code.tex
\c@pgfplotstable@counta=\count745
\t@pgfplotstable@a=\toks203
)
(C:/Users/leoth/AppData/Local/Programs/MiKTeX/tex/generic/pgfplots/liststructur
e/pgfplotsdeque.code.tex)
(C:/Users/leoth/AppData/Local/Programs/MiKTeX/tex/generic/pgfplots/util/pgfplot
sbinary.code.tex
(C:/Users/leoth/AppData/Local/Programs/MiKTeX/tex/generic/pgfplots/util/pgfplot
sbinary.data.code.tex))
(C:/Users/leoth/AppData/Local/Programs/MiKTeX/tex/generic/pgfplots/util/pgfplot
sutil.verb.code.tex)
(C:/Users/leoth/AppData/Local/Programs/MiKTeX/tex/generic/pgfplots/libs/pgflibr
arypgfplots.surfshading.code.tex
\c@pgfplotslibrarysurf@no=\count746

(C:/Users/leoth/AppData/Local/Programs/MiKTeX/tex/generic/pgfplots/sys/pgflibra
rypgfplots.surfshading.pgfsys-luatex.def)))
(C:/Users/leoth/AppData/Local/Programs/MiKTeX/tex/generic/pgfplots/util/pgfplot
scolormap.code.tex
(C:/Users/leoth/AppData/Local/Programs/MiKTeX/tex/generic/pgfplots/util/pgfplot
scolor.code.tex))
(C:/Users/leoth/AppData/Local/Programs/MiKTeX/tex/generic/pgfplots/pgfplotsstac
kedplots.code.tex)
(C:/Users/leoth/AppData/Local/Programs/MiKTeX/tex/generic/pgfplots/pgfplotsplot
handlers.code.tex
(C:/Users/leoth/AppData/Local/Programs/MiKTeX/tex/generic/pgfplots/pgfplotsmesh
plothandler.code.tex
(C:/Users/leoth/AppData/Local/Programs/MiKTeX/tex/generic/pgfplots/pgfplotsmesh
plotimage.code.tex)))
(C:/Users/leoth/AppData/Local/Programs/MiKTeX/tex/generic/pgfplots/pgfplots.sca
ling.code.tex)
(C:/Users/leoth/AppData/Local/Programs/MiKTeX/tex/generic/pgfplots/pgfplotscoor
dprocessing.code.tex)
(C:/Users/leoth/AppData/Local/Programs/MiKTeX/tex/generic/pgfplots/pgfplots.err
orbars.code.tex)
(C:/Users/leoth/AppData/Local/Programs/MiKTeX/tex/generic/pgfplots/pgfplots.mar
kers.code.tex)
(C:/Users/leoth/AppData/Local/Programs/MiKTeX/tex/generic/pgfplots/pgfplotstick
s.code.tex)
(C:/Users/leoth/AppData/Local/Programs/MiKTeX/tex/generic/pgfplots/pgfplots.pat
hs.code.tex)
(C:/Users/leoth/AppData/Local/Programs/MiKTeX/tex/generic/pgf/frontendlayer/tik
z/libraries/tikzlibrarydecorations.code.tex
(C:/Users/leoth/AppData/Local/Programs/MiKTeX/tex/generic/pgf/modules/pgfmodule
decorations.code.tex
\pgfdecoratedcompleteddistance=\dimen489
\pgfdecoratedremainingdistance=\dimen490
\pgfdecoratedinputsegmentcompleteddistance=\dimen491
\pgfdecoratedinputsegmentremainingdistance=\dimen492
\pgf@decorate@distancetomove=\dimen493
\pgf@decorate@repeatstate=\count747
\pgfdecorationsegmentamplitude=\dimen494
\pgfdecorationsegmentlength=\dimen495
)
\tikz@lib@dec@box=\box188
)
(C:/Users/leoth/AppData/Local/Programs/MiKTeX/tex/generic/pgf/frontendlayer/tik
z/libraries/tikzlibrarydecorations.pathmorphing.code.tex
(C:/Users/leoth/AppData/Local/Programs/MiKTeX/tex/generic/pgf/libraries/decorat
ions/pgflibrarydecorations.pathmorphing.code.tex))
(C:/Users/leoth/AppData/Local/Programs/MiKTeX/tex/generic/pgf/frontendlayer/tik
z/libraries/tikzlibrarydecorations.pathreplacing.code.tex
(C:/Users/leoth/AppData/Local/Programs/MiKTeX/tex/generic/pgf/libraries/decorat
ions/pgflibrarydecorations.pathreplacing.code.tex))
(C:/Users/leoth/AppData/Local/Programs/MiKTeX/tex/generic/pgfplots/libs/tikzlib
rarypgfplots.contourlua.code.tex)
\pgfplots@numplots=\count748
\pgfplots@xmin@reg=\dimen496
\pgfplots@xmax@reg=\dimen497
\pgfplots@ymin@reg=\dimen498
\pgfplots@ymax@reg=\dimen499
\pgfplots@zmin@reg=\dimen500
\pgfplots@zmax@reg=\dimen501
)
(C:/Users/leoth/AppData/Local/Programs/MiKTeX/tex/generic/pgf/frontendlayer/tik
z/libraries/tikzlibraryplotmarks.code.tex
File: tikzlibraryplotmarks.code.tex 2025-08-29 v3.1.11a (3.1.11a)

(C:/Users/leoth/AppData/Local/Programs/MiKTeX/tex/generic/pgf/libraries/pgflibr
aryplotmarks.code.tex
File: pgflibraryplotmarks.code.tex 2025-08-29 v3.1.11a (3.1.11a)
)))
(C:/Users/leoth/AppData/Local/Programs/MiKTeX/tex/generic/pgf/frontendlayer/tik
z/libraries/tikzlibrarypatterns.code.tex
File: tikzlibrarypatterns.code.tex 2025-08-29 v3.1.11a (3.1.11a)

(C:/Users/leoth/AppData/Local/Programs/MiKTeX/tex/generic/pgf/libraries/pgflibr
arypatterns.code.tex
File: pgflibrarypatterns.code.tex 2025-08-29 v3.1.11a (3.1.11a)
))
(C:/Users/leoth/AppData/Local/Programs/MiKTeX/tex/generic/pgf/frontendlayer/tik
z/libraries/tikzlibraryshapes.gates.logic.US.code.tex
File: tikzlibraryshapes.gates.logic.US.code.tex 2025-08-29 v3.1.11a (3.1.11a)

(C:/Users/leoth/AppData/Local/Programs/MiKTeX/tex/generic/pgf/libraries/shapes/
circuits/pgflibraryshapes.gates.logic.US.code.tex
(C:/Users/leoth/AppData/Local/Programs/MiKTeX/tex/generic/pgf/libraries/shapes/
circuits/pgflibraryshapes.gates.logic.code.tex)))
(C:/Users/leoth/AppData/Local/Programs/MiKTeX/tex/generic/pgf/frontendlayer/tik
z/libraries/tikzlibraryshapes.gates.logic.IEC.code.tex
File: tikzlibraryshapes.gates.logic.IEC.code.tex 2025-08-29 v3.1.11a (3.1.11a)

(C:/Users/leoth/AppData/Local/Programs/MiKTeX/tex/generic/pgf/libraries/shapes/
circuits/pgflibraryshapes.gates.logic.IEC.code.tex))
(C:/Users/leoth/AppData/Local/Programs/MiKTeX/tex/generic/pgf/frontendlayer/tik
z/libraries/tikzlibraryer.code.tex
File: tikzlibraryer.code.tex 2025-08-29 v3.1.11a (3.1.11a)
)
(C:/Users/leoth/AppData/Local/Programs/MiKTeX/tex/generic/pgf/frontendlayer/tik
z/libraries/tikzlibraryautomata.code.tex
File: tikzlibraryautomata.code.tex 2025-08-29 v3.1.11a (3.1.11a)
)
(C:/Users/leoth/AppData/Local/Programs/MiKTeX/tex/generic/pgf/frontendlayer/tik
z/libraries/tikzlibrarytrees.code.tex
File: tikzlibrarytrees.code.tex 2025-08-29 v3.1.11a (3.1.11a)
)
(C:/Users/leoth/AppData/Local/Programs/MiKTeX/tex/generic/pgf/frontendlayer/tik
z/libraries/tikzlibrarypetri.code.tex
File: tikzlibrarypetri.code.tex 2025-08-29 v3.1.11a (3.1.11a)
)
(C:/Users/leoth/AppData/Local/Programs/MiKTeX/tex/generic/pgf/frontendlayer/tik
z/libraries/tikzlibrarymindmap.code.tex
File: tikzlibrarymindmap.code.tex 2025-08-29 v3.1.11a (3.1.11a)
)
(C:/Users/leoth/AppData/Local/Programs/MiKTeX/tex/generic/pgf/frontendlayer/tik
z/libraries/tikzlibrarymatrix.code.tex
File: tikzlibrarymatrix.code.tex 2025-08-29 v3.1.11a (3.1.11a)
)
(C:/Users/leoth/AppData/Local/Programs/MiKTeX/tex/generic/pgf/frontendlayer/tik
z/libraries/tikzlibrarycalendar.code.tex
File: tikzlibrarycalendar.code.tex 2025-08-29 v3.1.11a (3.1.11a)

(C:/Users/leoth/AppData/Local/Programs/MiKTeX/tex/latex/pgf/utilities/pgfcalend
ar.sty
(C:/Users/leoth/AppData/Local/Programs/MiKTeX/tex/generic/pgf/utilities/pgfcale
ndar.code.tex
File: pgfcalendar.code.tex 2025-08-29 v3.1.11a (3.1.11a)
\pgfcalendarcurrentjulian=\count749
\pgf@cal@easter@Y=\count750
\pgf@cal@easter@G=\count751
\pgf@cal@easter@C=\count752
\pgf@cal@easter@X=\count753
\pgf@cal@easter@Z=\count754
\pgf@cal@easter@D=\count755
\pgf@cal@easter@E=\count756
\pgf@cal@easter@N=\count757
\pgf@cal@easter@M=\count758
\pgf@cal@easter@julianday=\count759
)))
(C:/Users/leoth/AppData/Local/Programs/MiKTeX/tex/generic/pgf/frontendlayer/tik
z/libraries/tikzlibraryfolding.code.tex
File: tikzlibraryfolding.code.tex 2025-08-29 v3.1.11a (3.1.11a)
\tikz@lib@fold@length=\dimen502
)
(C:/Users/leoth/AppData/Local/Programs/MiKTeX/tex/generic/pgf/frontendlayer/tik
z/libraries/tikzlibraryfadings.code.tex
File: tikzlibraryfadings.code.tex 2025-08-29 v3.1.11a (3.1.11a)

(C:/Users/leoth/AppData/Local/Programs/MiKTeX/tex/generic/pgf/libraries/pgflibr
aryfadings.code.tex
File: pgflibraryfadings.code.tex 2025-08-29 v3.1.11a (3.1.11a)
))
(C:/Users/leoth/AppData/Local/Programs/MiKTeX/tex/generic/pgf/frontendlayer/tik
z/libraries/tikzlibrarythrough.code.tex
File: tikzlibrarythrough.code.tex 2025-08-29 v3.1.11a (3.1.11a)
)
(C:/Users/leoth/AppData/Local/Programs/MiKTeX/tex/generic/pgf/frontendlayer/tik
z/libraries/tikzlibraryscopes.code.tex
File: tikzlibraryscopes.code.tex 2025-08-29 v3.1.11a (3.1.11a)
)
(C:/Users/leoth/AppData/Local/Programs/MiKTeX/tex/generic/pgf/frontendlayer/tik
z/libraries/tikzlibrarydecorations.fractals.code.tex
(C:/Users/leoth/AppData/Local/Programs/MiKTeX/tex/generic/pgf/libraries/decorat
ions/pgflibrarydecorations.fractals.code.tex))
(C:/Users/leoth/AppData/Local/Programs/MiKTeX/tex/generic/pgf/frontendlayer/tik
z/libraries/tikzlibrarydecorations.shapes.code.tex
(C:/Users/leoth/AppData/Local/Programs/MiKTeX/tex/generic/pgf/libraries/decorat
ions/pgflibrarydecorations.shapes.code.tex))
(C:/Users/leoth/AppData/Local/Programs/MiKTeX/tex/generic/pgf/frontendlayer/tik
z/libraries/tikzlibrarydecorations.text.code.tex
(C:/Users/leoth/AppData/Local/Programs/MiKTeX/tex/generic/pgf/libraries/decorat
ions/pgflibrarydecorations.text.code.tex
\pgf@lib@dec@text@box=\box189
)
\tikz@lib@dec@te@box=\box190
)
(C:/Users/leoth/AppData/Local/Programs/MiKTeX/tex/generic/pgf/frontendlayer/tik
z/libraries/tikzlibrarydecorations.footprints.code.tex
(C:/Users/leoth/AppData/Local/Programs/MiKTeX/tex/generic/pgf/libraries/decorat
ions/pgflibrarydecorations.footprints.code.tex))
(C:/Users/leoth/AppData/Local/Programs/MiKTeX/tex/generic/pgf/frontendlayer/tik
z/libraries/tikzlibrarydecorations.markings.code.tex
(C:/Users/leoth/AppData/Local/Programs/MiKTeX/tex/generic/pgf/libraries/decorat
ions/pgflibrarydecorations.markings.code.tex))
(C:/Users/leoth/AppData/Local/Programs/MiKTeX/tex/generic/pgf/frontendlayer/tik
z/libraries/tikzlibraryshadows.code.tex
File: tikzlibraryshadows.code.tex 2025-08-29 v3.1.11a (3.1.11a)
)
(C:/Users/leoth/AppData/Local/Programs/MiKTeX/tex/latex/pdflscape/pdflscape.sty
Package: pdflscape 2022-10-27 v0.13 Display of landscape pages in PDF

(C:/Users/leoth/AppData/Local/Programs/MiKTeX/tex/latex/pdflscape/pdflscape-nom
etadata.sty
Package: pdflscape-nometadata 2022-10-28 v0.13 Display of landscape pages in PD
F (HO)

(C:/Users/leoth/AppData/Local/Programs/MiKTeX/tex/latex/graphics/lscape.sty
Package: lscape 2020/05/28 v3.02 Landscape Pages (DPC)
)
Package pdflscape Info: Auto-detected driver: pdftex on input line 81.
))
(C:/Users/leoth/AppData/Local/Programs/MiKTeX/tex/latex/tools/tabularx.sty
Package: tabularx 2023/12/11 v2.12a `tabularx' package (DPC)
\TX@col@width=\dimen503
\TX@old@table=\dimen504
\TX@old@col=\dimen505
\TX@target=\dimen506
\TX@delta=\dimen507
\TX@cols=\count760
\TX@ftn=\toks204
)
(C:/Users/leoth/AppData/Local/Programs/MiKTeX/tex/latex/tkz-fct/tkz-fct.sty
2022/01/27 1.7c function tkz-fct
Package: tkz-fct 2022/01/27 1.7c function 
\tkz@tkzf@fct=\count761
(C:/Users/leoth/AppData/Local/Programs/MiKTeX/tex/latex/tkz-base/tkz-base.sty
2024/01/16 4.21c tkz-base.sty
Package: tkz-base 2024/01/16 4.21c tkz-base

(C:/Users/leoth/AppData/Local/Programs/MiKTeX/tex/generic/pgf/frontendlayer/tik
z/libraries/tikzlibraryangles.code.tex
File: tikzlibraryangles.code.tex 2025-08-29 v3.1.11a (3.1.11a)
)
(C:/Users/leoth/AppData/Local/Programs/MiKTeX/tex/generic/pgf/frontendlayer/tik
z/libraries/tikzlibraryintersections.code.tex
(C:/Users/leoth/AppData/Local/Programs/MiKTeX/tex/generic/pgf/libraries/pgflibr
aryintersections.code.tex
\pgf@intersect@solutions=\count762
))
(C:/Users/leoth/AppData/Local/Programs/MiKTeX/tex/generic/pgf/frontendlayer/tik
z/libraries/tikzlibraryquotes.code.tex
File: tikzlibraryquotes.code.tex 2025-08-29 v3.1.11a (3.1.11a)
)
(C:/Users/leoth/AppData/Local/Programs/MiKTeX/tex/latex/l3packages/xfp/xfp.sty
Package: xfp 2025-10-09 L3 Floating point unit
) (C:/Users/leoth/AppData/Local/Programs/MiKTeX/tex/latex/fp/fp.sty
Package: fp 1995/04/02

`Fixed Point Package', Version 0.8, April 2, 1995 (C) Michael Mehlich
(C:/Users/leoth/AppData/Local/Programs/MiKTeX/tex/latex/fp/defpattern.sty
Package: defpattern 1994/10/12
\actioncount=\count763
)
(C:/Users/leoth/AppData/Local/Programs/MiKTeX/tex/latex/fp/fp-basic.sty
Package: fp-basic 1996/05/13
\FP@xs=\count764
\FP@xia=\count765
\FP@xib=\count766
\FP@xfa=\count767
\FP@xfb=\count768
\FP@rega=\count769
\FP@regb=\count770
\FP@regs=\count771
\FP@times=\count772
)
(C:/Users/leoth/AppData/Local/Programs/MiKTeX/tex/latex/fp/fp-addons.sty
Package: fp-addons 1995/03/15
)
(C:/Users/leoth/AppData/Local/Programs/MiKTeX/tex/latex/fp/fp-snap.sty
Package: fp-snap 1995/04/05
)
(C:/Users/leoth/AppData/Local/Programs/MiKTeX/tex/latex/fp/fp-exp.sty
Package: fp-exp 1995/04/03
)
(C:/Users/leoth/AppData/Local/Programs/MiKTeX/tex/latex/fp/fp-trigo.sty
Package: fp-trigo 1995/04/14
)
(C:/Users/leoth/AppData/Local/Programs/MiKTeX/tex/latex/fp/fp-pas.sty
Package: fp-pas 1994/08/29
)
(C:/Users/leoth/AppData/Local/Programs/MiKTeX/tex/latex/fp/fp-random.sty
Package: fp-random 1995/02/23
\FPseed=\count773
)
(C:/Users/leoth/AppData/Local/Programs/MiKTeX/tex/latex/fp/fp-eqn.sty
Package: fp-eqn 1995/04/03
)
(C:/Users/leoth/AppData/Local/Programs/MiKTeX/tex/latex/fp/fp-upn.sty
Package: fp-upn 1996/10/21
)
(C:/Users/leoth/AppData/Local/Programs/MiKTeX/tex/latex/fp/fp-eval.sty
Package: fp-eval 1995/04/03
))
\tkz@ax=\dimen508
\tkz@ay=\dimen509
\tkz@bx=\dimen510
\tkz@by=\dimen511
\tkz@cx=\dimen512
\tkz@cy=\dimen513
\tkz@dx=\dimen514
\tkz@dy=\dimen515
\tkz@tax=\dimen516
\tkz@tay=\dimen517
\tkz@tbx=\dimen518
\tkz@tby=\dimen519
\tkz@tcx=\dimen520
\tkz@tcy=\dimen521
\tkz@tdx=\dimen522
\tkz@tdy=\dimen523
\tkz@cntmk=\count774

Local configuration file tkz-base.cfg found and used
(C:/Users/leoth/AppData/Local/Programs/MiKTeX/tex/latex/tkz-base/tkz-base.cfg
2024/01/16 4.21c tkz-base.cfg
)
(C:/Users/leoth/AppData/Local/Programs/MiKTeX/tex/latex/tkz-base/tkz-tools-modu
les.tex
2024/01/16 4.21c tkz-tools-modules.tex
)
(C:/Users/leoth/AppData/Local/Programs/MiKTeX/tex/latex/tkz-base/tkz-lib-marks.
tex
2024/01/16 4.21c tkz-lib-marks.tex
)
(C:/Users/leoth/AppData/Local/Programs/MiKTeX/tex/latex/tkz-base/tkz-lib-shape.
tex
2024/01/16 4.21c tkz-lib-shape.tex
)
(C:/Users/leoth/AppData/Local/Programs/MiKTeX/tex/latex/tkz-base/tkz-tools-base
.tex
2024/01/16 4.21c tkz-tools-base.tex
)
(C:/Users/leoth/AppData/Local/Programs/MiKTeX/tex/latex/tkz-base/tkz-tools-util
ities.tex
2024/01/16 4.21c tkz-tools-utilities.tex
)
(C:/Users/leoth/AppData/Local/Programs/MiKTeX/tex/latex/tkz-base/tkz-tools-colo
rs.tex
2024/01/16 4.21c tkz-tools-colors
)
(C:/Users/leoth/AppData/Local/Programs/MiKTeX/tex/latex/tkz-base/tkz-tools-text
.tex
2024/01/16 4.21c tkz-tools-text.tex
)
(C:/Users/leoth/AppData/Local/Programs/MiKTeX/tex/latex/tkz-base/tkz-tools-BB.t
ex
2024/01/16 4.21c tkz-obj-BB.tex
)
(C:/Users/leoth/AppData/Local/Programs/MiKTeX/tex/latex/tkz-base/tkz-tools-arit
h.tex
2024/01/16 4.21c tkz-tools-arith.tex
File: tkz-tool-arith.tex tkz-tool-arith 3.02 c
)
(C:/Users/leoth/AppData/Local/Programs/MiKTeX/tex/latex/tkz-base/tkz-tools-prin
t.tex
2024/01/16 4.21c tkz-tools-print
)
(C:/Users/leoth/AppData/Local/Programs/MiKTeX/tex/latex/tkz-base/tkz-tools-misc
.tex
2024/01/16 4.21c tkz-tools-misc.tex
)
(C:/Users/leoth/AppData/Local/Programs/MiKTeX/tex/latex/tkz-base/tkz-obj-axes.t
ex
2024/01/16 4.21c tkz-obj-axes
)
(C:/Users/leoth/AppData/Local/Programs/MiKTeX/tex/latex/tkz-base/tkz-obj-grids.
tex
2024/01/16 4.21c tkz-obj-grids.tex
)
(C:/Users/leoth/AppData/Local/Programs/MiKTeX/tex/latex/tkz-base/tkz-obj-marks.
tex
2024/01/16 4.21c tkz-obj-marks.tex
)
(C:/Users/leoth/AppData/Local/Programs/MiKTeX/tex/latex/tkz-base/tkz-obj-points
.tex
2024/01/16 4.21c tkz-obj-points.tex
)
(C:/Users/leoth/AppData/Local/Programs/MiKTeX/tex/latex/tkz-base/tkz-obj-rep.te
x
2024/01/16 4.21c tkz-obj-rep.tex
)) ( FP-EVAL ( FP-UPN ) ) ( FP-EVAL ( FP-UPN ) ) ( FP-EVAL ( FP-UPN ( FP-SUB )
) ) ( FP-EVAL ( FP-UPN ) ) ( FP-EVAL ( FP-UPN ( FP-SUB ) ) ) ( FP-EVAL
( FP-UPN ) ))
(C:/Users/leoth/AppData/Local/Programs/MiKTeX/tex/latex/tkz-tab/tkz-tab.sty
Package: tkz-tab 2020/04/29 v2.12c variations (ctan version)
\tkz@XF=\dimen524
\tkz@YF=\dimen525
\c@tkz@cnt@line=\count775
\c@tkz@cnt@lg=\count776
\c@tkz@cnt@cl=\count777
\c@tkz@cnt@pred=\count778
\c@tkz@cnt@temp=\count779
\c@tkz@cnt@arrow=\count780
\c@tkz@cnt@zone=\count781
\c@tkz@cnt@lgnext=\count782
\c@tkz@cnt@clnext=\count783
\c@tkz@cnt@pair=\count784
\c@tkz@cnt@impair=\count785
\c@tkz@cnt@aw=\count786
)
(C:/Users/leoth/AppData/Local/Programs/MiKTeX/tex/latex/tkz-euclide/tkz-euclide
.sty
2026/01/25 5.13c tkz-euclide.sty
Package: tkz-euclide  2026/01/25 5.13c for pure Euclidean Geometry 
\tkzRadius=\dimen526
\tkzLength=\dimen527
\tkz@radi=\dimen528

(C:/Users/leoth/AppData/Local/Programs/MiKTeX/tex/latex/tkz-euclide/tools-lua/t
kz-tools-eu-lua-base.tex
2026/01/25 5.13c tkz-tools-lua-base.tex
)
(C:/Users/leoth/AppData/Local/Programs/MiKTeX/tex/latex/tkz-euclide/obj-lua/tkz
-obj-eu-lua-points.tex
2026/01/25 5.13c tkz-obj-lua-points.tex
)
(C:/Users/leoth/AppData/Local/Programs/MiKTeX/tex/latex/tkz-euclide/tools-lua/t
kz-tools-eu-lua-math.tex
2026/01/25 5.13c tkz-tools-lua-math.tex
)
(C:/Users/leoth/AppData/Local/Programs/MiKTeX/tex/latex/tkz-euclide/tools-lua/t
kz-tools-eu-lua-intersections.tex
2026/01/25 5.13c tkz-tools-lua-intersections.tex
)
(C:/Users/leoth/AppData/Local/Programs/MiKTeX/tex/latex/tkz-euclide/obj-lua/tkz
-obj-eu-lua-points-by.tex
2026/01/25 5.13c tkz-tools-lua-points-by.tex
)
(C:/Users/leoth/AppData/Local/Programs/MiKTeX/tex/latex/tkz-euclide/obj-lua/tkz
-obj-eu-lua-points-with.tex
2026/01/25 5.13c tkz-obj-lua-points-with.tex
)
(C:/Users/leoth/AppData/Local/Programs/MiKTeX/tex/latex/tkz-euclide/obj-lua/tkz
-obj-eu-lua-points-spc.tex
2026/01/25 5.13c tkz-obj-lua-points-spc.tex
)
(C:/Users/leoth/AppData/Local/Programs/MiKTeX/tex/latex/tkz-euclide/tools-lua/t
kz-tools-eu-lua-angles.tex
2026/01/25 5.13c tkz-tools-lua-angles.tex
)
(C:/Users/leoth/AppData/Local/Programs/MiKTeX/tex/latex/tkz-euclide/obj-lua/tkz
-obj-eu-lua-circles.tex
2026/01/25 5.13c tkz-obj-lua-circles.tex
)
(C:/Users/leoth/AppData/Local/Programs/MiKTeX/tex/latex/tkz-euclide/obj-lua/tkz
-obj-eu-lua-circles-by.tex
2026/01/25 5.13c tkz-obj-eu-circles-by.tex
)
(C:/Users/leoth/AppData/Local/Programs/MiKTeX/tex/latex/tkz-euclide/obj/tkz-obj
-eu-points-rnd.tex
2026/01/25 5.13c tkz-obj-eu-points-rnd.tex
)
(C:/Users/leoth/AppData/Local/Programs/MiKTeX/tex/latex/tkz-euclide/obj/tkz-obj
-eu-lines.tex
2026/01/25 5.13c tkz-obj-eu-lines.tex
)
(C:/Users/leoth/AppData/Local/Programs/MiKTeX/tex/latex/tkz-euclide/obj/tkz-obj
-eu-polygons.tex
2026/01/25 5.13c tkz-obj-eu-polygons.tex
)
(C:/Users/leoth/AppData/Local/Programs/MiKTeX/tex/latex/tkz-euclide/obj/tkz-obj
-eu-triangles.tex
2026/01/25 5.13c tkz-obj-eu-triangles.tex
)
(C:/Users/leoth/AppData/Local/Programs/MiKTeX/tex/latex/tkz-euclide/drawings/tk
z-draw-eu-lines.tex
2026/01/25 5.13c tkz-obj-eu-draw-lines.tex
)
(C:/Users/leoth/AppData/Local/Programs/MiKTeX/tex/latex/tkz-euclide/drawings/tk
z-draw-eu-circles.tex
2026/01/25 5.13c tkz-obj-eu-draw-circles.tex
)
(C:/Users/leoth/AppData/Local/Programs/MiKTeX/tex/latex/tkz-euclide/drawings/tk
z-draw-eu-ellipses.tex
2026/01/25 5.13c tkz-obj-eu-draw-ellipses.tex
)
(C:/Users/leoth/AppData/Local/Programs/MiKTeX/tex/latex/tkz-euclide/drawings/tk
z-draw-eu-polygons.tex
2026/01/25 5.13c tkz-obj-eu-polygons.tex
)
(C:/Users/leoth/AppData/Local/Programs/MiKTeX/tex/latex/tkz-euclide/drawings/tk
z-draw-eu-arcs.tex
2026/01/25 5.13c tkz-tool-eu-arcs.tex
)
(C:/Users/leoth/AppData/Local/Programs/MiKTeX/tex/latex/tkz-euclide/drawings/tk
z-draw-eu-angles.tex
2026/01/25 5.13c tkz-tool-eu-angles.tex
)
(C:/Users/leoth/AppData/Local/Programs/MiKTeX/tex/latex/tkz-euclide/drawings/tk
z-draw-eu-sectors.tex
2026/01/25 5.13c tkz-obj-eu-sectors.tex
)
(C:/Users/leoth/AppData/Local/Programs/MiKTeX/tex/latex/tkz-euclide/drawings/tk
z-draw-eu-compass.tex
2026/01/25 5.13c tkz-obj-eu-compass.tex
)
(C:/Users/leoth/AppData/Local/Programs/MiKTeX/tex/latex/tkz-euclide/drawings/tk
z-draw-eu-show.tex
2026/01/25 5.13c tkz-obj-eu-show.tex
)
(C:/Users/leoth/AppData/Local/Programs/MiKTeX/tex/latex/tkz-euclide/drawings/tk
z-draw-eu-protractor.tex
2026/01/25 5.13c tkz-obj-eu-protractor.tex
))
(C:/Users/leoth/AppData/Local/Programs/MiKTeX/tex/latex/jknappen/mathrsfs.sty
Package: mathrsfs 1996/01/01 Math RSFS package v1.0 (jk)
\symrsfs=\mathgroup6
)
(C:/Users/leoth/AppData/Local/Programs/MiKTeX/tex/latex/bbding/bbding.sty
Package: bbding 1999/04/15 v1.01 Dingbats symbols
)
(C:/Users/leoth/AppData/Local/Programs/MiKTeX/tex/fonts/ifsym/ifsym.sty
Package: ifsym 2000/04/18 I.Kloeckl
\c@ifsymcnt=\count787
)
(C:/Users/leoth/AppData/Local/Programs/MiKTeX/tex/latex/fancybox/fancybox.sty
Package: fancybox 2010/05/15 1.4

Style option: `fancybox' v1.4 <2010/05/15> (tvz)
\@fancybox=\box191
\shadowsize=\dimen529
\@Sbox=\box192
\do@VerbBox=\toks205
\the@fancyput=\toks206
\this@fancyput=\toks207
\EndVerbatimTokens=\toks208
\Verbatim@Outfile=\write4
\Verbatim@Infile=\read10
) (C:/Users/leoth/AppData/Local/Programs/MiKTeX/tex/latex/setspace/setspace.sty
Package: setspace 2022/12/04 v6.7b set line spacing
) (C:/Users/leoth/AppData/Local/Programs/MiKTeX/tex/latex/multirow/multirow.sty
Package: multirow 2024/11/12 v2.9 Span multiple rows of a table
\multirow@colwidth=\skip166
\multirow@cntb=\count788
\multirow@dima=\skip167
\bigstrutjot=\dimen530
) (C:/Users/leoth/AppData/Local/Programs/MiKTeX/tex/latex/qrcode/qrcode.sty
Package: qrcode 2015/01/08 v1.51 QR code generation
\c@qr@i=\count789
\c@qr@j=\count790
\qr@a=\count791
\qr@b=\count792
\qr@c=\count793
\qr@for@depth=\count794
\qr@for@maxdepth=\count795
\qr@for@start=\count796
\qr@for@end=\count797
\qr@for@step=\count798
\qr@newforcount=\count799
\qr@newforcount=\count800
\qr@desiredheight=\skip168
\qr@modulesize=\skip169
\qr@minipagewidth=\skip170
\c@maski=\count801
\c@maskj=\count802
\c@totalones=\count803
\c@penaltyi=\count804
\c@penaltyii=\count805
\c@penaltyiii=\count806
\c@penaltyiv=\count807
\c@qr@hexchars=\count808
\qr@newforcount=\count809
\c@qr@divisionsremaining=\count810
)
(C:/Users/leoth/AppData/Local/Programs/MiKTeX/tex/latex/tikzsymbols/tikzsymbols
.sty
Package: tikzsymbols 2021/12/14 v4.12a Some symbols created using tikz and LaTe
X3.
 (C:/Users/leoth/AppData/Local/Programs/MiKTeX/tex/latex/tools/xspace.sty
Package: xspace 2014/10/28 v1.13 Space after command names (DPC,MH)
)
\l__tikzsymbols_Moai_thickness_dim=\dimen531
\l__tikzsymbols_Kochtopf_nr_arguments_int=\count811
\l__tikzsymbols_Bratpfanne_nr_arguments_int=\count812
\l__tikzsymbols_Schneebesen_nr_arguments_int=\count813
\l__tikzsymbols_Sieb_nr_arguments_int=\count814
\l__tikzsymbols_Purierstab_nr_arguments_int=\count815
\l__tikzsymbols_Dreizack_nr_arguments_int=\count816
\l__tikzsymbols_Backblech_nr_arguments_int=\count817
\l__tikzsymbols_Ofen_nr_arguments_int=\count818
\l__tikzsymbols_Pfanne_nr_arguments_int=\count819
\l__tikzsymbols_Herd_nr_arguments_int=\count820
\l__tikzsymbols_Saftpresse_nr_arguments_int=\count821
\l__tikzsymbols_Schussel_nr_arguments_int=\count822
\l__tikzsymbols_Schaler_nr_arguments_int=\count823
\l__tikzsymbols_Reibe_nr_arguments_int=\count824
\l__tikzsymbols_Flasche_nr_arguments_int=\count825
\l__tikzsymbols_Nudelholz_nr_arguments_int=\count826
\l__tikzsymbols_Knoblauchpresse_nr_arguments_int=\count827
\l__tikzsymbols_Sadey_nr_arguments_int=\count828
\l__tikzsymbols_dSadey_nr_arguments_int=\count829
\l__tikzsymbols_Changey_nr_arguments_int=\count830
\l__tikzsymbols_dChangey_nr_arguments_int=\count831
\l__tikzsymbols_cChangey_nr_arguments_int=\count832
\l__tikzsymbols_dcChangey_nr_arguments_int=\count833
\l__tikzsymbols_Annoey_nr_arguments_int=\count834
\l__tikzsymbols_dAnnoey_nr_arguments_int=\count835
\l__tikzsymbols_Smiley_nr_arguments_int=\count836
\l__tikzsymbols_dSmiley_nr_arguments_int=\count837
\l__tikzsymbols_Laughey_nr_arguments_int=\count838
\l__tikzsymbols_dLaughey_nr_arguments_int=\count839
\l__tikzsymbols_Neutrey_nr_arguments_int=\count840
\l__tikzsymbols_dNeutrey_nr_arguments_int=\count841
\l__tikzsymbols_Winkey_nr_arguments_int=\count842
\l__tikzsymbols_oldWinkey_nr_arguments_int=\count843
\l__tikzsymbols_dWinkey_nr_arguments_int=\count844
\l__tikzsymbols_olddWinkey_nr_arguments_int=\count845
\l__tikzsymbols_Sey_nr_arguments_int=\count846
\l__tikzsymbols_dSey_nr_arguments_int=\count847
\l__tikzsymbols_Xey_nr_arguments_int=\count848
\l__tikzsymbols_dXey_nr_arguments_int=\count849
\l__tikzsymbols_Innocey_nr_arguments_int=\count850
\l__tikzsymbols_wInnocey_nr_arguments_int=\count851
\l__tikzsymbols_dInnocey_nr_arguments_int=\count852
\l__tikzsymbols_Cooley_nr_arguments_int=\count853
\l__tikzsymbols_dCooley_nr_arguments_int=\count854
\l__tikzsymbols_Tongey_nr_arguments_int=\count855
\l__tikzsymbols_dTongey_nr_arguments_int=\count856
\l__tikzsymbols_Nursey_nr_arguments_int=\count857
\l__tikzsymbols_dNursey_nr_arguments_int=\count858
\l__tikzsymbols_Vomey_nr_arguments_int=\count859
\l__tikzsymbols_dVomey_nr_arguments_int=\count860
\l__tikzsymbols_Walley_nr_arguments_int=\count861
\l__tikzsymbols_rWalley_nr_arguments_int=\count862
\l__tikzsymbols_dWalley_nr_arguments_int=\count863
\l__tikzsymbols_drWalley_nr_arguments_int=\count864
\l__tikzsymbols_Cat_nr_arguments_int=\count865
\l__tikzsymbols_SchrodingersCat_nr_arguments_int=\count866
\l__tikzsymbols_Ninja_nr_arguments_int=\count867
\l__tikzsymbols_dNinja_nr_arguments_int=\count868
\l__tikzsymbols_Sleepey_nr_arguments_int=\count869
\l__tikzsymbols_dSleepey_nr_arguments_int=\count870
\l__tikzsymbols_Maskey_nr_arguments_int=\count871
\l__tikzsymbols_NiceReapey_nr_arguments_int=\count872
\l__tikzsymbols_Strichmaxerl_nr_arguments_int=\count873
\l__tikzsymbols_Person_nr_arguments_int=\count874
\l__tikzsymbols_Heart_nr_arguments_int=\count875
\l__tikzsymbols_dHeart_nr_arguments_int=\count876
\l__tikzsymbols_HeartBroken_nr_arguments_int=\count877
\l__tikzsymbols_Candle_nr_arguments_int=\count878
\l__tikzsymbols_Fire_nr_arguments_int=\count879
\l__tikzsymbols_Coffeecup_nr_arguments_int=\count880
\l__tikzsymbols_Chair_nr_arguments_int=\count881
\l__tikzsymbols_Bed_nr_arguments_int=\count882
\l__tikzsymbols_Tribar_nr_arguments_int=\count883
\l__tikzsymbols_Moai_nr_arguments_int=\count884
\l__tikzsymbols_Snowman_nr_arguments_int=\count885
\l__tikzsymbols_BasicTree_nr_arguments_int=\count886
\l__tikzsymbols_WorstTree_nr_arguments_int=\count887
\l__tikzsymbols_Springtree_nr_arguments_int=\count888
\l__tikzsymbols_Summertree_nr_arguments_int=\count889
\l__tikzsymbols_Autumntree_nr_arguments_int=\count890
\l__tikzsymbols_Wintertree_nr_arguments_int=\count891
) (C:/Users/leoth/AppData/Local/Programs/MiKTeX/tex/latex/ccicons/ccicons.sty
Package: ccicons 2017/10/30 v1.6 LaTeX support for Creative Commons icons
)
(C:/Users/leoth/AppData/Local/Programs/MiKTeX/tex/latex/circledsteps/circledste
ps.sty
Package: circledsteps 2023/08/11 v1.3.3 Circled steps that you can reference

(C:/Users/leoth/AppData/Local/Programs/MiKTeX/tex/latex/pict2e/pict2e.sty
Package: pict2e 2020/09/30 v0.4b Improved picture commands (HjG,RN,JT)

(C:/Users/leoth/AppData/Local/Programs/MiKTeX/tex/latex/pict2e/pict2e.cfg
File: pict2e.cfg 2016/02/05 v0.1u pict2e configuration for teTeX/TeXLive
)
Package pict2e Info: Driver file: luatex.def on input line 112.
Package pict2e Info: Driver file for pict2e: p2e-luatex.def on input line 114.

(C:/Users/leoth/AppData/Local/Programs/MiKTeX/tex/latex/pict2e/p2e-luatex.def
File: p2e-luatex.def 2016/02/05 v0.1u Driver-dependant file (RN,HjG,JT)
)
\pIIe@GRAPH=\toks209
\@arclen=\dimen532
\@arcrad=\dimen533
\pIIe@tempdima=\dimen534
\pIIe@tempdimb=\dimen535
\pIIe@tempdimc=\dimen536
\pIIe@tempdimd=\dimen537
\pIIe@tempdime=\dimen538
\pIIe@tempdimf=\dimen539
) (C:/Users/leoth/AppData/Local/Programs/MiKTeX/tex/latex/picture/picture.sty
Package: picture 2020-04-22 v1.6 Dimens for picture macros (HO)
Package picture Info: Calculation method: calc.
)
\csteps@CBox=\box193
\csteps@XLength=\skip171
\csteps@YLength=\skip172
\csteps@YDepth=\skip173
\csteps@tmplen=\skip174
\c@cstepcnt=\count892
)
\c@compteurexercice=\count893
\c@compteurinterro=\count894
\c@compteurflash=\count895
\c@compteurDM=\count896
\c@compteurDS=\count897
\c@compteurTD=\count898
\c@compteursurligne=\count899
luaotfload | cache : Lookup cache loaded from C:/Users/leoth/AppData/Local/MiKTe
X/luatex-cache/generic/names/luaotfload-lookup-cache.luc.

Package fontspec Info: 
(fontspec)             Font family 'FreeSans(0)' created for font 'FreeSans'
(fontspec)             with options [].
(fontspec)              
(fontspec)              This font family consists of the following NFSS
(fontspec)             series/shapes:
(fontspec)              
(fontspec)             - 'normal' (m/n) with NFSS spec.:
(fontspec)             <->"name:FreeSans:mode=node;script=latn;language=dflt;"
(fontspec)             - 'small caps'  (m/sc) with NFSS spec.:
(fontspec)             <->"name:FreeSans:mode=node;script=latn;language=dflt;+s
mcp;"
(fontspec)             - 'bold' (b/n) with NFSS spec.:
(fontspec)             <->"name:FreeSans/B:mode=node;script=latn;language=dflt;
"
(fontspec)             - 'bold small caps'  (b/sc) with NFSS spec.:
(fontspec)             <->"name:FreeSans/B:mode=node;script=latn;language=dflt;
+smcp;"
(fontspec)             - 'italic' (m/it) with NFSS spec.:
(fontspec)             <->"name:FreeSans/I:mode=node;script=latn;language=dflt;
"
(fontspec)             - 'bold italic' (b/it) with NFSS spec.:
(fontspec)             <->"name:FreeSans/BI:mode=node;script=latn;language=dflt
;"

)
(C:/Users/leoth/cloud.flcorp.fr/ProjetsGithub/FLCorpTeX3RClasseStyle/tex/lualat
ex/tex3R/style-tex3R.sty
Package: style-tex3R 
)
Class scrartcl Info: File `scrsize12pt.clo' used to setup font sizes on input l
ine 1.

(C:/Users/leoth/AppData/Local/Programs/MiKTeX/tex/latex/koma-script/scrsize12pt
.clo
File: scrsize12pt.clo 2026/02/02 v3.49.2 KOMA-Script font size class option (12
pt)
)

Package fontspec Info: 
(fontspec)             Font family 'Calibri(0)' created for font 'Calibri'
(fontspec)             with options [Ligatures=TeX].
(fontspec)              
(fontspec)              This font family consists of the following NFSS
(fontspec)             series/shapes:
(fontspec)              
(fontspec)             - 'normal' (m/n) with NFSS spec.:
(fontspec)             <->"name:Calibri:mode=node;script=latn;language=dflt;+tl
ig;"
(fontspec)             - 'small caps'  (m/sc) with NFSS spec.:
(fontspec)             <->"name:Calibri:mode=node;script=latn;language=dflt;+tl
ig;+smcp;"
(fontspec)             - 'bold' (b/n) with NFSS spec.:
(fontspec)             <->"name:Calibri/B:mode=node;script=latn;language=dflt;+
tlig;"
(fontspec)             - 'bold small caps'  (b/sc) with NFSS spec.:
(fontspec)             <->"name:Calibri/B:mode=node;script=latn;language=dflt;+
tlig;+smcp;"
(fontspec)             - 'italic' (m/it) with NFSS spec.:
(fontspec)             <->"name:Calibri/I:mode=node;script=latn;language=dflt;+
tlig;"
(fontspec)             - 'italic small caps'  (m/scit) with NFSS spec.:
(fontspec)             <->"name:Calibri/I:mode=node;script=latn;language=dflt;+
tlig;+smcp;"
(fontspec)             - 'bold italic' (b/it) with NFSS spec.:
(fontspec)             <->"name:Calibri/BI:mode=node;script=latn;language=dflt;
+tlig;"
(fontspec)             - 'bold italic small caps'  (b/scit) with NFSS spec.:
(fontspec)             <->"name:Calibri/BI:mode=node;script=latn;language=dflt;
+tlig;+smcp;"


Package fontspec Info: 
(fontspec)             Font family 'Calibri(1)' created for font 'Calibri'
(fontspec)             with options [Renderer=Basic].
(fontspec)              
(fontspec)              This font family consists of the following NFSS
(fontspec)             series/shapes:
(fontspec)              
(fontspec)             - 'normal' (m/n) with NFSS spec.:
(fontspec)             <->"name:Calibri:mode=base;script=latn;language=dflt;"
(fontspec)             - 'small caps'  (m/sc) with NFSS spec.:
(fontspec)             <->"name:Calibri:mode=base;script=latn;language=dflt;+sm
cp;"
(fontspec)             - 'bold' (b/n) with NFSS spec.:
(fontspec)             <->"name:Calibri/B:mode=base;script=latn;language=dflt;"

(fontspec)             - 'bold small caps'  (b/sc) with NFSS spec.:
(fontspec)             <->"name:Calibri/B:mode=base;script=latn;language=dflt;+
smcp;"
(fontspec)             - 'italic' (m/it) with NFSS spec.:
(fontspec)             <->"name:Calibri/I:mode=base;script=latn;language=dflt;"

(fontspec)             - 'italic small caps'  (m/scit) with NFSS spec.:
(fontspec)             <->"name:Calibri/I:mode=base;script=latn;language=dflt;+
smcp;"
(fontspec)             - 'bold italic' (b/it) with NFSS spec.:
(fontspec)             <->"name:Calibri/BI:mode=base;script=latn;language=dflt;
"
(fontspec)             - 'bold italic small caps'  (b/scit) with NFSS spec.:
(fontspec)             <->"name:Calibri/BI:mode=base;script=latn;language=dflt;
+smcp;"

LaTeX Font Info:    Overwriting math alphabet `\mathrm' in version `normal'
(Font)                  OT1/cmr/m/n --> TU/Calibri(1)/m/n on input line 4.
LaTeX Font Info:    Overwriting math alphabet `\mathit' in version `normal'
(Font)                  OT1/cmr/m/it --> TU/Calibri(1)/m/it on input line 4.
LaTeX Font Info:    Overwriting math alphabet `\mathbf' in version `normal'
(Font)                  OT1/cmr/bx/n --> TU/Calibri(1)/b/n on input line 4.
luaotfload | db : Reload initiated (formats: otf,ttf,ttc); reason: Font "STIX Tw
o Math" not found.

LaTeX template Info: Declaring instance 'enumerate' of type tasks on line 8.


LaTeX template Info: Declaring instance 'itemize' of type tasks on line 8.

*geometry* verbose mode - [ newgeometry ] result:
* driver: 
* paper: <default>
* layout: <same size as paper>
* layoutoffset:(h,v)=(0.0pt,0.0pt)
* modes: includehead includefoot 
* h-part:(L,W,R)=(28.45274pt, 540.60245pt, 28.45274pt)
* v-part:(T,H,B)=(28.45274pt, 808.05829pt, 8.5359pt)
* \paperwidth=597.50793pt
* \paperheight=845.04694pt
* \textwidth=540.60245pt
* \textheight=788.14145pt
* \oddsidemargin=-43.81725pt
* \evensidemargin=-43.81725pt
* \topmargin=-43.81725pt
* \headheight=0.0pt
* \headsep=0.0pt
* \topskip=11.0pt
* \footskip=19.91684pt
* \marginparwidth=0.0pt
* \marginparsep=0.0pt
* \columnsep=10.0pt
* \skip\footins=10.8pt plus 4.0pt minus 2.0pt
* \hoffset=0.0pt
* \voffset=0.0pt
* \mag=1000
* \@twocolumnfalse
* \@twosidefalse
* \@mparswitchfalse
* \@reversemarginfalse
* (1in=72.27pt=25.4mm, 1cm=28.453pt)

*geometry* verbose mode - [ newgeometry ] result:
* driver: 
* paper: <default>
* layout: <same size as paper>
* layoutoffset:(h,v)=(0.0pt,0.0pt)
* modes: includehead includefoot 
* h-part:(L,W,R)=(28.45274pt, 540.60245pt, 28.45274pt)
* v-part:(T,H,B)=(28.45274pt, 808.05829pt, 8.5359pt)
* \paperwidth=597.50793pt
* \paperheight=845.04694pt
* \textwidth=540.60245pt
* \textheight=745.46234pt
* \oddsidemargin=-43.81725pt
* \evensidemargin=-43.81725pt
* \topmargin=-43.81725pt
* \headheight=28.45274pt
* \headsep=14.22636pt
* \topskip=11.0pt
* \footskip=19.91684pt
* \marginparwidth=0.0pt
* \marginparsep=0.0pt
* \columnsep=10.0pt
* \skip\footins=10.8pt plus 4.0pt minus 2.0pt
* \hoffset=0.0pt
* \voffset=0.0pt
* \mag=1000
* \@twocolumnfalse
* \@twosidefalse
* \@mparswitchfalse
* \@reversemarginfalse
* (1in=72.27pt=25.4mm, 1cm=28.453pt)

Package french.ldf Info: Setting StandardItemizeEnv=true for
(french.ldf)             compatibility with enumitem package,
(french.ldf)             reported on input line 155.
Package french.ldf Info: Setting StandardEnumerateEnv=true for
(french.ldf)             compatibility with enumitem package,
(french.ldf)             reported on input line 155.
 (./test.aux)
\openout1 = test.aux

LaTeX Font Info:    Checking defaults for OML/cmm/m/it on input line 155.
LaTeX Font Info:    ... okay on input line 155.
LaTeX Font Info:    Checking defaults for OMS/cmsy/m/n on input line 155.
LaTeX Font Info:    ... okay on input line 155.
LaTeX Font Info:    Checking defaults for OT1/cmr/m/n on input line 155.
LaTeX Font Info:    ... okay on input line 155.
LaTeX Font Info:    Checking defaults for T1/cmr/m/n on input line 155.
LaTeX Font Info:    ... okay on input line 155.
LaTeX Font Info:    Checking defaults for TS1/cmr/m/n on input line 155.
LaTeX Font Info:    ... okay on input line 155.
LaTeX Font Info:    Checking defaults for TU/lmr/m/n on input line 155.
LaTeX Font Info:    ... okay on input line 155.
LaTeX Font Info:    Checking defaults for OMX/cmex/m/n on input line 155.
LaTeX Font Info:    ... okay on input line 155.
LaTeX Font Info:    Checking defaults for U/cmr/m/n on input line 155.
LaTeX Font Info:    ... okay on input line 155.
LaTeX Font Info:    Checking defaults for PD1/pdf/m/n on input line 155.
LaTeX Font Info:    ... okay on input line 155.
LaTeX Font Info:    Checking defaults for PU/pdf/m/n on input line 155.
LaTeX Font Info:    ... okay on input line 155.

*geometry* driver: auto-detecting
*geometry* detected driver: luatex
*geometry* verbose mode - [ preamble ] result:
* driver: luatex
* paper: custom
* layout: <same size as paper>
* layoutoffset:(h,v)=(0.0pt,0.0pt)
* modes: includehead includefoot 
* h-part:(L,W,R)=(28.45274pt, 540.60239pt, 28.45274pt)
* v-part:(T,H,B)=(28.45274pt, 808.0581pt, 8.5359pt)
* \paperwidth=597.50787pt
* \paperheight=845.04675pt
* \textwidth=540.60239pt
* \textheight=745.46216pt
* \oddsidemargin=-43.81725pt
* \evensidemargin=-43.81725pt
* \topmargin=-43.81725pt
* \headheight=28.45274pt
* \headsep=14.22636pt
* \topskip=11.0pt
* \footskip=19.91684pt
* \marginparwidth=0.0pt
* \marginparsep=0.0pt
* \columnsep=10.0pt
* \skip\footins=10.8pt plus 4.0pt minus 2.0pt
* \hoffset=0.0pt
* \voffset=0.0pt
* \mag=1000
* \@twocolumnfalse
* \@twosidefalse
* \@mparswitchfalse
* \@reversemarginfalse
* (1in=72.27pt=25.4mm, 1cm=28.453pt)


(C:/Users/leoth/AppData/Local/Programs/MiKTeX/tex/context/base/mkii/supp-pdf.mk
ii
[Loading MPS to PDF converter (version 2006.09.02).]
\scratchcounter=\count900
\scratchdimen=\dimen540
\scratchbox=\box194
\nofMPsegments=\count901
\nofMParguments=\count902
\everyMPshowfont=\toks210
\MPscratchCnt=\count903
\MPscratchDim=\dimen541
\MPnumerator=\count904
\makeMPintoPDFobject=\count905
\everyMPtoPDFconversion=\toks211
)
(C:/Users/leoth/AppData/Local/Programs/MiKTeX/tex/latex/epstopdf-pkg/epstopdf-b
ase.sty
Package: epstopdf-base 2020-01-24 v2.11 Base part for package epstopdf
Package epstopdf-base Info: Redefining graphics rule for `.eps' on input line 4
85.

(C:/Users/leoth/AppData/Local/Programs/MiKTeX/tex/latex/00miktex/epstopdf-sys.c
fg
File: epstopdf-sys.cfg 2021/03/18 v2.0 Configuration of epstopdf for MiKTeX
))
(C:/Users/leoth/AppData/Local/Programs/MiKTeX/tex/latex/translations/dicts/tran
slations-basic-dictionary-french.trsl
File: translations-basic-dictionary-french.trsl (french translation file `trans
lations-basic-dictionary')
)
Package translations Info: loading dictionary `translations-basic-dictionary' f
or `french'. on input line 155.
Package hyperref Info: Link coloring OFF on input line 155.
\c@lstlisting=\count906
Package tocbasic Info: setting babel extension for `lol' on input line 155.
\scr@dte@lstlisting@maxnumwidth=\skip175
\c__nicematrix_shift_Ldots_last_row_dim=\dimen542
\c__nicematrix_innersep_middle_dim=\dimen543
\c@tabularnotesi=\count907
\enitdp@tabularnotes=\count908
\c@tabularnotes*i=\count909
\enitdp@tabularnotes*=\count910
LaTeX Font Info:    Overwriting math alphabet `\mathsf' in version `normal'
(Font)                  OT1/cmss/m/n --> TU/lmss/m/n on input line 155.
LaTeX Font Info:    Overwriting math alphabet `\mathsf' in version `bold'
(Font)                  OT1/cmss/bx/n --> TU/lmss/b/n on input line 155.
LaTeX Font Info:    Overwriting math alphabet `\mathtt' in version `normal'
(Font)                  OT1/cmtt/m/n --> TU/lmtt/m/n on input line 155.
LaTeX Font Info:    Overwriting math alphabet `\mathtt' in version `bold'
(Font)                  OT1/cmtt/m/n --> TU/lmtt/b/n on input line 155.

Package fontspec Info: 
(fontspec)             Font family 'latinmodern-math.otf(0)' created for font
(fontspec)             'latinmodern-math.otf' with options
(fontspec)             [Renderer=Basic,BoldItalicFont={},ItalicFont={},SmallCap
sFont={},Script=Math,RawFeature={mathfontdimen=xetex},BoldFont={latinmodern-mat
h.otf}].
(fontspec)              
(fontspec)              This font family consists of the following NFSS
(fontspec)             series/shapes:
(fontspec)              
(fontspec)             - 'normal' (m/n) with NFSS spec.:
(fontspec)             <->"[latinmodern-math.otf]:mode=base;script=math;languag
e=dflt;mathfontdimen=xetex;"
(fontspec)             - 'bold' (b/n) with NFSS spec.:
(fontspec)             <->"[latinmodern-math.otf]:mode=base;script=math;languag
e=dflt;mathfontdimen=xetex;"


Package fontspec Info: 
(fontspec)             Font family 'latinmodern-math.otf(1)' created for font
(fontspec)             'latinmodern-math.otf' with options
(fontspec)             [Renderer=Basic,BoldItalicFont={},ItalicFont={},SmallCap
sFont={},Script=Math,SizeFeatures={{Size=10.2-},{Size=7.2-10.2,Font=latinmodern
-math.otf,Style=MathScript},{Size=-7.2,Font=latinmodern-math.otf,Style=MathScri
ptScript}},RawFeature={mathfontdimen=xetex},BoldFont={latinmodern-math.otf}].
(fontspec)              
(fontspec)              This font family consists of the following NFSS
(fontspec)             series/shapes:
(fontspec)              
(fontspec)             - 'normal' (m/n) with NFSS spec.:
(fontspec)             <10.2->"[latinmodern-math.otf]:mode=base;script=math;lan
guage=dflt;mathfontdimen=xetex;"<7.2-10.2>"[latinmodern-math.otf]:mode=base;scr
ipt=math;language=dflt;mathfontdimen=xetex;+ssty=0;"<-7.2>"[latinmodern-math.ot
f]:mode=base;script=math;language=dflt;mathfontdimen=xetex;+ssty=1;"
(fontspec)             - 'bold' (b/n) with NFSS spec.:
(fontspec)             <->"[latinmodern-math.otf]:mode=base;script=math;languag
e=dflt;mathfontdimen=xetex;"

LaTeX Font Info:    Encoding `OT1' has changed to `TU' for symbol font
(Font)              `operators' in the math version `normal' on input line 155.

LaTeX Font Info:    Overwriting symbol font `operators' in version `normal'
(Font)                  OT1/cmr/m/n --> TU/latinmodern-math.otf(1)/m/n on input
 line 155.
LaTeX Font Info:    Encoding `OT1' has changed to `TU' for symbol font
(Font)              `operators' in the math version `bold' on input line 155.
LaTeX Font Info:    Overwriting symbol font `operators' in version `bold'
(Font)                  OT1/cmr/bx/n --> TU/latinmodern-math.otf(1)/b/n on inpu
t line 155.

Package fontspec Info: 
(fontspec)             Font family 'latinmodern-math.otf(2)' created for font
(fontspec)             'latinmodern-math.otf' with options
(fontspec)             [Renderer=Basic,BoldItalicFont={},ItalicFont={},SmallCap
sFont={},Script=Math,SizeFeatures={{Size=10.2-},{Size=7.2-10.2,Font=latinmodern
-math.otf,Style=MathScript},{Size=-7.2,Font=latinmodern-math.otf,Style=MathScri
ptScript}},RawFeature={mathfontdimen=xetex},BoldFont={latinmodern-math.otf},Raw
Feature={mathfontdimen=tex2}].
(fontspec)              
(fontspec)              This font family consists of the following NFSS
(fontspec)             series/shapes:
(fontspec)              
(fontspec)             - 'normal' (m/n) with NFSS spec.:
(fontspec)             <10.2->"[latinmodern-math.otf]:mode=base;script=math;lan
guage=dflt;mathfontdimen=xetex;mathfontdimen=tex2;"<7.2-10.2>"[latinmodern-math
.otf]:mode=base;script=math;language=dflt;mathfontdimen=xetex;mathfontdimen=tex
2;+ssty=0;"<-7.2>"[latinmodern-math.otf]:mode=base;script=math;language=dflt;ma
thfontdimen=xetex;mathfontdimen=tex2;+ssty=1;"
(fontspec)             - 'bold' (b/n) with NFSS spec.:
(fontspec)             <->"[latinmodern-math.otf]:mode=base;script=math;languag
e=dflt;mathfontdimen=xetex;mathfontdimen=tex2;"

LaTeX Font Info:    Encoding `OMS' has changed to `TU' for symbol font
(Font)              `symbols' in the math version `normal' on input line 155.
LaTeX Font Info:    Overwriting symbol font `symbols' in version `normal'
(Font)                  OMS/cmsy/m/n --> TU/latinmodern-math.otf(2)/m/n on inpu
t line 155.
LaTeX Font Info:    Encoding `OMS' has changed to `TU' for symbol font
(Font)              `symbols' in the math version `bold' on input line 155.
LaTeX Font Info:    Overwriting symbol font `symbols' in version `bold'
(Font)                  OMS/cmsy/b/n --> TU/latinmodern-math.otf(2)/b/n on inpu
t line 155.

Package fontspec Info: 
(fontspec)             Font family 'latinmodern-math.otf(3)' created for font
(fontspec)             'latinmodern-math.otf' with options
(fontspec)             [Renderer=Basic,BoldItalicFont={},ItalicFont={},SmallCap
sFont={},Script=Math,SizeFeatures={{Size=10.2-},{Size=7.2-10.2,Font=latinmodern
-math.otf,Style=MathScript},{Size=-7.2,Font=latinmodern-math.otf,Style=MathScri
ptScript}},RawFeature={mathfontdimen=xetex},BoldFont={latinmodern-math.otf},Raw
Feature={mathfontdimen=tex3}].
(fontspec)              
(fontspec)              This font family consists of the following NFSS
(fontspec)             series/shapes:
(fontspec)              
(fontspec)             - 'normal' (m/n) with NFSS spec.:
(fontspec)             <10.2->"[latinmodern-math.otf]:mode=base;script=math;lan
guage=dflt;mathfontdimen=xetex;mathfontdimen=tex3;"<7.2-10.2>"[latinmodern-math
.otf]:mode=base;script=math;language=dflt;mathfontdimen=xetex;mathfontdimen=tex
3;+ssty=0;"<-7.2>"[latinmodern-math.otf]:mode=base;script=math;language=dflt;ma
thfontdimen=xetex;mathfontdimen=tex3;+ssty=1;"
(fontspec)             - 'bold' (b/n) with NFSS spec.:
(fontspec)             <->"[latinmodern-math.otf]:mode=base;script=math;languag
e=dflt;mathfontdimen=xetex;mathfontdimen=tex3;"

LaTeX Font Info:    Encoding `OMX' has changed to `TU' for symbol font
(Font)              `largesymbols' in the math version `normal' on input line 1
55.
LaTeX Font Info:    Overwriting symbol font `largesymbols' in version `normal'
(Font)                  OMX/cmex/m/n --> TU/latinmodern-math.otf(3)/m/n on inpu
t line 155.
LaTeX Font Info:    Encoding `OMX' has changed to `TU' for symbol font
(Font)              `largesymbols' in the math version `bold' on input line 155
.
LaTeX Font Info:    Overwriting symbol font `largesymbols' in version `bold'
(Font)                  OMX/cmex/m/n --> TU/latinmodern-math.otf(3)/b/n on inpu
t line 155.
LaTeX Font Info:    Trying to load font information for U+msa on input line 155
.

(C:/Users/leoth/AppData/Local/Programs/MiKTeX/tex/latex/amsfonts/umsa.fd
File: umsa.fd 2013/01/14 v3.01 AMS symbols A
)
LaTeX Font Info:    Trying to load font information for U+msb on input line 155
.

(C:/Users/leoth/AppData/Local/Programs/MiKTeX/tex/latex/amsfonts/umsb.fd
File: umsb.fd 2013/01/14 v3.01 AMS symbols B
)
LaTeX Font Info:    Trying to load font information for U+rsfs on input line 15
5.

(C:/Users/leoth/AppData/Local/Programs/MiKTeX/tex/latex/jknappen/ursfs.fd
File: ursfs.fd 1998/03/24 rsfs font definition file (jk)
)
luaotfload | resolve : sequence of 3 lookups yielded nothing appropriate.
luaotfload | resolve : sequence of 3 lookups yielded nothing appropriate.
luaotfload | resolve : sequence of 3 lookups yielded nothing appropriate.
luaotfload | resolve : sequence of 3 lookups yielded nothing appropriate.
luaotfload | resolve : sequence of 3 lookups yielded nothing appropriate.
luaotfload | resolve : sequence of 3 lookups yielded nothing appropriate.
luaotfload | resolve : sequence of 3 lookups yielded nothing appropriate.
Package pgfplots notification 'compat/show suggested version=true': you might b
enefit from \pgfplotsset{compat=1.18} (current compat level: 1.13).

\g__cctab_next_cctab=\catcodetable22
Class scrartcl Info: File `scrsize12pt.clo' used to setup font sizes on input l
ine 1.

(C:/Users/leoth/AppData/Local/Programs/MiKTeX/tex/latex/koma-script/scrsize12pt
.clo
File: scrsize12pt.clo 2026/02/02 v3.49.2 KOMA-Script font size class option (12
pt)
)
*geometry* verbose mode - [ newgeometry ] result:
* driver: luatex
* paper: custom
* layout: <same size as paper>
* layoutoffset:(h,v)=(0.0pt,0.0pt)
* modes: includehead includefoot 
* h-part:(L,W,R)=(28.45274pt, 540.60239pt, 28.45274pt)
* v-part:(T,H,B)=(28.45274pt, 808.0581pt, 8.5359pt)
* \paperwidth=597.50787pt
* \paperheight=845.04675pt
* \textwidth=540.60239pt
* \textheight=788.14127pt
* \oddsidemargin=-43.81725pt
* \evensidemargin=-43.81725pt
* \topmargin=-43.81725pt
* \headheight=0.0pt
* \headsep=0.0pt
* \topskip=11.0pt
* \footskip=19.91684pt
* \marginparwidth=0.0pt
* \marginparsep=0.0pt
* \columnsep=10.0pt
* \skip\footins=10.8pt plus 4.0pt minus 2.0pt
* \hoffset=0.0pt
* \voffset=0.0pt
* \mag=1000
* \@twocolumnfalse
* \@twosidefalse
* \@mparswitchfalse
* \@reversemarginfalse
* (1in=72.27pt=25.4mm, 1cm=28.453pt)

*geometry* verbose mode - [ newgeometry ] result:
* driver: luatex
* paper: custom
* layout: <same size as paper>
* layoutoffset:(h,v)=(0.0pt,0.0pt)
* modes: includehead includefoot 
* h-part:(L,W,R)=(28.45274pt, 540.60239pt, 28.45274pt)
* v-part:(T,H,B)=(28.45274pt, 808.0581pt, 8.5359pt)
* \paperwidth=597.50787pt
* \paperheight=845.04675pt
* \textwidth=540.60239pt
* \textheight=745.46216pt
* \oddsidemargin=-43.81725pt
* \evensidemargin=-43.81725pt
* \topmargin=-43.81725pt
* \headheight=28.45274pt
* \headsep=14.22636pt
* \topskip=11.0pt
* \footskip=19.91684pt
* \marginparwidth=0.0pt
* \marginparsep=0.0pt
* \columnsep=10.0pt
* \skip\footins=10.8pt plus 4.0pt minus 2.0pt
* \hoffset=0.0pt
* \voffset=0.0pt
* \mag=1000
* \@twocolumnfalse
* \@twosidefalse
* \@mparswitchfalse
* \@reversemarginfalse
* (1in=72.27pt=25.4mm, 1cm=28.453pt)

LaTeX Font Info:    Font shape `TU/Calibri(0)/m/sl' in size <12> not available
(Font)              Font shape `TU/Calibri(0)/m/it' tried instead on input line
 203.
 [1








{C:/Users/leoth/AppData/Local/MiKTeX/fonts/map/pdftex/pdftex.map}]
(./test.aux)
 ***********
LaTeX2e <2025-11-01>
L3 programming layer <2026-01-19>
 ***********
)

Here is how much of LuaTeX's memory you used:
 107346 strings out of 476076
 100000,5906145 words of node,token memory allocated
 1683 words of node memory still in use:
   24 hlist, 2 vlist, 11 rule, 2 glue, 4 kern, 1 penalty, 3 glyph, 290 attribute
, 82 glue_spec, 59 attribute_list, 2 write, 16 pdf_literal, 16 pdf_colorstack no
des
   avail lists: 1:2,2:15584,3:3428,4:768,5:113,6:81,7:4180,8:1,9:1272,10:12,11:1
3
 126497 multiletter control sequences out of 65536+600000
 81 fonts using 42144247 bytes
 126i,19n,115p,11340b,1114s stack positions out of 10000i,1000n,20000p,200000b,200000s
<C:/WINDOWS/Fonts/calibri.ttf>
Output written on test.pdf (1 page, 47153 bytes).

PDF statistics: 50 PDF objects out of 1000 (max. 8388607)
 3 named destinations out of 1000 (max. 1048576)
 184 words of extra memory for PDF output out of 10000 (max. 100000000)

